Archive member included because of file (symbol)

c:/altera/13.0sp1/nios2eds/bin/gnu/h-i686-mingw32/bin/../lib/gcc/nios2-elf/4.1.2/../../../../nios2-elf/lib\libc.a(lib_a-memcpy.o)
                              obj/default/hello_world.o (memcpy)
../SD_bsp/\libhal_bsp.a(alt_load.o)
                              ../SD_bsp//obj/HAL/src/crt0.o (alt_load)
../SD_bsp/\libhal_bsp.a(alt_main.o)
                              ../SD_bsp//obj/HAL/src/crt0.o (alt_main)
../SD_bsp/\libhal_bsp.a(alt_printf.o)
                              obj/default/hello_world.o (alt_printf)
../SD_bsp/\libhal_bsp.a(alt_putchar.o)
                              ../SD_bsp/\libhal_bsp.a(alt_printf.o) (alt_putchar)
../SD_bsp/\libhal_bsp.a(alt_sys_init.o)
                              ../SD_bsp/\libhal_bsp.a(alt_main.o) (alt_irq_init)
../SD_bsp/\libhal_bsp.a(altera_avalon_jtag_uart_fd.o)
                              ../SD_bsp/\libhal_bsp.a(alt_sys_init.o) (altera_avalon_jtag_uart_read_fd)
../SD_bsp/\libhal_bsp.a(altera_avalon_jtag_uart_init.o)
                              ../SD_bsp/\libhal_bsp.a(alt_sys_init.o) (altera_avalon_jtag_uart_init)
../SD_bsp/\libhal_bsp.a(altera_avalon_jtag_uart_ioctl.o)
                              ../SD_bsp/\libhal_bsp.a(altera_avalon_jtag_uart_fd.o) (altera_avalon_jtag_uart_ioctl)
../SD_bsp/\libhal_bsp.a(altera_avalon_jtag_uart_read.o)
                              ../SD_bsp/\libhal_bsp.a(altera_avalon_jtag_uart_fd.o) (altera_avalon_jtag_uart_read)
../SD_bsp/\libhal_bsp.a(altera_avalon_jtag_uart_write.o)
                              ../SD_bsp/\libhal_bsp.a(altera_avalon_jtag_uart_fd.o) (altera_avalon_jtag_uart_write)
../SD_bsp/\libhal_bsp.a(altera_up_avalon_ps2.o)
                              ../SD_bsp/\libhal_bsp.a(alt_sys_init.o) (alt_up_ps2_init)
../SD_bsp/\libhal_bsp.a(altera_up_avalon_video_character_buffer_with_dma.o)
                              ../SD_bsp/\libhal_bsp.a(alt_sys_init.o) (alt_up_char_buffer_init)
../SD_bsp/\libhal_bsp.a(altera_up_avalon_video_pixel_buffer_dma.o)
                              obj/default/hello_world.o (alt_up_pixel_buffer_dma_open_dev)
../SD_bsp/\libhal_bsp.a(alt_alarm_start.o)
                              ../SD_bsp/\libhal_bsp.a(altera_avalon_jtag_uart_init.o) (alt_alarm_start)
../SD_bsp/\libhal_bsp.a(alt_close.o)
                              ../SD_bsp/\libhal_bsp.a(alt_main.o) (close)
../SD_bsp/\libhal_bsp.a(alt_dcache_flush_all.o)
                              ../SD_bsp/\libhal_bsp.a(alt_load.o) (alt_dcache_flush_all)
../SD_bsp/\libhal_bsp.a(alt_dev.o)
                              ../SD_bsp/\libhal_bsp.a(alt_sys_init.o) (alt_dev_list)
../SD_bsp/\libhal_bsp.a(alt_dev_llist_insert.o)
                              ../SD_bsp/\libhal_bsp.a(alt_sys_init.o) (alt_dev_llist_insert)
../SD_bsp/\libhal_bsp.a(alt_do_ctors.o)
                              ../SD_bsp/\libhal_bsp.a(alt_main.o) (_do_ctors)
../SD_bsp/\libhal_bsp.a(alt_do_dtors.o)
                              ../SD_bsp/\libhal_bsp.a(alt_main.o) (_do_dtors)
../SD_bsp/\libhal_bsp.a(alt_errno.o)
                              ../SD_bsp/\libhal_bsp.a(alt_close.o) (alt_errno)
../SD_bsp/\libhal_bsp.a(alt_find_dev.o)
                              ../SD_bsp/\libhal_bsp.a(altera_up_avalon_ps2.o) (alt_find_dev)
../SD_bsp/\libhal_bsp.a(alt_icache_flush_all.o)
                              ../SD_bsp/\libhal_bsp.a(alt_load.o) (alt_icache_flush_all)
../SD_bsp/\libhal_bsp.a(alt_io_redirect.o)
                              ../SD_bsp/\libhal_bsp.a(alt_main.o) (alt_io_redirect)
../SD_bsp/\libhal_bsp.a(alt_irq_register.o)
                              ../SD_bsp/\libhal_bsp.a(altera_avalon_jtag_uart_init.o) (alt_irq_register)
../SD_bsp/\libhal_bsp.a(alt_irq_vars.o)
                              ../SD_bsp/\libhal_bsp.a(alt_irq_register.o) (alt_irq_active)
../SD_bsp/\libhal_bsp.a(alt_open.o)
                              ../SD_bsp/\libhal_bsp.a(alt_io_redirect.o) (open)
../SD_bsp/\libhal_bsp.a(alt_release_fd.o)
                              ../SD_bsp/\libhal_bsp.a(alt_close.o) (alt_release_fd)
../SD_bsp/\libhal_bsp.a(alt_tick.o)
                              ../SD_bsp/\libhal_bsp.a(altera_avalon_jtag_uart_init.o) (_alt_tick_rate)
../SD_bsp/\libhal_bsp.a(altera_nios2_qsys_irq.o)
                              ../SD_bsp/\libhal_bsp.a(alt_sys_init.o) (altera_nios2_qsys_irq_init)
../SD_bsp/\libhal_bsp.a(alt_find_file.o)
                              ../SD_bsp/\libhal_bsp.a(alt_open.o) (alt_find_file)
../SD_bsp/\libhal_bsp.a(alt_get_fd.o)
                              ../SD_bsp/\libhal_bsp.a(alt_open.o) (alt_get_fd)
../SD_bsp/\libhal_bsp.a(alt_icache_flush.o)
                              ../SD_bsp/\libhal_bsp.a(alt_icache_flush_all.o) (alt_icache_flush)
../SD_bsp/\libhal_bsp.a(alt_irq_entry.o)
                              ../SD_bsp/\libhal_bsp.a(alt_irq_register.o) (alt_irq_entry)
../SD_bsp/\libhal_bsp.a(alt_irq_handler.o)
[...]
Memory Configuration

Name             Origin             Length             Attributes
reset            0x00280000         0x00000020
onchip_mem       0x00280020         0x0004afe0
*default*        0x00000000         0xffffffff

Linker script and memory map

LOAD ../SD_bsp//obj/HAL/src/crt0.o
LOAD obj/default/hello_world.o
LOAD c:/altera/13.0sp1/nios2eds/bin/gnu/h-i686-mingw32/bin/../lib/gcc/nios2-elf/4.1.2/../../../../nios2-elf/lib\libstdc++.a
LOAD c:/altera/13.0sp1/nios2eds/bin/gnu/h-i686-mingw32/bin/../lib/gcc/nios2-elf/4.1.2/../../../../nios2-elf/lib\libm.a
LOAD c:/altera/13.0sp1/nios2eds/bin/gnu/h-i686-mingw32/bin/../lib/gcc/nios2-elf/4.1.2\libgcc.a
START GROUP
LOAD c:/altera/13.0sp1/nios2eds/bin/gnu/h-i686-mingw32/bin/../lib/gcc/nios2-elf/4.1.2/../../../../nios2-elf/lib\libc.a
LOAD c:/altera/13.0sp1/nios2eds/bin/gnu/h-i686-mingw32/bin/../lib/gcc/nios2-elf/4.1.2\libgcc.a
LOAD ../SD_bsp/\libhal_bsp.a
END GROUP
LOAD c:/altera/13.0sp1/nios2eds/bin/gnu/h-i686-mingw32/bin/../lib/gcc/nios2-elf/4.1.2\libgcc.a
                0x00280000                __alt_mem_onchip_mem = 0x280000

.entry          0x00280000       0x20
 *(.entry)
 .entry         0x00280000       0x20 ../SD_bsp//obj/HAL/src/crt0.o
                0x00280000                __reset

.exceptions     0x00280020      0x198
                0x00280020                PROVIDE (__ram_exceptions_start, ABSOLUTE (.))
                0x00280020                . = ALIGN (0x20)
 *(.irq)
 *(.exceptions.entry.label)
 .exceptions.entry.label
                0x00280020        0x0 ../SD_bsp/\libhal_bsp.a(alt_irq_entry.o)
                0x00280020                alt_irq_entry
 .exceptions.entry.label
                0x00280020        0x0 ../SD_bsp/\libhal_bsp.a(alt_exception_entry.o)
                0x00280020                alt_exception
 *(.exceptions.entry.user)
 *(.exceptions.entry)
 .exceptions.entry
                0x00280020       0x54 ../SD_bsp/\libhal_bsp.a(alt_exception_entry.o)
 *(.exceptions.irqtest.user)
 *(.exceptions.irqtest)
 .exceptions.irqtest
                0x00280074       0x10 ../SD_bsp/\libhal_bsp.a(alt_irq_entry.o)
 *(.exceptions.irqhandler.user)
 *(.exceptions.irqhandler)
 .exceptions.irqhandler
                0x00280084        0x4 ../SD_bsp/\libhal_bsp.a(alt_irq_entry.o)
 *(.exceptions.irqreturn.user)
 *(.exceptions.irqreturn)
 .exceptions.irqreturn
                0x00280088        0x4 ../SD_bsp/\libhal_bsp.a(alt_irq_entry.o)
 *(.exceptions.notirq.label)
 .exceptions.notirq.label
                0x0028008c        0x0 ../SD_bsp/\libhal_bsp.a(alt_irq_entry.o)
 *(.exceptions.notirq.user)
 *(.exceptions.notirq)
 .exceptions.notirq
                0x0028008c        0x8 ../SD_bsp/\libhal_bsp.a(alt_exception_entry.o)
 *(.exceptions.soft.user)
 *(.exceptions.soft)
 *(.exceptions.unknown.user)
 *(.exceptions.unknown)
 .exceptions.unknown
                0x00280094        0x4 ../SD_bsp/\libhal_bsp.a(alt_exception_entry.o)
 *(.exceptions.exit.label)
 .exceptions.exit.label
                0x00280098        0x0 ../SD_bsp/\libhal_bsp.a(alt_irq_entry.o)
 .exceptions.exit.label
                0x00280098        0x0 ../SD_bsp/\libhal_bsp.a(alt_exception_entry.o)
 *(.exceptions.exit.user)
 *(.exceptions.exit)
 .exceptions.exit
                0x00280098       0x54 ../SD_bsp/\libhal_bsp.a(alt_exception_entry.o)
 *(.exceptions)
 .exceptions    0x002800ec       0xcc ../SD_bsp/\libhal_bsp.a(alt_irq_handler.o)
                0x002800ec                alt_irq_handler
                0x002801b8                PROVIDE (__ram_exceptions_end, ABSOLUTE (.))
                0x00280020                PROVIDE (__flash_exceptions_start, LOADADDR (.exceptions))

.text           0x002801b8     0x7038
                0x002801b8                PROVIDE (stext, ABSOLUTE (.))
 *(.interp)
 *(.hash)
 *(.dynsym)
 *(.dynstr)
 *(.gnu.version)
 *(.gnu.version_d)
 *(.gnu.version_r)
 *(.rel.init)
 *(.rela.init)
 *(.rel.text .rel.text.* .rel.gnu.linkonce.t.*)
 *(.rela.text .rela.text.* .rela.gnu.linkonce.t.*)
 *(.rel.fini)
 *(.rela.fini)
 *(.rel.rodata .rel.rodata.* .rel.gnu.linkonce.r.*)
 *(.rela.rodata .rela.rodata.* .rela.gnu.linkonce.r.*)
 *(.rel.data .rel.data.* .rel.gnu.linkonce.d.*)
 *(.rela.data .rela.data.* .rela.gnu.linkonce.d.*)
 *(.rel.tdata .rel.tdata.* .rel.gnu.linkonce.td.*)
 *(.rela.tdata .rela.tdata.* .rela.gnu.linkonce.td.*)
 *(.rel.tbss .rel.tbss.* .rel.gnu.linkonce.tb.*)
 *(.rela.tbss .rela.tbss.* .rela.gnu.linkonce.tb.*)
 *(.rel.ctors)
 *(.rela.ctors)
 *(.rel.dtors)
 *(.rela.dtors)
 *(.rel.got)
 *(.rela.got)
 *(.rel.sdata .rel.sdata.* .rel.gnu.linkonce.s.*)
 *(.rela.sdata .rela.sdata.* .rela.gnu.linkonce.s.*)
 *(.rel.sbss .rel.sbss.* .rel.gnu.linkonce.sb.*)
 *(.rela.sbss .rela.sbss.* .rela.gnu.linkonce.sb.*)
 *(.rel.sdata2 .rel.sdata2.* .rel.gnu.linkonce.s2.*)
 *(.rela.sdata2 .rela.sdata2.* .rela.gnu.linkonce.s2.*)
 *(.rel.sbss2 .rel.sbss2.* .rel.gnu.linkonce.sb2.*)
 *(.rela.sbss2 .rela.sbss2.* .rela.gnu.linkonce.sb2.*)
 *(.rel.bss .rel.bss.* .rel.gnu.linkonce.b.*)
 *(.rela.bss .rela.bss.* .rela.gnu.linkonce.b.*)
 *(.rel.plt)
 *(.rela.plt)
 *(.rel.dyn)
 *(.init)
 *(.plt)
 *(.text .stub .text.* .gnu.linkonce.t.*)
 .text          0x002801b8       0x3c ../SD_bsp//obj/HAL/src/crt0.o
                0x002801b8                _start
 .text          0x002801f4      0x2c8 obj/default/hello_world.o
                0x002801f4                main
 .text          0x002804bc       0xa0 c:/altera/13.0sp1/nios2eds/bin/gnu/h-i686-mingw32/bin/../lib/gcc/nios2-elf/4.1.2/../../../../nios2-elf/lib\libc.a(lib_a-memcpy.o)
                0x002804bc                memcpy
 .text          0x0028055c       0xec ../SD_bsp/\libhal_bsp.a(alt_load.o)
                0x0028055c                alt_load
 .text          0x00280648       0x6c ../SD_bsp/\libhal_bsp.a(alt_main.o)
                0x00280648                alt_main
 .text          0x002806b4      0x258 ../SD_bsp/\libhal_bsp.a(alt_printf.o)
                0x002806b4                alt_printf
 .text          0x0028090c       0x40 ../SD_bsp/\libhal_bsp.a(alt_putchar.o)
                0x0028090c                alt_putchar
 .text          0x0028094c      0x3a0 ../SD_bsp/\libhal_bsp.a(alt_sys_init.o)
                0x0028094c                alt_irq_init
                0x00280980                alt_sys_init
 .text          0x00280cec      0x148 ../SD_bsp/\libhal_bsp.a(altera_avalon_jtag_uart_fd.o)
                0x00280cec                altera_avalon_jtag_uart_read_fd
                0x00280d44                altera_avalon_jtag_uart_write_fd
                0x00280d9c                altera_avalon_jtag_uart_close_fd
                0x00280de4                altera_avalon_jtag_uart_ioctl_fd
 .text          0x00280e34      0x408 ../SD_bsp/\libhal_bsp.a(altera_avalon_jtag_uart_init.o)
                0x00280e34                altera_avalon_jtag_uart_init
                0x002811c8                altera_avalon_jtag_uart_close
 .text          0x0028123c       0xf4 ../SD_bsp/\libhal_bsp.a(altera_avalon_jtag_uart_ioctl.o)
                0x0028123c                altera_avalon_jtag_uart_ioctl
 .text          0x00281330      0x224 ../SD_bsp/\libhal_bsp.a(altera_avalon_jtag_uart_read.o)
                0x00281330                altera_avalon_jtag_uart_read
 .text          0x00281554      0x240 ../SD_bsp/\libhal_bsp.a(altera_avalon_jtag_uart_write.o)
                0x00281554                altera_avalon_jtag_uart_write
 .text          0x00281794      0x700 ../SD_bsp/\libhal_bsp.a(altera_up_avalon_ps2.o)
                0x00281794                read_RI_bit
                0x002817c8                read_RE_bit
                0x002817f8                read_CE_bit
                0x0028182c                read_num_bytes_available
                0x00281860                read_data_valid
                0x00281894                read_data_byte
                0x002818c0                alt_up_ps2_init
                0x0028198c                alt_up_ps2_enable_read_interrupt
                0x002819e0                alt_up_ps2_disable_read_interrupt
                0x00281a38                alt_up_ps2_write_data_byte
                0x00281ab0                alt_up_ps2_wait_for_ack
                0x00281b20                alt_up_ps2_write_data_byte_with_ack
                0x00281b8c                alt_up_ps2_read_data_byte_timeout
                0x00281c3c                alt_up_ps2_read_data_byte
                0x00281cb8                alt_up_ps2_clear_fifo
                0x00281d10                alt_up_ps2_read_fd
                0x00281dac                alt_up_ps2_write_fd
                0x00281e54                alt_up_ps2_open_dev
 .text          0x00281e94      0x304 ../SD_bsp/\libhal_bsp.a(altera_up_avalon_video_character_buffer_with_dma.o)
                0x00281e94                alt_up_char_buffer_init
                0x00281f18                alt_up_char_buffer_open_dev
                0x00281f58                alt_up_char_buffer_draw
                0x00282028                alt_up_char_buffer_string
                0x0028213c                alt_up_char_buffer_clear
 .text          0x00282198     0x156c ../SD_bsp/\libhal_bsp.a(altera_up_avalon_video_pixel_buffer_dma.o)
                0x00282198                alt_up_pixel_buffer_dma_open_dev
                0x002821d8                alt_up_pixel_buffer_dma_draw
                0x00282378                alt_up_pixel_buffer_dma_change_back_buffer_address
                0x002823d0                alt_up_pixel_buffer_dma_swap_buffers
                0x00282428                alt_up_pixel_buffer_dma_check_swap_buffers_status
                0x0028245c                alt_up_pixel_buffer_dma_clear_screen
                0x002825c0                alt_up_pixel_buffer_dma_draw_box
                0x00282ab4                alt_up_pixel_buffer_dma_draw_hline
                0x00282e04                alt_up_pixel_buffer_dma_draw_vline
                0x002831d4                alt_up_pixel_buffer_dma_draw_rectangle
                0x00283298                helper_plot_pixel
                0x00283368                alt_up_pixel_buffer_dma_draw_line
 .text          0x00283704      0x154 ../SD_bsp/\libhal_bsp.a(alt_alarm_start.o)
                0x00283704                alt_alarm_start
 .text          0x00283858      0x15c ../SD_bsp/\libhal_bsp.a(alt_close.o)
                0x00283858                close
 .text          0x002839b4       0x1c ../SD_bsp/\libhal_bsp.a(alt_dcache_flush_all.o)
                0x002839b4                alt_dcache_flush_all
 .text          0x002839d0       0x2c ../SD_bsp/\libhal_bsp.a(alt_dev.o)
 .text          0x002839fc      0x114 ../SD_bsp/\libhal_bsp.a(alt_dev_llist_insert.o)
                0x002839fc                alt_dev_llist_insert
 .text          0x00283b10       0x64 ../SD_bsp/\libhal_bsp.a(alt_do_ctors.o)
                0x00283b10                _do_ctors
 .text          0x00283b74       0x64 ../SD_bsp/\libhal_bsp.a(alt_do_dtors.o)
                0x00283b74                _do_dtors
 .text          0x00283bd8        0x0 ../SD_bsp/\libhal_bsp.a(alt_errno.o)
 .text          0x00283bd8       0x94 ../SD_bsp/\libhal_bsp.a(alt_find_dev.o)
                0x00283bd8                alt_find_dev
 .text          0x00283c6c       0x30 ../SD_bsp/\libhal_bsp.a(alt_icache_flush_all.o)
                0x00283c6c                alt_icache_flush_all
 .text          0x00283c9c      0x13c ../SD_bsp/\libhal_bsp.a(alt_io_redirect.o)
                0x00283d60                alt_io_redirect
 .text          0x00283dd8      0x1c0 ../SD_bsp/\libhal_bsp.a(alt_irq_register.o)
                0x00283dd8                alt_irq_register
 .text          0x00283f98        0x0 ../SD_bsp/\libhal_bsp.a(alt_irq_vars.o)
 .text          0x00283f98      0x2c4 ../SD_bsp/\libhal_bsp.a(alt_open.o)
                0x00284074                open
 .text          0x0028425c       0x60 ../SD_bsp/\libhal_bsp.a(alt_release_fd.o)
                0x0028425c                alt_release_fd
 .text          0x002842bc      0x1a4 ../SD_bsp/\libhal_bsp.a(alt_tick.o)
                0x002842bc                alt_alarm_stop
                0x00284354                alt_tick
 .text          0x00284460       0x20 ../SD_bsp/\libhal_bsp.a(altera_nios2_qsys_irq.o)
                0x00284460                altera_nios2_qsys_irq_init
 .text          0x00284480      0x120 ../SD_bsp/\libhal_bsp.a(alt_find_file.o)
                0x00284480                alt_find_file
 .text          0x002845a0       0xb8 ../SD_bsp/\libhal_bsp.a(alt_get_fd.o)
                0x002845a0                alt_get_fd
 .text          0x00284658       0x90 ../SD_bsp/\libhal_bsp.a(alt_icache_flush.o)
                0x00284658                alt_icache_flush
 .text          0x002846e8        0x0 ../SD_bsp/\libhal_bsp.a(alt_irq_entry.o)
 .text          0x002846e8        0x0 ../SD_bsp/\libhal_bsp.a(alt_irq_handler.o)
 .text          0x002846e8        0x0 ../SD_bsp/\libhal_bsp.a(alt_exception_entry.o)
 .text          0x002846e8       0x14 c:/altera/13.0sp1/nios2eds/bin/gnu/h-i686-mingw32/bin/../lib/gcc/nios2-elf/4.1.2/../../../../nios2-elf/lib\libc.a(lib_a-atexit.o)
                0x002846e8                atexit
 .text          0x002846fc       0x38 c:/altera/13.0sp1/nios2eds/bin/gnu/h-i686-mingw32/bin/../lib/gcc/nios2-elf/4.1.2/../../../../nios2-elf/lib\libc.a(lib_a-exit.o)
                0x002846fc                exit
 .text          0x00284734        0x0 c:/altera/13.0sp1/nios2eds/bin/gnu/h-i686-mingw32/bin/../lib/gcc/nios2-elf/4.1.2/../../../../nios2-elf/lib\libc.a(lib_a-impure.o)
 .text          0x00284734        0x0 c:/altera/13.0sp1/nios2eds/bin/gnu/h-i686-mingw32/bin/../lib/gcc/nios2-elf/4.1.2/../../../../nios2-elf/lib\libc.a(lib_a-int_errno.o)
 .text          0x00284734       0x74 c:/altera/13.0sp1/nios2eds/bin/gnu/h-i686-mingw32/bin/../lib/gcc/nios2-elf/4.1.2/../../../../nios2-elf/lib\libc.a(lib_a-memcmp.o)
                0x00284734                memcmp
 .text          0x002847a8      0x1ec c:/altera/13.0sp1/nios2eds/bin/gnu/h-i686-mingw32/bin/../lib/gcc/nios2-elf/4.1.2/../../../../nios2-elf/lib\libc.a(lib_a-putc.o)
                0x002847a8                putc
                0x002848ac                _putc_r
 .text          0x00284994       0xbc c:/altera/13.0sp1/nios2eds/bin/gnu/h-i686-mingw32/bin/../lib/gcc/nios2-elf/4.1.2/../../../../nios2-elf/lib\libc.a(lib_a-strcmp.o)
                0x00284994                strcmp
 .text          0x00284a50       0x74 c:/altera/13.0sp1/nios2eds/bin/gnu/h-i686-mingw32/bin/../lib/gcc/nios2-elf/4.1.2/../../../../nios2-elf/lib\libc.a(lib_a-strlen.o)
                0x00284a50                strlen
 .text          0x00284ac4      0x14c c:/altera/13.0sp1/nios2eds/bin/gnu/h-i686-mingw32/bin/../lib/gcc/nios2-elf/4.1.2/../../../../nios2-elf/lib\libc.a(lib_a-wbuf.o)
                0x00284ac4                __swbuf_r
                0x00284bf4                __swbuf
 .text          0x00284c10      0x13c c:/altera/13.0sp1/nios2eds/bin/gnu/h-i686-mingw32/bin/../lib/gcc/nios2-elf/4.1.2/../../../../nios2-elf/lib\libc.a(lib_a-wsetup.o)
                0x00284c10                __swsetup_r
 .text          0x00284d4c      0x134 c:/altera/13.0sp1/nios2eds/bin/gnu/h-i686-mingw32/bin/../lib/gcc/nios2-elf/4.1.2/../../../../nios2-elf/lib\libc.a(lib_a-__atexit.o)
                0x00284d4c                __register_exitproc
 .text          0x00284e80      0x1b4 c:/altera/13.0sp1/nios2eds/bin/gnu/h-i686-mingw32/bin/../lib/gcc/nios2-elf/4.1.2/../../../../nios2-elf/lib\libc.a(lib_a-__call_atexit.o)
                0x00284e84                __call_exitprocs
 .text          0x00285034      0x230 c:/altera/13.0sp1/nios2eds/bin/gnu/h-i686-mingw32/bin/../lib/gcc/nios2-elf/4.1.2/../../../../nios2-elf/lib\libc.a(lib_a-fflush.o)
                0x00285034                _fflush_r
                0x00285230                fflush
 .text          0x00285264      0x2c0 c:/altera/13.0sp1/nios2eds/bin/gnu/h-i686-mingw32/bin/../lib/gcc/nios2-elf/4.1.2/../../../../nios2-elf/lib\libc.a(lib_a-findfp.o)
                0x002852bc                __sfp_lock_acquire
                0x002852c0                __sfp_lock_release
                0x002852c4                __sinit_lock_acquire
                0x002852c8                __sinit_lock_release
                0x002852cc                __sinit
                0x00285380                __fp_unlock_all
                0x00285398                __fp_lock_all
                0x002853b0                _cleanup_r
                0x002853bc                _cleanup
                0x002853cc                __sfmoreglue
                0x00285434                __sfp
 .text          0x00285524      0x440 c:/altera/13.0sp1/nios2eds/bin/gnu/h-i686-mingw32/bin/../lib/gcc/nios2-elf/4.1.2/../../../../nios2-elf/lib\libc.a(lib_a-freer.o)
                0x00285524                _malloc_trim_r
                0x00285650                _free_r
 .text          0x00285964      0x180 c:/altera/13.0sp1/nios2eds/bin/gnu/h-i686-mingw32/bin/../lib/gcc/nios2-elf/4.1.2/../../../../nios2-elf/lib\libc.a(lib_a-fwalk.o)
                0x00285964                _fwalk_reent
                0x00285a2c                _fwalk
 .text          0x00285ae4      0x194 c:/altera/13.0sp1/nios2eds/bin/gnu/h-i686-mingw32/bin/../lib/gcc/nios2-elf/4.1.2/../../../../nios2-elf/lib\libc.a(lib_a-makebuf.o)
                0x00285ae4                __smakebuf_r
 .text          0x00285c78      0x740 c:/altera/13.0sp1/nios2eds/bin/gnu/h-i686-mingw32/bin/../lib/gcc/nios2-elf/4.1.2/../../../../nios2-elf/lib\libc.a(lib_a-mallocr.o)
                0x00285c78                _malloc_r
 .text          0x002863b8       0x98 c:/altera/13.0sp1/nios2eds/bin/gnu/h-i686-mingw32/bin/../lib/gcc/nios2-elf/4.1.2/../../../../nios2-elf/lib\libc.a(lib_a-memset.o)
                0x002863b8                memset
 .text          0x00286450       0x70 c:/altera/13.0sp1/nios2eds/bin/gnu/h-i686-mingw32/bin/../lib/gcc/nios2-elf/4.1.2/../../../../nios2-elf/lib\libc.a(lib_a-sbrkr.o)
                0x00286450                _sbrk_r
 .text          0x002864c0      0x14c c:/altera/13.0sp1/nios2eds/bin/gnu/h-i686-mingw32/bin/../lib/gcc/nios2-elf/4.1.2/../../../../nios2-elf/lib\libc.a(lib_a-stdio.o)
                0x002864c0                __sclose
                0x002864c8                __sseek
                0x00286530                __swrite
                0x002865ac                __sread
 .text          0x0028660c       0x78 c:/altera/13.0sp1/nios2eds/bin/gnu/h-i686-mingw32/bin/../lib/gcc/nios2-elf/4.1.2/../../../../nios2-elf/lib\libc.a(lib_a-writer.o)
                0x0028660c                _write_r
 .text          0x00286684       0x70 c:/altera/13.0sp1/nios2eds/bin/gnu/h-i686-mingw32/bin/../lib/gcc/nios2-elf/4.1.2/../../../../nios2-elf/lib\libc.a(lib_a-closer.o)
                0x00286684                _close_r
 .text          0x002866f4      0x124 c:/altera/13.0sp1/nios2eds/bin/gnu/h-i686-mingw32/bin/../lib/gcc/nios2-elf/4.1.2/../../../../nios2-elf/lib\libc.a(lib_a-fclose.o)
                0x002866f4                _fclose_r
                0x00286804                fclose
 .text          0x00286818       0x74 c:/altera/13.0sp1/nios2eds/bin/gnu/h-i686-mingw32/bin/../lib/gcc/nios2-elf/4.1.2/../../../../nios2-elf/lib\libc.a(lib_a-fstatr.o)
                0x00286818                _fstat_r
 .text          0x0028688c       0x70 c:/altera/13.0sp1/nios2eds/bin/gnu/h-i686-mingw32/bin/../lib/gcc/nios2-elf/4.1.2/../../../../nios2-elf/lib\libc.a(lib_a-isattyr.o)
                0x0028688c                _isatty_r
 .text          0x002868fc       0x78 c:/altera/13.0sp1/nios2eds/bin/gnu/h-i686-mingw32/bin/../lib/gcc/nios2-elf/4.1.2/../../../../nios2-elf/lib\libc.a(lib_a-lseekr.o)
                0x002868fc                _lseek_r
 .text          0x00286974       0x78 c:/altera/13.0sp1/nios2eds/bin/gnu/h-i686-mingw32/bin/../lib/gcc/nios2-elf/4.1.2/../../../../nios2-elf/lib\libc.a(lib_a-readr.o)
                0x00286974                _read_r
 .text          0x002869ec       0x60 ../SD_bsp/\libhal_bsp.a(alt_exit.o)
                0x00286a2c                _exit
 .text          0x00286a4c      0x134 ../SD_bsp/\libhal_bsp.a(alt_fstat.o)
                0x00286a4c                fstat
 .text          0x00286b80      0x120 ../SD_bsp/\libhal_bsp.a(alt_isatty.o)
                0x00286b80                isatty
 .text          0x00286ca0      0x150 ../SD_bsp/\libhal_bsp.a(alt_lseek.o)
                0x00286ca0                lseek
 .text          0x00286df0       0x40 ../SD_bsp/\libhal_bsp.a(alt_malloc_lock.o)
                0x00286df0                __malloc_lock
                0x00286e10                __malloc_unlock
 .text          0x00286e30      0x180 ../SD_bsp/\libhal_bsp.a(alt_read.o)
                0x00286e30                read
 .text          0x00286fb0       0xbc ../SD_bsp/\libhal_bsp.a(alt_sbrk.o)
                0x00286fb0                sbrk
 .text          0x0028706c      0x180 ../SD_bsp/\libhal_bsp.a(alt_write.o)
                0x0028706c                write
 *(.gnu.warning.*)
 *(.fini)
                0x002871ec                PROVIDE (__etext, ABSOLUTE (.))
                0x002871ec                PROVIDE (_etext, ABSOLUTE (.))
                0x002871ec                PROVIDE (etext, ABSOLUTE (.))
 *(.eh_frame_hdr)
                0x002871ec                . = ALIGN (0x4)
                0x002871ec                PROVIDE (__preinit_array_start, ABSOLUTE (.))
 *(.preinit_array)
                0x002871ec                PROVIDE (__preinit_array_end, ABSOLUTE (.))
                0x002871ec                PROVIDE (__init_array_start, ABSOLUTE (.))
 *(.init_array)
                0x002871ec                PROVIDE (__init_array_end, ABSOLUTE (.))
                0x002871ec                PROVIDE (__fini_array_start, ABSOLUTE (.))
 *(.fini_array)
                0x002871ec                PROVIDE (__fini_array_end, ABSOLUTE (.))
 *(.eh_frame)
 *(.gcc_except_table)
 *(.dynamic)
                0x002871ec                PROVIDE (__CTOR_LIST__, ABSOLUTE (.))
 *(.ctors)
 *(SORT(.ctors.*))
 .ctors.65535   0x002871ec        0x4 c:/altera/13.0sp1/nios2eds/bin/gnu/h-i686-mingw32/bin/../lib/gcc/nios2-elf/4.1.2/../../../../nios2-elf/lib\libc.a(lib_a-__call_atexit.o)
                0x002871f0                PROVIDE (__CTOR_END__, ABSOLUTE (.))
                0x002871f0                PROVIDE (__DTOR_LIST__, ABSOLUTE (.))
 *(.dtors)
 *(SORT(.dtors.*))
                0x002871f0                PROVIDE (__DTOR_END__, ABSOLUTE (.))
 *(.jcr)
                0x002871f0                . = ALIGN (0x4)

.rodata         0x002871f0     0x3a04
                0x002871f0                PROVIDE (__ram_rodata_start, ABSOLUTE (.))
                0x002871f0                . = ALIGN (0x4)
 *(.rodata .rodata.* .gnu.linkonce.r.*)
 .rodata        0x002871f0     0x3938 obj/default/hello_world.o
 .rodata        0x0028ab28       0x10 ../SD_bsp/\libhal_bsp.a(alt_main.o)
 .rodata        0x0028ab38       0x90 ../SD_bsp/\libhal_bsp.a(alt_sys_init.o)
 .rodata        0x0028abc8       0x1c ../SD_bsp/\libhal_bsp.a(altera_up_avalon_video_character_buffer_with_dma.o)
 .rodata        0x0028abe4        0xc ../SD_bsp/\libhal_bsp.a(alt_dev.o)
 .rodata.str1.4
                0x0028abf0        0x4 c:/altera/13.0sp1/nios2eds/bin/gnu/h-i686-mingw32/bin/../lib/gcc/nios2-elf/4.1.2/../../../../nios2-elf/lib\libc.a(lib_a-impure.o)
 *(.rodata1)
                0x0028abf4                . = ALIGN (0x4)
                0x0028abf4                PROVIDE (__ram_rodata_end, ABSOLUTE (.))
                0x002871f0                PROVIDE (__flash_rodata_start, LOADADDR (.rodata))

.rwdata         0x0028abf4     0x1ba8 load address 0x0028c79c
                0x0028abf4                PROVIDE (__ram_rwdata_start, ABSOLUTE (.))
                0x0028abf4                . = ALIGN (0x4)
 *(.got.plt)
 *(.got)
 *(.data1)
 *(.data .data.* .gnu.linkonce.d.*)
 .data          0x0028abf4        0x0 ../SD_bsp//obj/HAL/src/crt0.o
 .data          0x0028abf4        0x0 obj/default/hello_world.o
 .data          0x0028abf4        0x0 c:/altera/13.0sp1/nios2eds/bin/gnu/h-i686-mingw32/bin/../lib/gcc/nios2-elf/4.1.2/../../../../nios2-elf/lib\libc.a(lib_a-memcpy.o)
 .data          0x0028abf4        0x0 ../SD_bsp/\libhal_bsp.a(alt_load.o)
 .data          0x0028abf4        0x0 ../SD_bsp/\libhal_bsp.a(alt_main.o)
 .data          0x0028abf4        0x0 ../SD_bsp/\libhal_bsp.a(alt_printf.o)
 .data          0x0028abf4        0x0 ../SD_bsp/\libhal_bsp.a(alt_putchar.o)
 .data          0x0028abf4     0x11c0 ../SD_bsp/\libhal_bsp.a(alt_sys_init.o)
 .data          0x0028bdb4        0x0 ../SD_bsp/\libhal_bsp.a(altera_avalon_jtag_uart_fd.o)
 .data          0x0028bdb4        0x0 ../SD_bsp/\libhal_bsp.a(altera_avalon_jtag_uart_init.o)
 .data          0x0028bdb4        0x0 ../SD_bsp/\libhal_bsp.a(altera_avalon_jtag_uart_ioctl.o)
 .data          0x0028bdb4        0x0 ../SD_bsp/\libhal_bsp.a(altera_avalon_jtag_uart_read.o)
 .data          0x0028bdb4        0x0 ../SD_bsp/\libhal_bsp.a(altera_avalon_jtag_uart_write.o)
 .data          0x0028bdb4        0x0 ../SD_bsp/\libhal_bsp.a(altera_up_avalon_ps2.o)
 .data          0x0028bdb4        0x0 ../SD_bsp/\libhal_bsp.a(altera_up_avalon_video_character_buffer_with_dma.o)
 .data          0x0028bdb4        0x0 ../SD_bsp/\libhal_bsp.a(altera_up_avalon_video_pixel_buffer_dma.o)
 .data          0x0028bdb4        0x0 ../SD_bsp/\libhal_bsp.a(alt_alarm_start.o)
 .data          0x0028bdb4        0x0 ../SD_bsp/\libhal_bsp.a(alt_close.o)
 .data          0x0028bdb4        0x0 ../SD_bsp/\libhal_bsp.a(alt_dcache_flush_all.o)
 .data          0x0028bdb4      0x1a8 ../SD_bsp/\libhal_bsp.a(alt_dev.o)
                0x0028bdb4                alt_dev_null
                0x0028bddc                alt_fd_list
 .data          0x0028bf5c        0x0 ../SD_bsp/\libhal_bsp.a(alt_dev_llist_insert.o)
 .data          0x0028bf5c        0x0 ../SD_bsp/\libhal_bsp.a(alt_do_ctors.o)
 .data          0x0028bf5c        0x0 ../SD_bsp/\libhal_bsp.a(alt_do_dtors.o)
 .data          0x0028bf5c        0x0 ../SD_bsp/\libhal_bsp.a(alt_errno.o)
 .data          0x0028bf5c        0x0 ../SD_bsp/\libhal_bsp.a(alt_find_dev.o)
 .data          0x0028bf5c        0x0 ../SD_bsp/\libhal_bsp.a(alt_icache_flush_all.o)
 .data          0x0028bf5c        0x0 ../SD_bsp/\libhal_bsp.a(alt_io_redirect.o)
 .data          0x0028bf5c        0x0 ../SD_bsp/\libhal_bsp.a(alt_irq_register.o)
 .data          0x0028bf5c        0x0 ../SD_bsp/\libhal_bsp.a(alt_irq_vars.o)
 .data          0x0028bf5c        0x0 ../SD_bsp/\libhal_bsp.a(alt_open.o)
 .data          0x0028bf5c        0x0 ../SD_bsp/\libhal_bsp.a(alt_release_fd.o)
 .data          0x0028bf5c        0x0 ../SD_bsp/\libhal_bsp.a(alt_tick.o)
 .data          0x0028bf5c        0x0 ../SD_bsp/\libhal_bsp.a(altera_nios2_qsys_irq.o)
 .data          0x0028bf5c        0x0 ../SD_bsp/\libhal_bsp.a(alt_find_file.o)
 .data          0x0028bf5c        0x0 ../SD_bsp/\libhal_bsp.a(alt_get_fd.o)
 .data          0x0028bf5c        0x0 ../SD_bsp/\libhal_bsp.a(alt_icache_flush.o)
 .data          0x0028bf5c        0x0 ../SD_bsp/\libhal_bsp.a(alt_irq_entry.o)
 .data          0x0028bf5c        0x0 ../SD_bsp/\libhal_bsp.a(alt_irq_handler.o)
 .data          0x0028bf5c        0x0 ../SD_bsp/\libhal_bsp.a(alt_exception_entry.o)
 .data          0x0028bf5c        0x0 c:/altera/13.0sp1/nios2eds/bin/gnu/h-i686-mingw32/bin/../lib/gcc/nios2-elf/4.1.2/../../../../nios2-elf/lib\libc.a(lib_a-atexit.o)
 .data          0x0028bf5c        0x0 c:/altera/13.0sp1/nios2eds/bin/gnu/h-i686-mingw32/bin/../lib/gcc/nios2-elf/4.1.2/../../../../nios2-elf/lib\libc.a(lib_a-exit.o)
 .data          0x0028bf5c      0x400 c:/altera/13.0sp1/nios2eds/bin/gnu/h-i686-mingw32/bin/../lib/gcc/nios2-elf/4.1.2/../../../../nios2-elf/lib\libc.a(lib_a-impure.o)
 .data          0x0028c35c        0x0 c:/altera/13.0sp1/nios2eds/bin/gnu/h-i686-mingw32/bin/../lib/gcc/nios2-elf/4.1.2/../../../../nios2-elf/lib\libc.a(lib_a-int_errno.o)
 .data          0x0028c35c        0x0 c:/altera/13.0sp1/nios2eds/bin/gnu/h-i686-mingw32/bin/../lib/gcc/nios2-elf/4.1.2/../../../../nios2-elf/lib\libc.a(lib_a-memcmp.o)
 .data          0x0028c35c        0x0 c:/altera/13.0sp1/nios2eds/bin/gnu/h-i686-mingw32/bin/../lib/gcc/nios2-elf/4.1.2/../../../../nios2-elf/lib\libc.a(lib_a-putc.o)
 .data          0x0028c35c        0x0 c:/altera/13.0sp1/nios2eds/bin/gnu/h-i686-mingw32/bin/../lib/gcc/nios2-elf/4.1.2/../../../../nios2-elf/lib\libc.a(lib_a-strcmp.o)
 .data          0x0028c35c        0x0 c:/altera/13.0sp1/nios2eds/bin/gnu/h-i686-mingw32/bin/../lib/gcc/nios2-elf/4.1.2/../../../../nios2-elf/lib\libc.a(lib_a-strlen.o)
 .data          0x0028c35c        0x0 c:/altera/13.0sp1/nios2eds/bin/gnu/h-i686-mingw32/bin/../lib/gcc/nios2-elf/4.1.2/../../../../nios2-elf/lib\libc.a(lib_a-wbuf.o)
 .data          0x0028c35c        0x0 c:/altera/13.0sp1/nios2eds/bin/gnu/h-i686-mingw32/bin/../lib/gcc/nios2-elf/4.1.2/../../../../nios2-elf/lib\libc.a(lib_a-wsetup.o)
 .data          0x0028c35c        0x0 c:/altera/13.0sp1/nios2eds/bin/gnu/h-i686-mingw32/bin/../lib/gcc/nios2-elf/4.1.2/../../../../nios2-elf/lib\libc.a(lib_a-__atexit.o)
 .data          0x0028c35c        0x0 c:/altera/13.0sp1/nios2eds/bin/gnu/h-i686-mingw32/bin/../lib/gcc/nios2-elf/4.1.2/../../../../nios2-elf/lib\libc.a(lib_a-__call_atexit.o)
 .data          0x0028c35c        0x0 c:/altera/13.0sp1/nios2eds/bin/gnu/h-i686-mingw32/bin/../lib/gcc/nios2-elf/4.1.2/../../../../nios2-elf/lib\libc.a(lib_a-fflush.o)
 .data          0x0028c35c        0x0 c:/altera/13.0sp1/nios2eds/bin/gnu/h-i686-mingw32/bin/../lib/gcc/nios2-elf/4.1.2/../../../../nios2-elf/lib\libc.a(lib_a-findfp.o)
 .data          0x0028c35c        0x0 c:/altera/13.0sp1/nios2eds/bin/gnu/h-i686-mingw32/bin/../lib/gcc/nios2-elf/4.1.2/../../../../nios2-elf/lib\libc.a(lib_a-freer.o)
 .data          0x0028c35c        0x0 c:/altera/13.0sp1/nios2eds/bin/gnu/h-i686-mingw32/bin/../lib/gcc/nios2-elf/4.1.2/../../../../nios2-elf/lib\libc.a(lib_a-fwalk.o)
 .data          0x0028c35c        0x0 c:/altera/13.0sp1/nios2eds/bin/gnu/h-i686-mingw32/bin/../lib/gcc/nios2-elf/4.1.2/../../../../nios2-elf/lib\libc.a(lib_a-makebuf.o)
 .data          0x0028c35c      0x408 c:/altera/13.0sp1/nios2eds/bin/gnu/h-i686-mingw32/bin/../lib/gcc/nios2-elf/4.1.2/../../../../nios2-elf/lib\libc.a(lib_a-mallocr.o)
                0x0028c35c                __malloc_av_
 .data          0x0028c764        0x0 c:/altera/13.0sp1/nios2eds/bin/gnu/h-i686-mingw32/bin/../lib/gcc/nios2-elf/4.1.2/../../../../nios2-elf/lib\libc.a(lib_a-memset.o)
 .data          0x0028c764        0x0 c:/altera/13.0sp1/nios2eds/bin/gnu/h-i686-mingw32/bin/../lib/gcc/nios2-elf/4.1.2/../../../../nios2-elf/lib\libc.a(lib_a-sbrkr.o)
 .data          0x0028c764        0x0 c:/altera/13.0sp1/nios2eds/bin/gnu/h-i686-mingw32/bin/../lib/gcc/nios2-elf/4.1.2/../../../../nios2-elf/lib\libc.a(lib_a-stdio.o)
 .data          0x0028c764        0x0 c:/altera/13.0sp1/nios2eds/bin/gnu/h-i686-mingw32/bin/../lib/gcc/nios2-elf/4.1.2/../../../../nios2-elf/lib\libc.a(lib_a-writer.o)
 .data          0x0028c764        0x0 c:/altera/13.0sp1/nios2eds/bin/gnu/h-i686-mingw32/bin/../lib/gcc/nios2-elf/4.1.2/../../../../nios2-elf/lib\libc.a(lib_a-closer.o)
 .data          0x0028c764        0x0 c:/altera/13.0sp1/nios2eds/bin/gnu/h-i686-mingw32/bin/../lib/gcc/nios2-elf/4.1.2/../../../../nios2-elf/lib\libc.a(lib_a-fclose.o)
 .data          0x0028c764        0x0 c:/altera/13.0sp1/nios2eds/bin/gnu/h-i686-mingw32/bin/../lib/gcc/nios2-elf/4.1.2/../../../../nios2-elf/lib\libc.a(lib_a-fstatr.o)
 .data          0x0028c764        0x0 c:/altera/13.0sp1/nios2eds/bin/gnu/h-i686-mingw32/bin/../lib/gcc/nios2-elf/4.1.2/../../../../nios2-elf/lib\libc.a(lib_a-isattyr.o)
 .data          0x0028c764        0x0 c:/altera/13.0sp1/nios2eds/bin/gnu/h-i686-mingw32/bin/../lib/gcc/nios2-elf/4.1.2/../../../../nios2-elf/lib\libc.a(lib_a-lseekr.o)
 .data          0x0028c764        0x0 c:/altera/13.0sp1/nios2eds/bin/gnu/h-i686-mingw32/bin/../lib/gcc/nios2-elf/4.1.2/../../../../nios2-elf/lib\libc.a(lib_a-readr.o)
 .data          0x0028c764        0x0 ../SD_bsp/\libhal_bsp.a(alt_exit.o)
 .data          0x0028c764        0x0 ../SD_bsp/\libhal_bsp.a(alt_fstat.o)
 .data          0x0028c764        0x0 ../SD_bsp/\libhal_bsp.a(alt_isatty.o)
 .data          0x0028c764        0x0 ../SD_bsp/\libhal_bsp.a(alt_lseek.o)
 .data          0x0028c764        0x0 ../SD_bsp/\libhal_bsp.a(alt_malloc_lock.o)
 .data          0x0028c764        0x0 ../SD_bsp/\libhal_bsp.a(alt_read.o)
 .data          0x0028c764        0x0 ../SD_bsp/\libhal_bsp.a(alt_sbrk.o)
 .data          0x0028c764        0x0 ../SD_bsp/\libhal_bsp.a(alt_write.o)
                0x00294764                _gp = ABSOLUTE ((. + 0x8000))
                0x00294764                PROVIDE (gp, _gp)
 *(.rwdata .rwdata.*)
 *(.sdata .sdata.* .gnu.linkonce.s.*)
 .sdata         0x0028c764       0x14 ../SD_bsp/\libhal_bsp.a(alt_dev.o)
                0x0028c764                alt_fs_list
                0x0028c76c                alt_dev_list
                0x0028c774                alt_max_fd
 .sdata         0x0028c778        0x4 ../SD_bsp/\libhal_bsp.a(alt_errno.o)
                0x0028c778                alt_errno
 .sdata         0x0028c77c        0x4 ../SD_bsp/\libhal_bsp.a(alt_irq_vars.o)
                0x0028c77c                alt_priority_mask
 .sdata         0x0028c780        0x8 ../SD_bsp/\libhal_bsp.a(alt_tick.o)
                0x0028c780                alt_alarm_list
 .sdata         0x0028c788        0x8 c:/altera/13.0sp1/nios2eds/bin/gnu/h-i686-mingw32/bin/../lib/gcc/nios2-elf/4.1.2/../../../../nios2-elf/lib\libc.a(lib_a-impure.o)
                0x0028c788                _impure_ptr
                0x0028c78c                _global_impure_ptr
 .sdata         0x0028c790        0x8 c:/altera/13.0sp1/nios2eds/bin/gnu/h-i686-mingw32/bin/../lib/gcc/nios2-elf/4.1.2/../../../../nios2-elf/lib\libc.a(lib_a-mallocr.o)
                0x0028c790                __malloc_trim_threshold
                0x0028c794                __malloc_sbrk_base
 .sdata         0x0028c798        0x4 ../SD_bsp/\libhal_bsp.a(alt_sbrk.o)
 *(.sdata2 .sdata2.* .gnu.linkonce.s2.*)
                0x0028c79c                . = ALIGN (0x4)
                0x0028c79c                _edata = ABSOLUTE (.)
                0x0028c79c                PROVIDE (edata, ABSOLUTE (.))
                0x0028c79c                PROVIDE (__ram_rwdata_end, ABSOLUTE (.))
                0x0028c79c                PROVIDE (__flash_rwdata_start, LOADADDR (.rwdata))

.bss            0x0028e344      0x2e0
                0x0028e344                __bss_start = ABSOLUTE (.)
                0x0028e344                PROVIDE (__sbss_start, ABSOLUTE (.))
                0x0028e344                PROVIDE (___sbss_start, ABSOLUTE (.))
 *(.dynsbss)
 *(.sbss .sbss.* .gnu.linkonce.sb.*)
 .sbss          0x0028e344        0xc ../SD_bsp/\libhal_bsp.a(alt_main.o)
                0x0028e344                alt_argc
                0x0028e348                alt_argv
                0x0028e34c                alt_envp
 .sbss          0x0028e350        0x4 ../SD_bsp/\libhal_bsp.a(alt_irq_vars.o)
                0x0028e350                alt_irq_active
 .sbss          0x0028e354        0x8 ../SD_bsp/\libhal_bsp.a(alt_tick.o)
                0x0028e354                _alt_tick_rate
                0x0028e358                _alt_nticks
 .sbss          0x0028e35c        0x4 c:/altera/13.0sp1/nios2eds/bin/gnu/h-i686-mingw32/bin/../lib/gcc/nios2-elf/4.1.2/../../../../nios2-elf/lib\libc.a(lib_a-int_errno.o)
                0x0028e35c                errno
 .sbss          0x0028e360        0xc c:/altera/13.0sp1/nios2eds/bin/gnu/h-i686-mingw32/bin/../lib/gcc/nios2-elf/4.1.2/../../../../nios2-elf/lib\libc.a(lib_a-mallocr.o)
                0x0028e360                __malloc_top_pad
                0x0028e364                __malloc_max_sbrked_mem
                0x0028e368                __malloc_max_total_mem
 *(.sbss2 .sbss2.* .gnu.linkonce.sb2.*)
 *(.scommon)
                0x0028e36c                PROVIDE (__sbss_end, ABSOLUTE (.))
                0x0028e36c                PROVIDE (___sbss_end, ABSOLUTE (.))
 *(.dynbss)
 *(.bss .bss.* .gnu.linkonce.b.*)
 .bss           0x0028e36c        0x0 ../SD_bsp//obj/HAL/src/crt0.o
 .bss           0x0028e36c        0x0 obj/default/hello_world.o
 .bss           0x0028e36c        0x0 c:/altera/13.0sp1/nios2eds/bin/gnu/h-i686-mingw32/bin/../lib/gcc/nios2-elf/4.1.2/../../../../nios2-elf/lib\libc.a(lib_a-memcpy.o)
 .bss           0x0028e36c        0x0 ../SD_bsp/\libhal_bsp.a(alt_load.o)
 .bss           0x0028e36c        0x0 ../SD_bsp/\libhal_bsp.a(alt_main.o)
 .bss           0x0028e36c        0x0 ../SD_bsp/\libhal_bsp.a(alt_printf.o)
 .bss           0x0028e36c        0x0 ../SD_bsp/\libhal_bsp.a(alt_putchar.o)
 .bss           0x0028e36c        0x0 ../SD_bsp/\libhal_bsp.a(alt_sys_init.o)
 .bss           0x0028e36c        0x0 ../SD_bsp/\libhal_bsp.a(altera_avalon_jtag_uart_fd.o)
 .bss           0x0028e36c        0x0 ../SD_bsp/\libhal_bsp.a(altera_avalon_jtag_uart_init.o)
 .bss           0x0028e36c        0x0 ../SD_bsp/\libhal_bsp.a(altera_avalon_jtag_uart_ioctl.o)
 .bss           0x0028e36c        0x0 ../SD_bsp/\libhal_bsp.a(altera_avalon_jtag_uart_read.o)
 .bss           0x0028e36c        0x0 ../SD_bsp/\libhal_bsp.a(altera_avalon_jtag_uart_write.o)
 .bss           0x0028e36c        0x0 ../SD_bsp/\libhal_bsp.a(altera_up_avalon_ps2.o)
 .bss           0x0028e36c        0x0 ../SD_bsp/\libhal_bsp.a(altera_up_avalon_video_character_buffer_with_dma.o)
 .bss           0x0028e36c        0x0 ../SD_bsp/\libhal_bsp.a(altera_up_avalon_video_pixel_buffer_dma.o)
 .bss           0x0028e36c        0x0 ../SD_bsp/\libhal_bsp.a(alt_alarm_start.o)
 .bss           0x0028e36c        0x0 ../SD_bsp/\libhal_bsp.a(alt_close.o)
 .bss           0x0028e36c        0x0 ../SD_bsp/\libhal_bsp.a(alt_dcache_flush_all.o)
 .bss           0x0028e36c        0x0 ../SD_bsp/\libhal_bsp.a(alt_dev.o)
 .bss           0x0028e36c        0x0 ../SD_bsp/\libhal_bsp.a(alt_dev_llist_insert.o)
 .bss           0x0028e36c        0x0 ../SD_bsp/\libhal_bsp.a(alt_do_ctors.o)
 .bss           0x0028e36c        0x0 ../SD_bsp/\libhal_bsp.a(alt_do_dtors.o)
 .bss           0x0028e36c        0x0 ../SD_bsp/\libhal_bsp.a(alt_errno.o)
 .bss           0x0028e36c        0x0 ../SD_bsp/\libhal_bsp.a(alt_find_dev.o)
 .bss           0x0028e36c        0x0 ../SD_bsp/\libhal_bsp.a(alt_icache_flush_all.o)
 .bss           0x0028e36c        0x0 ../SD_bsp/\libhal_bsp.a(alt_io_redirect.o)
 .bss           0x0028e36c        0x0 ../SD_bsp/\libhal_bsp.a(alt_irq_register.o)
 .bss           0x0028e36c        0x0 ../SD_bsp/\libhal_bsp.a(alt_irq_vars.o)
 .bss           0x0028e36c        0x0 ../SD_bsp/\libhal_bsp.a(alt_open.o)
 .bss           0x0028e36c        0x0 ../SD_bsp/\libhal_bsp.a(alt_release_fd.o)
 .bss           0x0028e36c        0x0 ../SD_bsp/\libhal_bsp.a(alt_tick.o)
 .bss           0x0028e36c        0x0 ../SD_bsp/\libhal_bsp.a(altera_nios2_qsys_irq.o)
 .bss           0x0028e36c        0x0 ../SD_bsp/\libhal_bsp.a(alt_find_file.o)
 .bss           0x0028e36c        0x0 ../SD_bsp/\libhal_bsp.a(alt_get_fd.o)
 .bss           0x0028e36c        0x0 ../SD_bsp/\libhal_bsp.a(alt_icache_flush.o)
 .bss           0x0028e36c        0x0 ../SD_bsp/\libhal_bsp.a(alt_irq_entry.o)
 .bss           0x0028e36c        0x0 ../SD_bsp/\libhal_bsp.a(alt_irq_handler.o)
 .bss           0x0028e36c        0x0 ../SD_bsp/\libhal_bsp.a(alt_exception_entry.o)
 .bss           0x0028e36c        0x0 c:/altera/13.0sp1/nios2eds/bin/gnu/h-i686-mingw32/bin/../lib/gcc/nios2-elf/4.1.2/../../../../nios2-elf/lib\libc.a(lib_a-atexit.o)
 .bss           0x0028e36c        0x0 c:/altera/13.0sp1/nios2eds/bin/gnu/h-i686-mingw32/bin/../lib/gcc/nios2-elf/4.1.2/../../../../nios2-elf/lib\libc.a(lib_a-exit.o)
 .bss           0x0028e36c        0x0 c:/altera/13.0sp1/nios2eds/bin/gnu/h-i686-mingw32/bin/../lib/gcc/nios2-elf/4.1.2/../../../../nios2-elf/lib\libc.a(lib_a-impure.o)
 .bss           0x0028e36c        0x0 c:/altera/13.0sp1/nios2eds/bin/gnu/h-i686-mingw32/bin/../lib/gcc/nios2-elf/4.1.2/../../../../nios2-elf/lib\libc.a(lib_a-int_errno.o)
 .bss           0x0028e36c        0x0 c:/altera/13.0sp1/nios2eds/bin/gnu/h-i686-mingw32/bin/../lib/gcc/nios2-elf/4.1.2/../../../../nios2-elf/lib\libc.a(lib_a-memcmp.o)
 .bss           0x0028e36c        0x0 c:/altera/13.0sp1/nios2eds/bin/gnu/h-i686-mingw32/bin/../lib/gcc/nios2-elf/4.1.2/../../../../nios2-elf/lib\libc.a(lib_a-putc.o)
 .bss           0x0028e36c        0x0 c:/altera/13.0sp1/nios2eds/bin/gnu/h-i686-mingw32/bin/../lib/gcc/nios2-elf/4.1.2/../../../../nios2-elf/lib\libc.a(lib_a-strcmp.o)
 .bss           0x0028e36c        0x0 c:/altera/13.0sp1/nios2eds/bin/gnu/h-i686-mingw32/bin/../lib/gcc/nios2-elf/4.1.2/../../../../nios2-elf/lib\libc.a(lib_a-strlen.o)
 .bss           0x0028e36c        0x0 c:/altera/13.0sp1/nios2eds/bin/gnu/h-i686-mingw32/bin/../lib/gcc/nios2-elf/4.1.2/../../../../nios2-elf/lib\libc.a(lib_a-wbuf.o)
 .bss           0x0028e36c        0x0 c:/altera/13.0sp1/nios2eds/bin/gnu/h-i686-mingw32/bin/../lib/gcc/nios2-elf/4.1.2/../../../../nios2-elf/lib\libc.a(lib_a-wsetup.o)
 .bss           0x0028e36c        0x0 c:/altera/13.0sp1/nios2eds/bin/gnu/h-i686-mingw32/bin/../lib/gcc/nios2-elf/4.1.2/../../../../nios2-elf/lib\libc.a(lib_a-__atexit.o)
 .bss           0x0028e36c        0x0 c:/altera/13.0sp1/nios2eds/bin/gnu/h-i686-mingw32/bin/../lib/gcc/nios2-elf/4.1.2/../../../../nios2-elf/lib\libc.a(lib_a-__call_atexit.o)
 .bss           0x0028e36c        0x0 c:/altera/13.0sp1/nios2eds/bin/gnu/h-i686-mingw32/bin/../lib/gcc/nios2-elf/4.1.2/../../../../nios2-elf/lib\libc.a(lib_a-fflush.o)
 .bss           0x0028e36c        0x0 c:/altera/13.0sp1/nios2eds/bin/gnu/h-i686-mingw32/bin/../lib/gcc/nios2-elf/4.1.2/../../../../nios2-elf/lib\libc.a(lib_a-findfp.o)
 .bss           0x0028e36c        0x0 c:/altera/13.0sp1/nios2eds/bin/gnu/h-i686-mingw32/bin/../lib/gcc/nios2-elf/4.1.2/../../../../nios2-elf/lib\libc.a(lib_a-freer.o)
 .bss           0x0028e36c        0x0 c:/altera/13.0sp1/nios2eds/bin/gnu/h-i686-mingw32/bin/../lib/gcc/nios2-elf/4.1.2/../../../../nios2-elf/lib\libc.a(lib_a-fwalk.o)
 .bss           0x0028e36c        0x0 c:/altera/13.0sp1/nios2eds/bin/gnu/h-i686-mingw32/bin/../lib/gcc/nios2-elf/4.1.2/../../../../nios2-elf/lib\libc.a(lib_a-makebuf.o)
 .bss           0x0028e36c       0x28 c:/altera/13.0sp1/nios2eds/bin/gnu/h-i686-mingw32/bin/../lib/gcc/nios2-elf/4.1.2/../../../../nios2-elf/lib\libc.a(lib_a-mallocr.o)
                0x0028e36c                __malloc_current_mallinfo
 .bss           0x0028e394        0x0 c:/altera/13.0sp1/nios2eds/bin/gnu/h-i686-mingw32/bin/../lib/gcc/nios2-elf/4.1.2/../../../../nios2-elf/lib\libc.a(lib_a-memset.o)
 .bss           0x0028e394        0x0 c:/altera/13.0sp1/nios2eds/bin/gnu/h-i686-mingw32/bin/../lib/gcc/nios2-elf/4.1.2/../../../../nios2-elf/lib\libc.a(lib_a-sbrkr.o)
 .bss           0x0028e394        0x0 c:/altera/13.0sp1/nios2eds/bin/gnu/h-i686-mingw32/bin/../lib/gcc/nios2-elf/4.1.2/../../../../nios2-elf/lib\libc.a(lib_a-stdio.o)
 .bss           0x0028e394        0x0 c:/altera/13.0sp1/nios2eds/bin/gnu/h-i686-mingw32/bin/../lib/gcc/nios2-elf/4.1.2/../../../../nios2-elf/lib\libc.a(lib_a-writer.o)
 .bss           0x0028e394        0x0 c:/altera/13.0sp1/nios2eds/bin/gnu/h-i686-mingw32/bin/../lib/gcc/nios2-elf/4.1.2/../../../../nios2-elf/lib\libc.a(lib_a-closer.o)
 .bss           0x0028e394        0x0 c:/altera/13.0sp1/nios2eds/bin/gnu/h-i686-mingw32/bin/../lib/gcc/nios2-elf/4.1.2/../../../../nios2-elf/lib\libc.a(lib_a-fclose.o)
 .bss           0x0028e394        0x0 c:/altera/13.0sp1/nios2eds/bin/gnu/h-i686-mingw32/bin/../lib/gcc/nios2-elf/4.1.2/../../../../nios2-elf/lib\libc.a(lib_a-fstatr.o)
 .bss           0x0028e394        0x0 c:/altera/13.0sp1/nios2eds/bin/gnu/h-i686-mingw32/bin/../lib/gcc/nios2-elf/4.1.2/../../../../nios2-elf/lib\libc.a(lib_a-isattyr.o)
 .bss           0x0028e394        0x0 c:/altera/13.0sp1/nios2eds/bin/gnu/h-i686-mingw32/bin/../lib/gcc/nios2-elf/4.1.2/../../../../nios2-elf/lib\libc.a(lib_a-lseekr.o)
 .bss           0x0028e394        0x0 c:/altera/13.0sp1/nios2eds/bin/gnu/h-i686-mingw32/bin/../lib/gcc/nios2-elf/4.1.2/../../../../nios2-elf/lib\libc.a(lib_a-readr.o)
 .bss           0x0028e394        0x0 ../SD_bsp/\libhal_bsp.a(alt_exit.o)
 .bss           0x0028e394        0x0 ../SD_bsp/\libhal_bsp.a(alt_fstat.o)
 .bss           0x0028e394        0x0 ../SD_bsp/\libhal_bsp.a(alt_isatty.o)
 .bss           0x0028e394        0x0 ../SD_bsp/\libhal_bsp.a(alt_lseek.o)
 .bss           0x0028e394        0x0 ../SD_bsp/\libhal_bsp.a(alt_malloc_lock.o)
 .bss           0x0028e394        0x0 ../SD_bsp/\libhal_bsp.a(alt_read.o)
 .bss           0x0028e394        0x0 ../SD_bsp/\libhal_bsp.a(alt_sbrk.o)
 .bss           0x0028e394        0x0 ../SD_bsp/\libhal_bsp.a(alt_write.o)
 *(COMMON)
 COMMON         0x0028e394      0x100 ../SD_bsp/\libhal_bsp.a(alt_irq_handler.o)
                0x0028e394                alt_irq
 COMMON         0x0028e494      0x190 c:/altera/13.0sp1/nios2eds/bin/gnu/h-i686-mingw32/bin/../lib/gcc/nios2-elf/4.1.2/../../../../nios2-elf/lib\libc.a(lib_a-atexit.o)
                0x0028e494                _atexit0
                0x0028e624                . = ALIGN (0x4)
                0x0028e624                __bss_end = ABSOLUTE (.)

.onchip_mem     0x0028e624        0x0
                0x0028e624                PROVIDE (_alt_partition_onchip_mem_start, ABSOLUTE (.))
 *(.onchip_mem. onchip_mem.*)
                0x0028e624                . = ALIGN (0x4)
                0x0028e624                PROVIDE (_alt_partition_onchip_mem_end, ABSOLUTE (.))
                0x0028e624                _end = ABSOLUTE (.)
                0x0028e624                end = ABSOLUTE (.)
                0x0028e624                __alt_stack_base = ABSOLUTE (.)
                0x0028e624                PROVIDE (_alt_partition_onchip_mem_load_addr, LOADADDR (.onchip_mem))

.stab
 *(.stab)

.stabstr
 *(.stabstr)

.stab.excl
 *(.stab.excl)

.stab.exclstr
 *(.stab.exclstr)

.stab.index
 *(.stab.index)

.stab.indexstr
 *(.stab.indexstr)

.comment        0x00000000       0x26
 *(.comment)
 .comment       0x00000000       0x26 obj/default/hello_world.o
                                 0x27 (size before relaxing)
 .comment       0x00000000       0x27 c:/altera/13.0sp1/nios2eds/bin/gnu/h-i686-mingw32/bin/../lib/gcc/nios2-elf/4.1.2/../../../../nios2-elf/lib\libc.a(lib_a-memcpy.o)
 .comment       0x00000000       0x27 ../SD_bsp/\libhal_bsp.a(alt_load.o)
 .comment       0x00000000       0x27 ../SD_bsp/\libhal_bsp.a(alt_main.o)
 .comment       0x00000000       0x27 ../SD_bsp/\libhal_bsp.a(alt_printf.o)
 .comment       0x00000000       0x27 ../SD_bsp/\libhal_bsp.a(alt_putchar.o)
 .comment       0x00000000       0x27 ../SD_bsp/\libhal_bsp.a(alt_sys_init.o)
 .comment       0x00000000       0x27 ../SD_bsp/\libhal_bsp.a(altera_avalon_jtag_uart_fd.o)
 .comment       0x00000000       0x27 ../SD_bsp/\libhal_bsp.a(altera_avalon_jtag_uart_init.o)
 .comment       0x00000000       0x27 ../SD_bsp/\libhal_bsp.a(altera_avalon_jtag_uart_ioctl.o)
 .comment       0x00000000       0x27 ../SD_bsp/\libhal_bsp.a(altera_avalon_jtag_uart_read.o)
 .comment       0x00000000       0x27 ../SD_bsp/\libhal_bsp.a(altera_avalon_jtag_uart_write.o)
 .comment       0x00000000       0x27 ../SD_bsp/\libhal_bsp.a(altera_up_avalon_ps2.o)
 .comment       0x00000000       0x27 ../SD_bsp/\libhal_bsp.a(altera_up_avalon_video_character_buffer_with_dma.o)
 .comment       0x00000000       0x27 ../SD_bsp/\libhal_bsp.a(altera_up_avalon_video_pixel_buffer_dma.o)
 .comment       0x00000000       0x27 ../SD_bsp/\libhal_bsp.a(alt_alarm_start.o)
 .comment       0x00000000       0x27 ../SD_bsp/\libhal_bsp.a(alt_close.o)
 .comment       0x00000000       0x27 ../SD_bsp/\libhal_bsp.a(alt_dcache_flush_all.o)
 .comment       0x00000000       0x27 ../SD_bsp/\libhal_bsp.a(alt_dev.o)
 .comment       0x00000000       0x27 ../SD_bsp/\libhal_bsp.a(alt_dev_llist_insert.o)
 .comment       0x00000000       0x27 ../SD_bsp/\libhal_bsp.a(alt_do_ctors.o)
 .comment       0x00000000       0x27 ../SD_bsp/\libhal_bsp.a(alt_do_dtors.o)
 .comment       0x00000000       0x27 ../SD_bsp/\libhal_bsp.a(alt_errno.o)
 .comment       0x00000000       0x27 ../SD_bsp/\libhal_bsp.a(alt_find_dev.o)
 .comment       0x00000000       0x27 ../SD_bsp/\libhal_bsp.a(alt_icache_flush_all.o)
 .comment       0x00000000       0x27 ../SD_bsp/\libhal_bsp.a(alt_io_redirect.o)
 .comment       0x00000000       0x27 ../SD_bsp/\libhal_bsp.a(alt_irq_register.o)
 .comment       0x00000000       0x27 ../SD_bsp/\libhal_bsp.a(alt_irq_vars.o)
 .comment       0x00000000       0x27 ../SD_bsp/\libhal_bsp.a(alt_open.o)
 .comment       0x00000000       0x27 ../SD_bsp/\libhal_bsp.a(alt_release_fd.o)
 .comment       0x00000000       0x27 ../SD_bsp/\libhal_bsp.a(alt_tick.o)
 .comment       0x00000000       0x27 ../SD_bsp/\libhal_bsp.a(altera_nios2_qsys_irq.o)
 .comment       0x00000000       0x27 ../SD_bsp/\libhal_bsp.a(alt_find_file.o)
 .comment       0x00000000       0x27 ../SD_bsp/\libhal_bsp.a(alt_get_fd.o)
 .comment       0x00000000       0x27 ../SD_bsp/\libhal_bsp.a(alt_icache_flush.o)
 .comment       0x00000000       0x27 ../SD_bsp/\libhal_bsp.a(alt_irq_handler.o)
 .comment       0x00000000       0x27 c:/altera/13.0sp1/nios2eds/bin/gnu/h-i686-mingw32/bin/../lib/gcc/nios2-elf/4.1.2/../../../../nios2-elf/lib\libc.a(lib_a-atexit.o)
 .comment       0x00000000       0x27 c:/altera/13.0sp1/nios2eds/bin/gnu/h-i686-mingw32/bin/../lib/gcc/nios2-elf/4.1.2/../../../../nios2-elf/lib\libc.a(lib_a-exit.o)
 .comment       0x00000000       0x27 c:/altera/13.0sp1/nios2eds/bin/gnu/h-i686-mingw32/bin/../lib/gcc/nios2-elf/4.1.2/../../../../nios2-elf/lib\libc.a(lib_a-impure.o)
 .comment       0x00000000       0x27 c:/altera/13.0sp1/nios2eds/bin/gnu/h-i686-mingw32/bin/../lib/gcc/nios2-elf/4.1.2/../../../../nios2-elf/lib\libc.a(lib_a-int_errno.o)
 .comment       0x00000000       0x27 c:/altera/13.0sp1/nios2eds/bin/gnu/h-i686-mingw32/bin/../lib/gcc/nios2-elf/4.1.2/../../../../nios2-elf/lib\libc.a(lib_a-memcmp.o)
 .comment       0x00000000       0x27 c:/altera/13.0sp1/nios2eds/bin/gnu/h-i686-mingw32/bin/../lib/gcc/nios2-elf/4.1.2/../../../../nios2-elf/lib\libc.a(lib_a-putc.o)
 .comment       0x00000000       0x27 c:/altera/13.0sp1/nios2eds/bin/gnu/h-i686-mingw32/bin/../lib/gcc/nios2-elf/4.1.2/../../../../nios2-elf/lib\libc.a(lib_a-strcmp.o)
 .comment       0x00000000       0x27 c:/altera/13.0sp1/nios2eds/bin/gnu/h-i686-mingw32/bin/../lib/gcc/nios2-elf/4.1.2/../../../../nios2-elf/lib\libc.a(lib_a-strlen.o)
 .comment       0x00000000       0x27 c:/altera/13.0sp1/nios2eds/bin/gnu/h-i686-mingw32/bin/../lib/gcc/nios2-elf/4.1.2/../../../../nios2-elf/lib\libc.a(lib_a-wbuf.o)
 .comment       0x00000000       0x27 c:/altera/13.0sp1/nios2eds/bin/gnu/h-i686-mingw32/bin/../lib/gcc/nios2-elf/4.1.2/../../../../nios2-elf/lib\libc.a(lib_a-wsetup.o)
 .comment       0x00000000       0x27 c:/altera/13.0sp1/nios2eds/bin/gnu/h-i686-mingw32/bin/../lib/gcc/nios2-elf/4.1.2/../../../../nios2-elf/lib\libc.a(lib_a-__atexit.o)
 .comment       0x00000000       0x27 c:/altera/13.0sp1/nios2eds/bin/gnu/h-i686-mingw32/bin/../lib/gcc/nios2-elf/4.1.2/../../../../nios2-elf/lib\libc.a(lib_a-__call_atexit.o)
 .comment       0x00000000       0x27 c:/altera/13.0sp1/nios2eds/bin/gnu/h-i686-mingw32/bin/../lib/gcc/nios2-elf/4.1.2/../../../../nios2-elf/lib\libc.a(lib_a-fflush.o)
 .comment       0x00000000       0x27 c:/altera/13.0sp1/nios2eds/bin/gnu/h-i686-mingw32/bin/../lib/gcc/nios2-elf/4.1.2/../../../../nios2-elf/lib\libc.a(lib_a-findfp.o)
 .comment       0x00000000       0x27 c:/altera/13.0sp1/nios2eds/bin/gnu/h-i686-mingw32/bin/../lib/gcc/nios2-elf/4.1.2/../../../../nios2-elf/lib\libc.a(lib_a-freer.o)
 .comment       0x00000000       0x27 c:/altera/13.0sp1/nios2eds/bin/gnu/h-i686-mingw32/bin/../lib/gcc/nios2-elf/4.1.2/../../../../nios2-elf/lib\libc.a(lib_a-fwalk.o)
 .comment       0x00000000       0x27 c:/altera/13.0sp1/nios2eds/bin/gnu/h-i686-mingw32/bin/../lib/gcc/nios2-elf/4.1.2/../../../../nios2-elf/lib\libc.a(lib_a-makebuf.o)
 .comment       0x00000000       0x27 c:/altera/13.0sp1/nios2eds/bin/gnu/h-i686-mingw32/bin/../lib/gcc/nios2-elf/4.1.2/../../../../nios2-elf/lib\libc.a(lib_a-mallocr.o)
 .comment       0x00000000       0x27 c:/altera/13.0sp1/nios2eds/bin/gnu/h-i686-mingw32/bin/../lib/gcc/nios2-elf/4.1.2/../../../../nios2-elf/lib\libc.a(lib_a-memset.o)
 .comment       0x00000000       0x27 c:/altera/13.0sp1/nios2eds/bin/gnu/h-i686-mingw32/bin/../lib/gcc/nios2-elf/4.1.2/../../../../nios2-elf/lib\libc.a(lib_a-sbrkr.o)
 .comment       0x00000000       0x27 c:/altera/13.0sp1/nios2eds/bin/gnu/h-i686-mingw32/bin/../lib/gcc/nios2-elf/4.1.2/../../../../nios2-elf/lib\libc.a(lib_a-stdio.o)
 .comment       0x00000000       0x27 c:/altera/13.0sp1/nios2eds/bin/gnu/h-i686-mingw32/bin/../lib/gcc/nios2-elf/4.1.2/../../../../nios2-elf/lib\libc.a(lib_a-writer.o)
 .comment       0x00000000       0x27 c:/altera/13.0sp1/nios2eds/bin/gnu/h-i686-mingw32/bin/../lib/gcc/nios2-elf/4.1.2/../../../../nios2-elf/lib\libc.a(lib_a-closer.o)
 .comment       0x00000000       0x27 c:/altera/13.0sp1/nios2eds/bin/gnu/h-i686-mingw32/bin/../lib/gcc/nios2-elf/4.1.2/../../../../nios2-elf/lib\libc.a(lib_a-fclose.o)
 .comment       0x00000000       0x27 c:/altera/13.0sp1/nios2eds/bin/gnu/h-i686-mingw32/bin/../lib/gcc/nios2-elf/4.1.2/../../../../nios2-elf/lib\libc.a(lib_a-fstatr.o)
 .comment       0x00000000       0x27 c:/altera/13.0sp1/nios2eds/bin/gnu/h-i686-mingw32/bin/../lib/gcc/nios2-elf/4.1.2/../../../../nios2-elf/lib\libc.a(lib_a-isattyr.o)
 .comment       0x00000000       0x27 c:/altera/13.0sp1/nios2eds/bin/gnu/h-i686-mingw32/bin/../lib/gcc/nios2-elf/4.1.2/../../../../nios2-elf/lib\libc.a(lib_a-lseekr.o)
 .comment       0x00000000       0x27 c:/altera/13.0sp1/nios2eds/bin/gnu/h-i686-mingw32/bin/../lib/gcc/nios2-elf/4.1.2/../../../../nios2-elf/lib\libc.a(lib_a-readr.o)
 .comment       0x00000000       0x27 ../SD_bsp/\libhal_bsp.a(alt_exit.o)
 .comment       0x00000000       0x27 ../SD_bsp/\libhal_bsp.a(alt_fstat.o)
 .comment       0x00000000       0x27 ../SD_bsp/\libhal_bsp.a(alt_isatty.o)
 .comment       0x00000000       0x27 ../SD_bsp/\libhal_bsp.a(alt_lseek.o)
 .comment       0x00000000       0x27 ../SD_bsp/\libhal_bsp.a(alt_malloc_lock.o)
 .comment       0x00000000       0x27 ../SD_bsp/\libhal_bsp.a(alt_read.o)
 .comment       0x00000000       0x27 ../SD_bsp/\libhal_bsp.a(alt_sbrk.o)
 .comment       0x00000000       0x27 ../SD_bsp/\libhal_bsp.a(alt_write.o)

.debug
 *(.debug)

.line
 *(.line)

.debug_srcinfo
 *(.debug_srcinfo)

.debug_sfnames
 *(.debug_sfnames)

.debug_aranges  0x00000000      0x918
 *(.debug_aranges)
 .debug_aranges
                0x00000000       0x28 ../SD_bsp//obj/HAL/src/crt0.o
 .debug_aranges
                0x00000028       0x20 obj/default/hello_world.o
 .debug_aranges
                0x00000048       0x20 c:/altera/13.0sp1/nios2eds/bin/gnu/h-i686-mingw32/bin/../lib/gcc/nios2-elf/4.1.2/../../../../nios2-elf/lib\libc.a(lib_a-memcpy.o)
 .debug_aranges
                0x00000068       0x20 ../SD_bsp/\libhal_bsp.a(alt_load.o)
 .debug_aranges
                0x00000088       0x20 ../SD_bsp/\libhal_bsp.a(alt_main.o)
 .debug_aranges
                0x000000a8       0x20 ../SD_bsp/\libhal_bsp.a(alt_printf.o)
 .debug_aranges
                0x000000c8       0x20 ../SD_bsp/\libhal_bsp.a(alt_putchar.o)
 .debug_aranges
                0x000000e8       0x20 ../SD_bsp/\libhal_bsp.a(alt_sys_init.o)
 .debug_aranges
                0x00000108       0x20 ../SD_bsp/\libhal_bsp.a(altera_avalon_jtag_uart_fd.o)
 .debug_aranges
                0x00000128       0x20 ../SD_bsp/\libhal_bsp.a(altera_avalon_jtag_uart_init.o)
 .debug_aranges
                0x00000148       0x20 ../SD_bsp/\libhal_bsp.a(altera_avalon_jtag_uart_ioctl.o)
 .debug_aranges
                0x00000168       0x20 ../SD_bsp/\libhal_bsp.a(altera_avalon_jtag_uart_read.o)
 .debug_aranges
                0x00000188       0x20 ../SD_bsp/\libhal_bsp.a(altera_avalon_jtag_uart_write.o)
 .debug_aranges
                0x000001a8       0x20 ../SD_bsp/\libhal_bsp.a(altera_up_avalon_ps2.o)
 .debug_aranges
                0x000001c8       0x20 ../SD_bsp/\libhal_bsp.a(altera_up_avalon_video_character_buffer_with_dma.o)
 .debug_aranges
                0x000001e8       0x20 ../SD_bsp/\libhal_bsp.a(altera_up_avalon_video_pixel_buffer_dma.o)
 .debug_aranges
                0x00000208       0x20 ../SD_bsp/\libhal_bsp.a(alt_alarm_start.o)
 .debug_aranges
                0x00000228       0x20 ../SD_bsp/\libhal_bsp.a(alt_close.o)
 .debug_aranges
                0x00000248       0x20 ../SD_bsp/\libhal_bsp.a(alt_dcache_flush_all.o)
 .debug_aranges
                0x00000268       0x20 ../SD_bsp/\libhal_bsp.a(alt_dev.o)
 .debug_aranges
                0x00000288       0x20 ../SD_bsp/\libhal_bsp.a(alt_dev_llist_insert.o)
 .debug_aranges
                0x000002a8       0x20 ../SD_bsp/\libhal_bsp.a(alt_do_ctors.o)
 .debug_aranges
                0x000002c8       0x20 ../SD_bsp/\libhal_bsp.a(alt_do_dtors.o)
 .debug_aranges
                0x000002e8       0x20 ../SD_bsp/\libhal_bsp.a(alt_find_dev.o)
 .debug_aranges
                0x00000308       0x20 ../SD_bsp/\libhal_bsp.a(alt_icache_flush_all.o)
 .debug_aranges
                0x00000328       0x20 ../SD_bsp/\libhal_bsp.a(alt_io_redirect.o)
 .debug_aranges
                0x00000348       0x20 ../SD_bsp/\libhal_bsp.a(alt_irq_register.o)
 .debug_aranges
                0x00000368       0x20 ../SD_bsp/\libhal_bsp.a(alt_open.o)
 .debug_aranges
                0x00000388       0x20 ../SD_bsp/\libhal_bsp.a(alt_release_fd.o)
 .debug_aranges
                0x000003a8       0x20 ../SD_bsp/\libhal_bsp.a(alt_tick.o)
 .debug_aranges
                0x000003c8       0x20 ../SD_bsp/\libhal_bsp.a(altera_nios2_qsys_irq.o)
 .debug_aranges
                0x000003e8       0x20 ../SD_bsp/\libhal_bsp.a(alt_find_file.o)
 .debug_aranges
                0x00000408       0x20 ../SD_bsp/\libhal_bsp.a(alt_get_fd.o)
 .debug_aranges
                0x00000428       0x20 ../SD_bsp/\libhal_bsp.a(alt_icache_flush.o)
 .debug_aranges
                0x00000448       0x30 ../SD_bsp/\libhal_bsp.a(alt_irq_entry.o)
 .debug_aranges
                0x00000478       0x28 ../SD_bsp/\libhal_bsp.a(alt_irq_handler.o)
 .debug_aranges
                0x000004a0       0x38 ../SD_bsp/\libhal_bsp.a(alt_exception_entry.o)
 .debug_aranges
                0x000004d8       0x20 c:/altera/13.0sp1/nios2eds/bin/gnu/h-i686-mingw32/bin/../lib/gcc/nios2-elf/4.1.2/../../../../nios2-elf/lib\libc.a(lib_a-atexit.o)
 .debug_aranges
                0x000004f8       0x20 c:/altera/13.0sp1/nios2eds/bin/gnu/h-i686-mingw32/bin/../lib/gcc/nios2-elf/4.1.2/../../../../nios2-elf/lib\libc.a(lib_a-exit.o)
 .debug_aranges
                0x00000518       0x20 c:/altera/13.0sp1/nios2eds/bin/gnu/h-i686-mingw32/bin/../lib/gcc/nios2-elf/4.1.2/../../../../nios2-elf/lib\libc.a(lib_a-memcmp.o)
 .debug_aranges
                0x00000538       0x20 c:/altera/13.0sp1/nios2eds/bin/gnu/h-i686-mingw32/bin/../lib/gcc/nios2-elf/4.1.2/../../../../nios2-elf/lib\libc.a(lib_a-putc.o)
 .debug_aranges
                0x00000558       0x20 c:/altera/13.0sp1/nios2eds/bin/gnu/h-i686-mingw32/bin/../lib/gcc/nios2-elf/4.1.2/../../../../nios2-elf/lib\libc.a(lib_a-strcmp.o)
 .debug_aranges
                0x00000578       0x20 c:/altera/13.0sp1/nios2eds/bin/gnu/h-i686-mingw32/bin/../lib/gcc/nios2-elf/4.1.2/../../../../nios2-elf/lib\libc.a(lib_a-strlen.o)
 .debug_aranges
                0x00000598       0x20 c:/altera/13.0sp1/nios2eds/bin/gnu/h-i686-mingw32/bin/../lib/gcc/nios2-elf/4.1.2/../../../../nios2-elf/lib\libc.a(lib_a-wbuf.o)
 .debug_aranges
                0x000005b8       0x20 c:/altera/13.0sp1/nios2eds/bin/gnu/h-i686-mingw32/bin/../lib/gcc/nios2-elf/4.1.2/../../../../nios2-elf/lib\libc.a(lib_a-wsetup.o)
 .debug_aranges
                0x000005d8       0x20 c:/altera/13.0sp1/nios2eds/bin/gnu/h-i686-mingw32/bin/../lib/gcc/nios2-elf/4.1.2/../../../../nios2-elf/lib\libc.a(lib_a-__atexit.o)
 .debug_aranges
                0x000005f8       0x20 c:/altera/13.0sp1/nios2eds/bin/gnu/h-i686-mingw32/bin/../lib/gcc/nios2-elf/4.1.2/../../../../nios2-elf/lib\libc.a(lib_a-__call_atexit.o)
 .debug_aranges
                0x00000618       0x20 c:/altera/13.0sp1/nios2eds/bin/gnu/h-i686-mingw32/bin/../lib/gcc/nios2-elf/4.1.2/../../../../nios2-elf/lib\libc.a(lib_a-fflush.o)
 .debug_aranges
                0x00000638       0x20 c:/altera/13.0sp1/nios2eds/bin/gnu/h-i686-mingw32/bin/../lib/gcc/nios2-elf/4.1.2/../../../../nios2-elf/lib\libc.a(lib_a-findfp.o)
 .debug_aranges
                0x00000658       0x20 c:/altera/13.0sp1/nios2eds/bin/gnu/h-i686-mingw32/bin/../lib/gcc/nios2-elf/4.1.2/../../../../nios2-elf/lib\libc.a(lib_a-freer.o)
 .debug_aranges
                0x00000678       0x20 c:/altera/13.0sp1/nios2eds/bin/gnu/h-i686-mingw32/bin/../lib/gcc/nios2-elf/4.1.2/../../../../nios2-elf/lib\libc.a(lib_a-fwalk.o)
 .debug_aranges
                0x00000698       0x20 c:/altera/13.0sp1/nios2eds/bin/gnu/h-i686-mingw32/bin/../lib/gcc/nios2-elf/4.1.2/../../../../nios2-elf/lib\libc.a(lib_a-makebuf.o)
 .debug_aranges
                0x000006b8       0x20 c:/altera/13.0sp1/nios2eds/bin/gnu/h-i686-mingw32/bin/../lib/gcc/nios2-elf/4.1.2/../../../../nios2-elf/lib\libc.a(lib_a-mallocr.o)
 .debug_aranges
                0x000006d8       0x20 c:/altera/13.0sp1/nios2eds/bin/gnu/h-i686-mingw32/bin/../lib/gcc/nios2-elf/4.1.2/../../../../nios2-elf/lib\libc.a(lib_a-memset.o)
 .debug_aranges
                0x000006f8       0x20 c:/altera/13.0sp1/nios2eds/bin/gnu/h-i686-mingw32/bin/../lib/gcc/nios2-elf/4.1.2/../../../../nios2-elf/lib\libc.a(lib_a-sbrkr.o)
 .debug_aranges
                0x00000718       0x20 c:/altera/13.0sp1/nios2eds/bin/gnu/h-i686-mingw32/bin/../lib/gcc/nios2-elf/4.1.2/../../../../nios2-elf/lib\libc.a(lib_a-stdio.o)
 .debug_aranges
                0x00000738       0x20 c:/altera/13.0sp1/nios2eds/bin/gnu/h-i686-mingw32/bin/../lib/gcc/nios2-elf/4.1.2/../../../../nios2-elf/lib\libc.a(lib_a-writer.o)
 .debug_aranges
                0x00000758       0x20 c:/altera/13.0sp1/nios2eds/bin/gnu/h-i686-mingw32/bin/../lib/gcc/nios2-elf/4.1.2/../../../../nios2-elf/lib\libc.a(lib_a-closer.o)
 .debug_aranges
                0x00000778       0x20 c:/altera/13.0sp1/nios2eds/bin/gnu/h-i686-mingw32/bin/../lib/gcc/nios2-elf/4.1.2/../../../../nios2-elf/lib\libc.a(lib_a-fclose.o)
 .debug_aranges
                0x00000798       0x20 c:/altera/13.0sp1/nios2eds/bin/gnu/h-i686-mingw32/bin/../lib/gcc/nios2-elf/4.1.2/../../../../nios2-elf/lib\libc.a(lib_a-fstatr.o)
 .debug_aranges
                0x000007b8       0x20 c:/altera/13.0sp1/nios2eds/bin/gnu/h-i686-mingw32/bin/../lib/gcc/nios2-elf/4.1.2/../../../../nios2-elf/lib\libc.a(lib_a-isattyr.o)
 .debug_aranges
                0x000007d8       0x20 c:/altera/13.0sp1/nios2eds/bin/gnu/h-i686-mingw32/bin/../lib/gcc/nios2-elf/4.1.2/../../../../nios2-elf/lib\libc.a(lib_a-lseekr.o)
 .debug_aranges
                0x000007f8       0x20 c:/altera/13.0sp1/nios2eds/bin/gnu/h-i686-mingw32/bin/../lib/gcc/nios2-elf/4.1.2/../../../../nios2-elf/lib\libc.a(lib_a-readr.o)
 .debug_aranges
                0x00000818       0x20 ../SD_bsp/\libhal_bsp.a(alt_exit.o)
 .debug_aranges
                0x00000838       0x20 ../SD_bsp/\libhal_bsp.a(alt_fstat.o)
 .debug_aranges
                0x00000858       0x20 ../SD_bsp/\libhal_bsp.a(alt_isatty.o)
 .debug_aranges
                0x00000878       0x20 ../SD_bsp/\libhal_bsp.a(alt_lseek.o)
 .debug_aranges
                0x00000898       0x20 ../SD_bsp/\libhal_bsp.a(alt_malloc_lock.o)
 .debug_aranges
                0x000008b8       0x20 ../SD_bsp/\libhal_bsp.a(alt_read.o)
 .debug_aranges
                0x000008d8       0x20 ../SD_bsp/\libhal_bsp.a(alt_sbrk.o)
 .debug_aranges
                0x000008f8       0x20 ../SD_bsp/\libhal_bsp.a(alt_write.o)

.debug_pubnames
                0x00000000     0x1140
 *(.debug_pubnames)
 .debug_pubnames
                0x00000000       0x1b obj/default/hello_world.o
 .debug_pubnames
                0x0000001b       0x1d c:/altera/13.0sp1/nios2eds/bin/gnu/h-i686-mingw32/bin/../lib/gcc/nios2-elf/4.1.2/../../../../nios2-elf/lib\libc.a(lib_a-memcpy.o)
 .debug_pubnames
                0x00000038       0x1f ../SD_bsp/\libhal_bsp.a(alt_load.o)
 .debug_pubnames
                0x00000057       0x46 ../SD_bsp/\libhal_bsp.a(alt_main.o)
 .debug_pubnames
                0x0000009d       0x21 ../SD_bsp/\libhal_bsp.a(alt_printf.o)
 .debug_pubnames
                0x000000be       0x22 ../SD_bsp/\libhal_bsp.a(alt_putchar.o)
 .debug_pubnames
                0x000000e0       0x34 ../SD_bsp/\libhal_bsp.a(alt_sys_init.o)
 .debug_pubnames
                0x00000114       0xa5 ../SD_bsp/\libhal_bsp.a(altera_avalon_jtag_uart_fd.o)
 .debug_pubnames
                0x000001b9       0x55 ../SD_bsp/\libhal_bsp.a(altera_avalon_jtag_uart_init.o)
 .debug_pubnames
                0x0000020e       0x34 ../SD_bsp/\libhal_bsp.a(altera_avalon_jtag_uart_ioctl.o)
 .debug_pubnames
                0x00000242       0x33 ../SD_bsp/\libhal_bsp.a(altera_avalon_jtag_uart_read.o)
 .debug_pubnames
                0x00000275       0x34 ../SD_bsp/\libhal_bsp.a(altera_avalon_jtag_uart_write.o)
 .debug_pubnames
                0x000002a9      0x1ed ../SD_bsp/\libhal_bsp.a(altera_up_avalon_ps2.o)
 .debug_pubnames
                0x00000496       0xa5 ../SD_bsp/\libhal_bsp.a(altera_up_avalon_video_character_buffer_with_dma.o)
 .debug_pubnames
                0x0000053b      0x1f1 ../SD_bsp/\libhal_bsp.a(altera_up_avalon_video_pixel_buffer_dma.o)
 .debug_pubnames
                0x0000072c       0x26 ../SD_bsp/\libhal_bsp.a(alt_alarm_start.o)
 .debug_pubnames
                0x00000752       0x1c ../SD_bsp/\libhal_bsp.a(alt_close.o)
 .debug_pubnames
                0x0000076e       0x2b ../SD_bsp/\libhal_bsp.a(alt_dcache_flush_all.o)
 .debug_pubnames
                0x00000799       0x63 ../SD_bsp/\libhal_bsp.a(alt_dev.o)
 .debug_pubnames
                0x000007fc       0x2b ../SD_bsp/\libhal_bsp.a(alt_dev_llist_insert.o)
 .debug_pubnames
                0x00000827       0x20 ../SD_bsp/\libhal_bsp.a(alt_do_ctors.o)
 .debug_pubnames
                0x00000847       0x20 ../SD_bsp/\libhal_bsp.a(alt_do_dtors.o)
 .debug_pubnames
                0x00000867       0x20 ../SD_bsp/\libhal_bsp.a(alt_errno.o)
 .debug_pubnames
                0x00000887       0x23 ../SD_bsp/\libhal_bsp.a(alt_find_dev.o)
 .debug_pubnames
                0x000008aa       0x2b ../SD_bsp/\libhal_bsp.a(alt_icache_flush_all.o)
 .debug_pubnames
                0x000008d5       0x26 ../SD_bsp/\libhal_bsp.a(alt_io_redirect.o)
 .debug_pubnames
                0x000008fb       0x27 ../SD_bsp/\libhal_bsp.a(alt_irq_register.o)
 .debug_pubnames
                0x00000922       0x3b ../SD_bsp/\libhal_bsp.a(alt_irq_vars.o)
 .debug_pubnames
                0x0000095d       0x1b ../SD_bsp/\libhal_bsp.a(alt_open.o)
 .debug_pubnames
                0x00000978       0x25 ../SD_bsp/\libhal_bsp.a(alt_release_fd.o)
 .debug_pubnames
                0x0000099d       0x68 ../SD_bsp/\libhal_bsp.a(alt_tick.o)
 .debug_pubnames
                0x00000a05       0x31 ../SD_bsp/\libhal_bsp.a(altera_nios2_qsys_irq.o)
 .debug_pubnames
                0x00000a36       0x24 ../SD_bsp/\libhal_bsp.a(alt_find_file.o)
 .debug_pubnames
                0x00000a5a       0x21 ../SD_bsp/\libhal_bsp.a(alt_get_fd.o)
 .debug_pubnames
                0x00000a7b       0x27 ../SD_bsp/\libhal_bsp.a(alt_icache_flush.o)
 .debug_pubnames
                0x00000aa2       0x32 ../SD_bsp/\libhal_bsp.a(alt_irq_handler.o)
 .debug_pubnames
                0x00000ad4       0x2a c:/altera/13.0sp1/nios2eds/bin/gnu/h-i686-mingw32/bin/../lib/gcc/nios2-elf/4.1.2/../../../../nios2-elf/lib\libc.a(lib_a-atexit.o)
 .debug_pubnames
                0x00000afe       0x1b c:/altera/13.0sp1/nios2eds/bin/gnu/h-i686-mingw32/bin/../lib/gcc/nios2-elf/4.1.2/../../../../nios2-elf/lib\libc.a(lib_a-exit.o)
 .debug_pubnames
                0x00000b19       0x39 c:/altera/13.0sp1/nios2eds/bin/gnu/h-i686-mingw32/bin/../lib/gcc/nios2-elf/4.1.2/../../../../nios2-elf/lib\libc.a(lib_a-impure.o)
 .debug_pubnames
                0x00000b52       0x1c c:/altera/13.0sp1/nios2eds/bin/gnu/h-i686-mingw32/bin/../lib/gcc/nios2-elf/4.1.2/../../../../nios2-elf/lib\libc.a(lib_a-int_errno.o)
 .debug_pubnames
                0x00000b6e       0x1d c:/altera/13.0sp1/nios2eds/bin/gnu/h-i686-mingw32/bin/../lib/gcc/nios2-elf/4.1.2/../../../../nios2-elf/lib\libc.a(lib_a-memcmp.o)
 .debug_pubnames
                0x00000b8b       0x27 c:/altera/13.0sp1/nios2eds/bin/gnu/h-i686-mingw32/bin/../lib/gcc/nios2-elf/4.1.2/../../../../nios2-elf/lib\libc.a(lib_a-putc.o)
 .debug_pubnames
                0x00000bb2       0x1d c:/altera/13.0sp1/nios2eds/bin/gnu/h-i686-mingw32/bin/../lib/gcc/nios2-elf/4.1.2/../../../../nios2-elf/lib\libc.a(lib_a-strcmp.o)
 .debug_pubnames
                0x00000bcf       0x1d c:/altera/13.0sp1/nios2eds/bin/gnu/h-i686-mingw32/bin/../lib/gcc/nios2-elf/4.1.2/../../../../nios2-elf/lib\libc.a(lib_a-strlen.o)
 .debug_pubnames
                0x00000bec       0x2c c:/altera/13.0sp1/nios2eds/bin/gnu/h-i686-mingw32/bin/../lib/gcc/nios2-elf/4.1.2/../../../../nios2-elf/lib\libc.a(lib_a-wbuf.o)
 .debug_pubnames
                0x00000c18       0x22 c:/altera/13.0sp1/nios2eds/bin/gnu/h-i686-mingw32/bin/../lib/gcc/nios2-elf/4.1.2/../../../../nios2-elf/lib\libc.a(lib_a-wsetup.o)
 .debug_pubnames
                0x00000c3a       0x2a c:/altera/13.0sp1/nios2eds/bin/gnu/h-i686-mingw32/bin/../lib/gcc/nios2-elf/4.1.2/../../../../nios2-elf/lib\libc.a(lib_a-__atexit.o)
 .debug_pubnames
                0x00000c64       0x27 c:/altera/13.0sp1/nios2eds/bin/gnu/h-i686-mingw32/bin/../lib/gcc/nios2-elf/4.1.2/../../../../nios2-elf/lib\libc.a(lib_a-__call_atexit.o)
 .debug_pubnames
                0x00000c8b       0x2b c:/altera/13.0sp1/nios2eds/bin/gnu/h-i686-mingw32/bin/../lib/gcc/nios2-elf/4.1.2/../../../../nios2-elf/lib\libc.a(lib_a-fflush.o)
 .debug_pubnames
                0x00000cb6       0xdb c:/altera/13.0sp1/nios2eds/bin/gnu/h-i686-mingw32/bin/../lib/gcc/nios2-elf/4.1.2/../../../../nios2-elf/lib\libc.a(lib_a-findfp.o)
 .debug_pubnames
                0x00000d91       0x31 c:/altera/13.0sp1/nios2eds/bin/gnu/h-i686-mingw32/bin/../lib/gcc/nios2-elf/4.1.2/../../../../nios2-elf/lib\libc.a(lib_a-freer.o)
 .debug_pubnames
                0x00000dc2       0x2e c:/altera/13.0sp1/nios2eds/bin/gnu/h-i686-mingw32/bin/../lib/gcc/nios2-elf/4.1.2/../../../../nios2-elf/lib\libc.a(lib_a-fwalk.o)
 .debug_pubnames
                0x00000df0       0x23 c:/altera/13.0sp1/nios2eds/bin/gnu/h-i686-mingw32/bin/../lib/gcc/nios2-elf/4.1.2/../../../../nios2-elf/lib\libc.a(lib_a-makebuf.o)
 .debug_pubnames
                0x00000e13       0xce c:/altera/13.0sp1/nios2eds/bin/gnu/h-i686-mingw32/bin/../lib/gcc/nios2-elf/4.1.2/../../../../nios2-elf/lib\libc.a(lib_a-mallocr.o)
 .debug_pubnames
                0x00000ee1       0x1d c:/altera/13.0sp1/nios2eds/bin/gnu/h-i686-mingw32/bin/../lib/gcc/nios2-elf/4.1.2/../../../../nios2-elf/lib\libc.a(lib_a-memset.o)
 .debug_pubnames
                0x00000efe       0x1e c:/altera/13.0sp1/nios2eds/bin/gnu/h-i686-mingw32/bin/../lib/gcc/nios2-elf/4.1.2/../../../../nios2-elf/lib\libc.a(lib_a-sbrkr.o)
 .debug_pubnames
                0x00000f1c       0x44 c:/altera/13.0sp1/nios2eds/bin/gnu/h-i686-mingw32/bin/../lib/gcc/nios2-elf/4.1.2/../../../../nios2-elf/lib\libc.a(lib_a-stdio.o)
 .debug_pubnames
                0x00000f60       0x1f c:/altera/13.0sp1/nios2eds/bin/gnu/h-i686-mingw32/bin/../lib/gcc/nios2-elf/4.1.2/../../../../nios2-elf/lib\libc.a(lib_a-writer.o)
 .debug_pubnames
                0x00000f7f       0x1f c:/altera/13.0sp1/nios2eds/bin/gnu/h-i686-mingw32/bin/../lib/gcc/nios2-elf/4.1.2/../../../../nios2-elf/lib\libc.a(lib_a-closer.o)
 .debug_pubnames
                0x00000f9e       0x2b c:/altera/13.0sp1/nios2eds/bin/gnu/h-i686-mingw32/bin/../lib/gcc/nios2-elf/4.1.2/../../../../nios2-elf/lib\libc.a(lib_a-fclose.o)
 .debug_pubnames
                0x00000fc9       0x1f c:/altera/13.0sp1/nios2eds/bin/gnu/h-i686-mingw32/bin/../lib/gcc/nios2-elf/4.1.2/../../../../nios2-elf/lib\libc.a(lib_a-fstatr.o)
 .debug_pubnames
                0x00000fe8       0x20 c:/altera/13.0sp1/nios2eds/bin/gnu/h-i686-mingw32/bin/../lib/gcc/nios2-elf/4.1.2/../../../../nios2-elf/lib\libc.a(lib_a-isattyr.o)
 .debug_pubnames
                0x00001008       0x1f c:/altera/13.0sp1/nios2eds/bin/gnu/h-i686-mingw32/bin/../lib/gcc/nios2-elf/4.1.2/../../../../nios2-elf/lib\libc.a(lib_a-lseekr.o)
 .debug_pubnames
                0x00001027       0x1e c:/altera/13.0sp1/nios2eds/bin/gnu/h-i686-mingw32/bin/../lib/gcc/nios2-elf/4.1.2/../../../../nios2-elf/lib\libc.a(lib_a-readr.o)
 .debug_pubnames
                0x00001045       0x1c ../SD_bsp/\libhal_bsp.a(alt_exit.o)
 .debug_pubnames
                0x00001061       0x1c ../SD_bsp/\libhal_bsp.a(alt_fstat.o)
 .debug_pubnames
                0x0000107d       0x1d ../SD_bsp/\libhal_bsp.a(alt_isatty.o)
 .debug_pubnames
                0x0000109a       0x1c ../SD_bsp/\libhal_bsp.a(alt_lseek.o)
 .debug_pubnames
                0x000010b6       0x38 ../SD_bsp/\libhal_bsp.a(alt_malloc_lock.o)
 .debug_pubnames
                0x000010ee       0x1b ../SD_bsp/\libhal_bsp.a(alt_read.o)
 .debug_pubnames
                0x00001109       0x1b ../SD_bsp/\libhal_bsp.a(alt_sbrk.o)
 .debug_pubnames
                0x00001124       0x1c ../SD_bsp/\libhal_bsp.a(alt_write.o)

.debug_info     0x00000000    0x1b5bf
 *(.debug_info .gnu.linkonce.wi.*)
 .debug_info    0x00000000       0x5a ../SD_bsp//obj/HAL/src/crt0.o
 .debug_info    0x0000005a      0x5cd obj/default/hello_world.o
 .debug_info    0x00000627      0x106 c:/altera/13.0sp1/nios2eds/bin/gnu/h-i686-mingw32/bin/../lib/gcc/nios2-elf/4.1.2/../../../../nios2-elf/lib\libc.a(lib_a-memcpy.o)
 .debug_info    0x0000072d      0x26c ../SD_bsp/\libhal_bsp.a(alt_load.o)
 .debug_info    0x00000999      0x24b ../SD_bsp/\libhal_bsp.a(alt_main.o)
 .debug_info    0x00000be4      0x187 ../SD_bsp/\libhal_bsp.a(alt_printf.o)
 .debug_info    0x00000d6b      0xbdb ../SD_bsp/\libhal_bsp.a(alt_putchar.o)
 .debug_info    0x00001946      0xabd ../SD_bsp/\libhal_bsp.a(alt_sys_init.o)
 .debug_info    0x00002403      0x7b8 ../SD_bsp/\libhal_bsp.a(altera_avalon_jtag_uart_fd.o)
 .debug_info    0x00002bbb      0x620 ../SD_bsp/\libhal_bsp.a(altera_avalon_jtag_uart_init.o)
 .debug_info    0x000031db      0x422 ../SD_bsp/\libhal_bsp.a(altera_avalon_jtag_uart_ioctl.o)
 .debug_info    0x000035fd      0x558 ../SD_bsp/\libhal_bsp.a(altera_avalon_jtag_uart_read.o)
 .debug_info    0x00003b55      0x550 ../SD_bsp/\libhal_bsp.a(altera_avalon_jtag_uart_write.o)
 .debug_info    0x000040a5      0xacc ../SD_bsp/\libhal_bsp.a(altera_up_avalon_ps2.o)
 .debug_info    0x00004b71      0x671 ../SD_bsp/\libhal_bsp.a(altera_up_avalon_video_character_buffer_with_dma.o)
 .debug_info    0x000051e2      0xe5d ../SD_bsp/\libhal_bsp.a(altera_up_avalon_video_pixel_buffer_dma.o)
 .debug_info    0x0000603f      0x454 ../SD_bsp/\libhal_bsp.a(alt_alarm_start.o)
 .debug_info    0x00006493      0x446 ../SD_bsp/\libhal_bsp.a(alt_close.o)
 .debug_info    0x000068d9      0x13b ../SD_bsp/\libhal_bsp.a(alt_dcache_flush_all.o)
 .debug_info    0x00006a14      0x65e ../SD_bsp/\libhal_bsp.a(alt_dev.o)
 .debug_info    0x00007072      0x296 ../SD_bsp/\libhal_bsp.a(alt_dev_llist_insert.o)
 .debug_info    0x00007308       0xee ../SD_bsp/\libhal_bsp.a(alt_do_ctors.o)
 .debug_info    0x000073f6       0xed ../SD_bsp/\libhal_bsp.a(alt_do_dtors.o)
 .debug_info    0x000074e3      0x143 ../SD_bsp/\libhal_bsp.a(alt_errno.o)
 .debug_info    0x00007626      0x3f7 ../SD_bsp/\libhal_bsp.a(alt_find_dev.o)
 .debug_info    0x00007a1d      0x13b ../SD_bsp/\libhal_bsp.a(alt_icache_flush_all.o)
 .debug_info    0x00007b58      0x674 ../SD_bsp/\libhal_bsp.a(alt_io_redirect.o)
 .debug_info    0x000081cc      0x40e ../SD_bsp/\libhal_bsp.a(alt_irq_register.o)
 .debug_info    0x000085da      0x146 ../SD_bsp/\libhal_bsp.a(alt_irq_vars.o)
 .debug_info    0x00008720      0x504 ../SD_bsp/\libhal_bsp.a(alt_open.o)
 .debug_info    0x00008c24      0x3d1 ../SD_bsp/\libhal_bsp.a(alt_release_fd.o)
 .debug_info    0x00008ff5      0x410 ../SD_bsp/\libhal_bsp.a(alt_tick.o)
 .debug_info    0x00009405      0x189 ../SD_bsp/\libhal_bsp.a(altera_nios2_qsys_irq.o)
 .debug_info    0x0000958e      0x3fe ../SD_bsp/\libhal_bsp.a(alt_find_file.o)
 .debug_info    0x0000998c      0x43f ../SD_bsp/\libhal_bsp.a(alt_get_fd.o)
 .debug_info    0x00009dcb      0x183 ../SD_bsp/\libhal_bsp.a(alt_icache_flush.o)
 .debug_info    0x00009f4e       0x63 ../SD_bsp/\libhal_bsp.a(alt_irq_entry.o)
 .debug_info    0x00009fb1      0x291 ../SD_bsp/\libhal_bsp.a(alt_irq_handler.o)
 .debug_info    0x0000a242       0x69 ../SD_bsp/\libhal_bsp.a(alt_exception_entry.o)
 .debug_info    0x0000a2ab      0x181 c:/altera/13.0sp1/nios2eds/bin/gnu/h-i686-mingw32/bin/../lib/gcc/nios2-elf/4.1.2/../../../../nios2-elf/lib\libc.a(lib_a-atexit.o)
 .debug_info    0x0000a42c      0x93f c:/altera/13.0sp1/nios2eds/bin/gnu/h-i686-mingw32/bin/../lib/gcc/nios2-elf/4.1.2/../../../../nios2-elf/lib\libc.a(lib_a-exit.o)
 .debug_info    0x0000ad6b      0x93d c:/altera/13.0sp1/nios2eds/bin/gnu/h-i686-mingw32/bin/../lib/gcc/nios2-elf/4.1.2/../../../../nios2-elf/lib\libc.a(lib_a-impure.o)
 .debug_info    0x0000b6a8       0x8c c:/altera/13.0sp1/nios2eds/bin/gnu/h-i686-mingw32/bin/../lib/gcc/nios2-elf/4.1.2/../../../../nios2-elf/lib\libc.a(lib_a-int_errno.o)
 .debug_info    0x0000b734      0x115 c:/altera/13.0sp1/nios2eds/bin/gnu/h-i686-mingw32/bin/../lib/gcc/nios2-elf/4.1.2/../../../../nios2-elf/lib\libc.a(lib_a-memcmp.o)
 .debug_info    0x0000b849      0x9c1 c:/altera/13.0sp1/nios2eds/bin/gnu/h-i686-mingw32/bin/../lib/gcc/nios2-elf/4.1.2/../../../../nios2-elf/lib\libc.a(lib_a-putc.o)
 .debug_info    0x0000c20a       0xdd c:/altera/13.0sp1/nios2eds/bin/gnu/h-i686-mingw32/bin/../lib/gcc/nios2-elf/4.1.2/../../../../nios2-elf/lib\libc.a(lib_a-strcmp.o)
 .debug_info    0x0000c2e7       0xdb c:/altera/13.0sp1/nios2eds/bin/gnu/h-i686-mingw32/bin/../lib/gcc/nios2-elf/4.1.2/../../../../nios2-elf/lib\libc.a(lib_a-strlen.o)
 .debug_info    0x0000c3c2      0x9ae c:/altera/13.0sp1/nios2eds/bin/gnu/h-i686-mingw32/bin/../lib/gcc/nios2-elf/4.1.2/../../../../nios2-elf/lib\libc.a(lib_a-wbuf.o)
 .debug_info    0x0000cd70      0x95d c:/altera/13.0sp1/nios2eds/bin/gnu/h-i686-mingw32/bin/../lib/gcc/nios2-elf/4.1.2/../../../../nios2-elf/lib\libc.a(lib_a-wsetup.o)
 .debug_info    0x0000d6cd      0x99c c:/altera/13.0sp1/nios2eds/bin/gnu/h-i686-mingw32/bin/../lib/gcc/nios2-elf/4.1.2/../../../../nios2-elf/lib\libc.a(lib_a-__atexit.o)
 .debug_info    0x0000e069      0x9e2 c:/altera/13.0sp1/nios2eds/bin/gnu/h-i686-mingw32/bin/../lib/gcc/nios2-elf/4.1.2/../../../../nios2-elf/lib\libc.a(lib_a-__call_atexit.o)
 .debug_info    0x0000ea4b      0x9fe c:/altera/13.0sp1/nios2eds/bin/gnu/h-i686-mingw32/bin/../lib/gcc/nios2-elf/4.1.2/../../../../nios2-elf/lib\libc.a(lib_a-fflush.o)
 .debug_info    0x0000f449      0xb72 c:/altera/13.0sp1/nios2eds/bin/gnu/h-i686-mingw32/bin/../lib/gcc/nios2-elf/4.1.2/../../../../nios2-elf/lib\libc.a(lib_a-findfp.o)
 .debug_info    0x0000ffbb      0xbc9 c:/altera/13.0sp1/nios2eds/bin/gnu/h-i686-mingw32/bin/../lib/gcc/nios2-elf/4.1.2/../../../../nios2-elf/lib\libc.a(lib_a-freer.o)
 .debug_info    0x00010b84      0xaed c:/altera/13.0sp1/nios2eds/bin/gnu/h-i686-mingw32/bin/../lib/gcc/nios2-elf/4.1.2/../../../../nios2-elf/lib\libc.a(lib_a-fwalk.o)
 .debug_info    0x00011671      0xb1a c:/altera/13.0sp1/nios2eds/bin/gnu/h-i686-mingw32/bin/../lib/gcc/nios2-elf/4.1.2/../../../../nios2-elf/lib\libc.a(lib_a-makebuf.o)
 .debug_info    0x0001218b      0xcd0 c:/altera/13.0sp1/nios2eds/bin/gnu/h-i686-mingw32/bin/../lib/gcc/nios2-elf/4.1.2/../../../../nios2-elf/lib\libc.a(lib_a-mallocr.o)
 .debug_info    0x00012e5b      0x113 c:/altera/13.0sp1/nios2eds/bin/gnu/h-i686-mingw32/bin/../lib/gcc/nios2-elf/4.1.2/../../../../nios2-elf/lib\libc.a(lib_a-memset.o)
 .debug_info    0x00012f6e      0x962 c:/altera/13.0sp1/nios2eds/bin/gnu/h-i686-mingw32/bin/../lib/gcc/nios2-elf/4.1.2/../../../../nios2-elf/lib\libc.a(lib_a-sbrkr.o)
 .debug_info    0x000138d0      0xaac c:/altera/13.0sp1/nios2eds/bin/gnu/h-i686-mingw32/bin/../lib/gcc/nios2-elf/4.1.2/../../../../nios2-elf/lib\libc.a(lib_a-stdio.o)
 .debug_info    0x0001437c      0x993 c:/altera/13.0sp1/nios2eds/bin/gnu/h-i686-mingw32/bin/../lib/gcc/nios2-elf/4.1.2/../../../../nios2-elf/lib\libc.a(lib_a-writer.o)
 .debug_info    0x00014d0f      0x958 c:/altera/13.0sp1/nios2eds/bin/gnu/h-i686-mingw32/bin/../lib/gcc/nios2-elf/4.1.2/../../../../nios2-elf/lib\libc.a(lib_a-closer.o)
 .debug_info    0x00015667      0x994 c:/altera/13.0sp1/nios2eds/bin/gnu/h-i686-mingw32/bin/../lib/gcc/nios2-elf/4.1.2/../../../../nios2-elf/lib\libc.a(lib_a-fclose.o)
 .debug_info    0x00015ffb      0xafc c:/altera/13.0sp1/nios2eds/bin/gnu/h-i686-mingw32/bin/../lib/gcc/nios2-elf/4.1.2/../../../../nios2-elf/lib\libc.a(lib_a-fstatr.o)
 .debug_info    0x00016af7      0x958 c:/altera/13.0sp1/nios2eds/bin/gnu/h-i686-mingw32/bin/../lib/gcc/nios2-elf/4.1.2/../../../../nios2-elf/lib\libc.a(lib_a-isattyr.o)
 .debug_info    0x0001744f      0x981 c:/altera/13.0sp1/nios2eds/bin/gnu/h-i686-mingw32/bin/../lib/gcc/nios2-elf/4.1.2/../../../../nios2-elf/lib\libc.a(lib_a-lseekr.o)
 .debug_info    0x00017dd0      0x98c c:/altera/13.0sp1/nios2eds/bin/gnu/h-i686-mingw32/bin/../lib/gcc/nios2-elf/4.1.2/../../../../nios2-elf/lib\libc.a(lib_a-readr.o)
 .debug_info    0x0001875c      0x1b7 ../SD_bsp/\libhal_bsp.a(alt_exit.o)
 .debug_info    0x00018913      0x63f ../SD_bsp/\libhal_bsp.a(alt_fstat.o)
 .debug_info    0x00018f52      0x645 ../SD_bsp/\libhal_bsp.a(alt_isatty.o)
 .debug_info    0x00019597      0x479 ../SD_bsp/\libhal_bsp.a(alt_lseek.o)
 .debug_info    0x00019a10      0xbf7 ../SD_bsp/\libhal_bsp.a(alt_malloc_lock.o)
 .debug_info    0x0001a607      0x669 ../SD_bsp/\libhal_bsp.a(alt_read.o)
 .debug_info    0x0001ac70      0x2dd ../SD_bsp/\libhal_bsp.a(alt_sbrk.o)
 .debug_info    0x0001af4d      0x672 ../SD_bsp/\libhal_bsp.a(alt_write.o)

.debug_abbrev   0x00000000     0x518d
 *(.debug_abbrev)
 .debug_abbrev  0x00000000       0x12 ../SD_bsp//obj/HAL/src/crt0.o
 .debug_abbrev  0x00000012       0xfd obj/default/hello_world.o
 .debug_abbrev  0x0000010f       0xb5 c:/altera/13.0sp1/nios2eds/bin/gnu/h-i686-mingw32/bin/../lib/gcc/nios2-elf/4.1.2/../../../../nios2-elf/lib\libc.a(lib_a-memcpy.o)
 .debug_abbrev  0x000001c4       0x88 ../SD_bsp/\libhal_bsp.a(alt_load.o)
 .debug_abbrev  0x0000024c       0xbe ../SD_bsp/\libhal_bsp.a(alt_main.o)
 .debug_abbrev  0x0000030a       0x91 ../SD_bsp/\libhal_bsp.a(alt_printf.o)
 .debug_abbrev  0x0000039b      0x17f ../SD_bsp/\libhal_bsp.a(alt_putchar.o)
 .debug_abbrev  0x0000051a      0x186 ../SD_bsp/\libhal_bsp.a(alt_sys_init.o)
 .debug_abbrev  0x000006a0       0xf7 ../SD_bsp/\libhal_bsp.a(altera_avalon_jtag_uart_fd.o)
 .debug_abbrev  0x00000797      0x17c ../SD_bsp/\libhal_bsp.a(altera_avalon_jtag_uart_init.o)
 .debug_abbrev  0x00000913       0xf0 ../SD_bsp/\libhal_bsp.a(altera_avalon_jtag_uart_ioctl.o)
 .debug_abbrev  0x00000a03      0x191 ../SD_bsp/\libhal_bsp.a(altera_avalon_jtag_uart_read.o)
 .debug_abbrev  0x00000b94      0x18d ../SD_bsp/\libhal_bsp.a(altera_avalon_jtag_uart_write.o)
 .debug_abbrev  0x00000d21      0x16d ../SD_bsp/\libhal_bsp.a(altera_up_avalon_ps2.o)
 .debug_abbrev  0x00000e8e      0x111 ../SD_bsp/\libhal_bsp.a(altera_up_avalon_video_character_buffer_with_dma.o)
 .debug_abbrev  0x00000f9f      0x196 ../SD_bsp/\libhal_bsp.a(altera_up_avalon_video_pixel_buffer_dma.o)
 .debug_abbrev  0x00001135      0x172 ../SD_bsp/\libhal_bsp.a(alt_alarm_start.o)
 .debug_abbrev  0x000012a7       0xfb ../SD_bsp/\libhal_bsp.a(alt_close.o)
 .debug_abbrev  0x000013a2       0x3f ../SD_bsp/\libhal_bsp.a(alt_dcache_flush_all.o)
 .debug_abbrev  0x000013e1       0xc7 ../SD_bsp/\libhal_bsp.a(alt_dev.o)
 .debug_abbrev  0x000014a8       0xf6 ../SD_bsp/\libhal_bsp.a(alt_dev_llist_insert.o)
 .debug_abbrev  0x0000159e       0x76 ../SD_bsp/\libhal_bsp.a(alt_do_ctors.o)
 .debug_abbrev  0x00001614       0x76 ../SD_bsp/\libhal_bsp.a(alt_do_dtors.o)
 .debug_abbrev  0x0000168a       0x5e ../SD_bsp/\libhal_bsp.a(alt_errno.o)
 .debug_abbrev  0x000016e8       0xcf ../SD_bsp/\libhal_bsp.a(alt_find_dev.o)
 .debug_abbrev  0x000017b7       0x3f ../SD_bsp/\libhal_bsp.a(alt_icache_flush_all.o)
 .debug_abbrev  0x000017f6       0xf0 ../SD_bsp/\libhal_bsp.a(alt_io_redirect.o)
 .debug_abbrev  0x000018e6      0x180 ../SD_bsp/\libhal_bsp.a(alt_irq_register.o)
 .debug_abbrev  0x00001a66       0x44 ../SD_bsp/\libhal_bsp.a(alt_irq_vars.o)
 .debug_abbrev  0x00001aaa      0x112 ../SD_bsp/\libhal_bsp.a(alt_open.o)
 .debug_abbrev  0x00001bbc       0xc1 ../SD_bsp/\libhal_bsp.a(alt_release_fd.o)
 .debug_abbrev  0x00001c7d      0x161 ../SD_bsp/\libhal_bsp.a(alt_tick.o)
 .debug_abbrev  0x00001dde       0x64 ../SD_bsp/\libhal_bsp.a(altera_nios2_qsys_irq.o)
 .debug_abbrev  0x00001e42       0xcf ../SD_bsp/\libhal_bsp.a(alt_find_file.o)
 .debug_abbrev  0x00001f11       0xfb ../SD_bsp/\libhal_bsp.a(alt_get_fd.o)
 .debug_abbrev  0x0000200c       0x7a ../SD_bsp/\libhal_bsp.a(alt_icache_flush.o)
 .debug_abbrev  0x00002086       0x12 ../SD_bsp/\libhal_bsp.a(alt_irq_entry.o)
 .debug_abbrev  0x00002098      0x124 ../SD_bsp/\libhal_bsp.a(alt_irq_handler.o)
 .debug_abbrev  0x000021bc       0x12 ../SD_bsp/\libhal_bsp.a(alt_exception_entry.o)
 .debug_abbrev  0x000021ce       0xb7 c:/altera/13.0sp1/nios2eds/bin/gnu/h-i686-mingw32/bin/../lib/gcc/nios2-elf/4.1.2/../../../../nios2-elf/lib\libc.a(lib_a-atexit.o)
 .debug_abbrev  0x00002285      0x16e c:/altera/13.0sp1/nios2eds/bin/gnu/h-i686-mingw32/bin/../lib/gcc/nios2-elf/4.1.2/../../../../nios2-elf/lib\libc.a(lib_a-exit.o)
 .debug_abbrev  0x000023f3      0x157 c:/altera/13.0sp1/nios2eds/bin/gnu/h-i686-mingw32/bin/../lib/gcc/nios2-elf/4.1.2/../../../../nios2-elf/lib\libc.a(lib_a-impure.o)
 .debug_abbrev  0x0000254a       0x3b c:/altera/13.0sp1/nios2eds/bin/gnu/h-i686-mingw32/bin/../lib/gcc/nios2-elf/4.1.2/../../../../nios2-elf/lib\libc.a(lib_a-int_errno.o)
 .debug_abbrev  0x00002585       0x7c c:/altera/13.0sp1/nios2eds/bin/gnu/h-i686-mingw32/bin/../lib/gcc/nios2-elf/4.1.2/../../../../nios2-elf/lib\libc.a(lib_a-memcmp.o)
 .debug_abbrev  0x00002601      0x17f c:/altera/13.0sp1/nios2eds/bin/gnu/h-i686-mingw32/bin/../lib/gcc/nios2-elf/4.1.2/../../../../nios2-elf/lib\libc.a(lib_a-putc.o)
 .debug_abbrev  0x00002780       0x80 c:/altera/13.0sp1/nios2eds/bin/gnu/h-i686-mingw32/bin/../lib/gcc/nios2-elf/4.1.2/../../../../nios2-elf/lib\libc.a(lib_a-strcmp.o)
 .debug_abbrev  0x00002800       0x8b c:/altera/13.0sp1/nios2eds/bin/gnu/h-i686-mingw32/bin/../lib/gcc/nios2-elf/4.1.2/../../../../nios2-elf/lib\libc.a(lib_a-strlen.o)
 .debug_abbrev  0x0000288b      0x198 c:/altera/13.0sp1/nios2eds/bin/gnu/h-i686-mingw32/bin/../lib/gcc/nios2-elf/4.1.2/../../../../nios2-elf/lib\libc.a(lib_a-wbuf.o)
 .debug_abbrev  0x00002a23      0x170 c:/altera/13.0sp1/nios2eds/bin/gnu/h-i686-mingw32/bin/../lib/gcc/nios2-elf/4.1.2/../../../../nios2-elf/lib\libc.a(lib_a-wsetup.o)
 .debug_abbrev  0x00002b93      0x1ae c:/altera/13.0sp1/nios2eds/bin/gnu/h-i686-mingw32/bin/../lib/gcc/nios2-elf/4.1.2/../../../../nios2-elf/lib\libc.a(lib_a-__atexit.o)
 .debug_abbrev  0x00002d41      0x1de c:/altera/13.0sp1/nios2eds/bin/gnu/h-i686-mingw32/bin/../lib/gcc/nios2-elf/4.1.2/../../../../nios2-elf/lib\libc.a(lib_a-__call_atexit.o)
 .debug_abbrev  0x00002f1f      0x1c6 c:/altera/13.0sp1/nios2eds/bin/gnu/h-i686-mingw32/bin/../lib/gcc/nios2-elf/4.1.2/../../../../nios2-elf/lib\libc.a(lib_a-fflush.o)
 .debug_abbrev  0x000030e5      0x24c c:/altera/13.0sp1/nios2eds/bin/gnu/h-i686-mingw32/bin/../lib/gcc/nios2-elf/4.1.2/../../../../nios2-elf/lib\libc.a(lib_a-findfp.o)
 .debug_abbrev  0x00003331      0x1d9 c:/altera/13.0sp1/nios2eds/bin/gnu/h-i686-mingw32/bin/../lib/gcc/nios2-elf/4.1.2/../../../../nios2-elf/lib\libc.a(lib_a-freer.o)
 .debug_abbrev  0x0000350a      0x1e3 c:/altera/13.0sp1/nios2eds/bin/gnu/h-i686-mingw32/bin/../lib/gcc/nios2-elf/4.1.2/../../../../nios2-elf/lib\libc.a(lib_a-fwalk.o)
 .debug_abbrev  0x000036ed      0x197 c:/altera/13.0sp1/nios2eds/bin/gnu/h-i686-mingw32/bin/../lib/gcc/nios2-elf/4.1.2/../../../../nios2-elf/lib\libc.a(lib_a-makebuf.o)
 .debug_abbrev  0x00003884      0x216 c:/altera/13.0sp1/nios2eds/bin/gnu/h-i686-mingw32/bin/../lib/gcc/nios2-elf/4.1.2/../../../../nios2-elf/lib\libc.a(lib_a-mallocr.o)
 .debug_abbrev  0x00003a9a       0xb8 c:/altera/13.0sp1/nios2eds/bin/gnu/h-i686-mingw32/bin/../lib/gcc/nios2-elf/4.1.2/../../../../nios2-elf/lib\libc.a(lib_a-memset.o)
 .debug_abbrev  0x00003b52      0x18c c:/altera/13.0sp1/nios2eds/bin/gnu/h-i686-mingw32/bin/../lib/gcc/nios2-elf/4.1.2/../../../../nios2-elf/lib\libc.a(lib_a-sbrkr.o)
 .debug_abbrev  0x00003cde      0x1c9 c:/altera/13.0sp1/nios2eds/bin/gnu/h-i686-mingw32/bin/../lib/gcc/nios2-elf/4.1.2/../../../../nios2-elf/lib\libc.a(lib_a-stdio.o)
 .debug_abbrev  0x00003ea7      0x184 c:/altera/13.0sp1/nios2eds/bin/gnu/h-i686-mingw32/bin/../lib/gcc/nios2-elf/4.1.2/../../../../nios2-elf/lib\libc.a(lib_a-writer.o)
 .debug_abbrev  0x0000402b      0x17f c:/altera/13.0sp1/nios2eds/bin/gnu/h-i686-mingw32/bin/../lib/gcc/nios2-elf/4.1.2/../../../../nios2-elf/lib\libc.a(lib_a-closer.o)
 .debug_abbrev  0x000041aa      0x1a7 c:/altera/13.0sp1/nios2eds/bin/gnu/h-i686-mingw32/bin/../lib/gcc/nios2-elf/4.1.2/../../../../nios2-elf/lib\libc.a(lib_a-fclose.o)
 .debug_abbrev  0x00004351      0x18e c:/altera/13.0sp1/nios2eds/bin/gnu/h-i686-mingw32/bin/../lib/gcc/nios2-elf/4.1.2/../../../../nios2-elf/lib\libc.a(lib_a-fstatr.o)
 .debug_abbrev  0x000044df      0x17f c:/altera/13.0sp1/nios2eds/bin/gnu/h-i686-mingw32/bin/../lib/gcc/nios2-elf/4.1.2/../../../../nios2-elf/lib\libc.a(lib_a-isattyr.o)
 .debug_abbrev  0x0000465e      0x18e c:/altera/13.0sp1/nios2eds/bin/gnu/h-i686-mingw32/bin/../lib/gcc/nios2-elf/4.1.2/../../../../nios2-elf/lib\libc.a(lib_a-lseekr.o)
 .debug_abbrev  0x000047ec      0x17f c:/altera/13.0sp1/nios2eds/bin/gnu/h-i686-mingw32/bin/../lib/gcc/nios2-elf/4.1.2/../../../../nios2-elf/lib\libc.a(lib_a-readr.o)
 .debug_abbrev  0x0000496b       0x99 ../SD_bsp/\libhal_bsp.a(alt_exit.o)
 .debug_abbrev  0x00004a04       0xfb ../SD_bsp/\libhal_bsp.a(alt_fstat.o)
 .debug_abbrev  0x00004aff       0xfb ../SD_bsp/\libhal_bsp.a(alt_isatty.o)
 .debug_abbrev  0x00004bfa       0xfb ../SD_bsp/\libhal_bsp.a(alt_lseek.o)
 .debug_abbrev  0x00004cf5      0x181 ../SD_bsp/\libhal_bsp.a(alt_malloc_lock.o)
 .debug_abbrev  0x00004e76       0xfb ../SD_bsp/\libhal_bsp.a(alt_read.o)
 .debug_abbrev  0x00004f71      0x11c ../SD_bsp/\libhal_bsp.a(alt_sbrk.o)
 .debug_abbrev  0x0000508d      0x100 ../SD_bsp/\libhal_bsp.a(alt_write.o)

.debug_line     0x00000000     0xd2f2
 *(.debug_line)
 .debug_line    0x00000000       0x6c ../SD_bsp//obj/HAL/src/crt0.o
 .debug_line    0x0000006c      0x291 obj/default/hello_world.o
 .debug_line    0x000002fd      0x1ac c:/altera/13.0sp1/nios2eds/bin/gnu/h-i686-mingw32/bin/../lib/gcc/nios2-elf/4.1.2/../../../../nios2-elf/lib\libc.a(lib_a-memcpy.o)
 .debug_line    0x000004a9      0x217 ../SD_bsp/\libhal_bsp.a(alt_load.o)
 .debug_line    0x000006c0      0x2de ../SD_bsp/\libhal_bsp.a(alt_main.o)
 .debug_line    0x0000099e      0x1da ../SD_bsp/\libhal_bsp.a(alt_printf.o)
 .debug_line    0x00000b78      0x1ca ../SD_bsp/\libhal_bsp.a(alt_putchar.o)
 .debug_line    0x00000d42      0x409 ../SD_bsp/\libhal_bsp.a(alt_sys_init.o)
 .debug_line    0x0000114b      0x217 ../SD_bsp/\libhal_bsp.a(altera_avalon_jtag_uart_fd.o)
 .debug_line    0x00001362      0x4bf ../SD_bsp/\libhal_bsp.a(altera_avalon_jtag_uart_init.o)
 .debug_line    0x00001821      0x317 ../SD_bsp/\libhal_bsp.a(altera_avalon_jtag_uart_ioctl.o)
 .debug_line    0x00001b38      0x40b ../SD_bsp/\libhal_bsp.a(altera_avalon_jtag_uart_read.o)
 .debug_line    0x00001f43      0x419 ../SD_bsp/\libhal_bsp.a(altera_avalon_jtag_uart_write.o)
 .debug_line    0x0000235c      0x5f5 ../SD_bsp/\libhal_bsp.a(altera_up_avalon_ps2.o)
 .debug_line    0x00002951      0x395 ../SD_bsp/\libhal_bsp.a(altera_up_avalon_video_character_buffer_with_dma.o)
 .debug_line    0x00002ce6      0xb8b ../SD_bsp/\libhal_bsp.a(altera_up_avalon_video_pixel_buffer_dma.o)
 .debug_line    0x00003871      0x2f5 ../SD_bsp/\libhal_bsp.a(alt_alarm_start.o)
 .debug_line    0x00003b66      0x299 ../SD_bsp/\libhal_bsp.a(alt_close.o)
 .debug_line    0x00003dff      0x1b5 ../SD_bsp/\libhal_bsp.a(alt_dcache_flush_all.o)
 .debug_line    0x00003fb4      0x254 ../SD_bsp/\libhal_bsp.a(alt_dev.o)
 .debug_line    0x00004208      0x25a ../SD_bsp/\libhal_bsp.a(alt_dev_llist_insert.o)
 .debug_line    0x00004462       0x83 ../SD_bsp/\libhal_bsp.a(alt_do_ctors.o)
 .debug_line    0x000044e5       0x83 ../SD_bsp/\libhal_bsp.a(alt_do_dtors.o)
 .debug_line    0x00004568      0x1aa ../SD_bsp/\libhal_bsp.a(alt_errno.o)
 .debug_line    0x00004712      0x26b ../SD_bsp/\libhal_bsp.a(alt_find_dev.o)
 .debug_line    0x0000497d      0x1bd ../SD_bsp/\libhal_bsp.a(alt_icache_flush_all.o)
 .debug_line    0x00004b3a      0x2b4 ../SD_bsp/\libhal_bsp.a(alt_io_redirect.o)
 .debug_line    0x00004dee      0x303 ../SD_bsp/\libhal_bsp.a(alt_irq_register.o)
 .debug_line    0x000050f1       0x72 ../SD_bsp/\libhal_bsp.a(alt_irq_vars.o)