Archive member included because of file (symbol)

c:/altera/13.0sp1/nios2eds/bin/gnu/h-i686-mingw32/bin/../lib/gcc/nios2-elf/4.1.2/../../../../nios2-elf/lib\libc.a(lib_a-malloc.o)
                              obj/default/lollllllll.o (free)
c:/altera/13.0sp1/nios2eds/bin/gnu/h-i686-mingw32/bin/../lib/gcc/nios2-elf/4.1.2/../../../../nios2-elf/lib\libc.a(lib_a-mallocr.o)
                              c:/altera/13.0sp1/nios2eds/bin/gnu/h-i686-mingw32/bin/../lib/gcc/nios2-elf/4.1.2/../../../../nios2-elf/lib\libc.a(lib_a-malloc.o) (_malloc_r)
c:/altera/13.0sp1/nios2eds/bin/gnu/h-i686-mingw32/bin/../lib/gcc/nios2-elf/4.1.2/../../../../nios2-elf/lib\libc.a(lib_a-putchar.o)
                              obj/default/lollllllll.o (putchar)
c:/altera/13.0sp1/nios2eds/bin/gnu/h-i686-mingw32/bin/../lib/gcc/nios2-elf/4.1.2/../../../../nios2-elf/lib\libc.a(lib_a-puts.o)
                              obj/default/lollllllll.o (puts)
c:/altera/13.0sp1/nios2eds/bin/gnu/h-i686-mingw32/bin/../lib/gcc/nios2-elf/4.1.2/../../../../nios2-elf/lib\libc.a(lib_a-sbrkr.o)
                              c:/altera/13.0sp1/nios2eds/bin/gnu/h-i686-mingw32/bin/../lib/gcc/nios2-elf/4.1.2/../../../../nios2-elf/lib\libc.a(lib_a-mallocr.o) (_sbrk_r)
c:/altera/13.0sp1/nios2eds/bin/gnu/h-i686-mingw32/bin/../lib/gcc/nios2-elf/4.1.2/../../../../nios2-elf/lib\libc.a(lib_a-strcpy.o)
                              obj/default/lollllllll.o (strcpy)
c:/altera/13.0sp1/nios2eds/bin/gnu/h-i686-mingw32/bin/../lib/gcc/nios2-elf/4.1.2/../../../../nios2-elf/lib\libc.a(lib_a-strlen.o)
                              c:/altera/13.0sp1/nios2eds/bin/gnu/h-i686-mingw32/bin/../lib/gcc/nios2-elf/4.1.2/../../../../nios2-elf/lib\libc.a(lib_a-puts.o) (strlen)
c:/altera/13.0sp1/nios2eds/bin/gnu/h-i686-mingw32/bin/../lib/gcc/nios2-elf/4.1.2/../../../../nios2-elf/lib\libc.a(lib_a-freer.o)
                              c:/altera/13.0sp1/nios2eds/bin/gnu/h-i686-mingw32/bin/../lib/gcc/nios2-elf/4.1.2/../../../../nios2-elf/lib\libc.a(lib_a-malloc.o) (_free_r)
c:/altera/13.0sp1/nios2eds/bin/gnu/h-i686-mingw32/bin/../lib/gcc/nios2-elf/4.1.2/../../../../nios2-elf/lib\libc.a(lib_a-fvwrite.o)
                              c:/altera/13.0sp1/nios2eds/bin/gnu/h-i686-mingw32/bin/../lib/gcc/nios2-elf/4.1.2/../../../../nios2-elf/lib\libc.a(lib_a-puts.o) (__sfvwrite_r)
c:/altera/13.0sp1/nios2eds/bin/gnu/h-i686-mingw32/bin/../lib/gcc/nios2-elf/4.1.2/../../../../nios2-elf/lib\libc.a(lib_a-impure.o)
                              c:/altera/13.0sp1/nios2eds/bin/gnu/h-i686-mingw32/bin/../lib/gcc/nios2-elf/4.1.2/../../../../nios2-elf/lib\libc.a(lib_a-malloc.o) (_impure_ptr)
c:/altera/13.0sp1/nios2eds/bin/gnu/h-i686-mingw32/bin/../lib/gcc/nios2-elf/4.1.2/../../../../nios2-elf/lib\libc.a(lib_a-int_errno.o)
                              c:/altera/13.0sp1/nios2eds/bin/gnu/h-i686-mingw32/bin/../lib/gcc/nios2-elf/4.1.2/../../../../nios2-elf/lib\libc.a(lib_a-sbrkr.o) (errno)
c:/altera/13.0sp1/nios2eds/bin/gnu/h-i686-mingw32/bin/../lib/gcc/nios2-elf/4.1.2/../../../../nios2-elf/lib\libc.a(lib_a-memchr.o)
                              c:/altera/13.0sp1/nios2eds/bin/gnu/h-i686-mingw32/bin/../lib/gcc/nios2-elf/4.1.2/../../../../nios2-elf/lib\libc.a(lib_a-fvwrite.o) (memchr)
c:/altera/13.0sp1/nios2eds/bin/gnu/h-i686-mingw32/bin/../lib/gcc/nios2-elf/4.1.2/../../../../nios2-elf/lib\libc.a(lib_a-memcpy.o)
                              c:/altera/13.0sp1/nios2eds/bin/gnu/h-i686-mingw32/bin/../lib/gcc/nios2-elf/4.1.2/../../../../nios2-elf/lib\libc.a(lib_a-fvwrite.o) (memcpy)
c:/altera/13.0sp1/nios2eds/bin/gnu/h-i686-mingw32/bin/../lib/gcc/nios2-elf/4.1.2/../../../../nios2-elf/lib\libc.a(lib_a-memmove.o)
                              c:/altera/13.0sp1/nios2eds/bin/gnu/h-i686-mingw32/bin/../lib/gcc/nios2-elf/4.1.2/../../../../nios2-elf/lib\libc.a(lib_a-fvwrite.o) (memmove)
c:/altera/13.0sp1/nios2eds/bin/gnu/h-i686-mingw32/bin/../lib/gcc/nios2-elf/4.1.2/../../../../nios2-elf/lib\libc.a(lib_a-putc.o)
                              c:/altera/13.0sp1/nios2eds/bin/gnu/h-i686-mingw32/bin/../lib/gcc/nios2-elf/4.1.2/../../../../nios2-elf/lib\libc.a(lib_a-putchar.o) (_putc_r)
c:/altera/13.0sp1/nios2eds/bin/gnu/h-i686-mingw32/bin/../lib/gcc/nios2-elf/4.1.2/../../../../nios2-elf/lib\libc.a(lib_a-reallocr.o)
                              c:/altera/13.0sp1/nios2eds/bin/gnu/h-i686-mingw32/bin/../lib/gcc/nios2-elf/4.1.2/../../../../nios2-elf/lib\libc.a(lib_a-fvwrite.o) (_realloc_r)
c:/altera/13.0sp1/nios2eds/bin/gnu/h-i686-mingw32/bin/../lib/gcc/nios2-elf/4.1.2/../../../../nios2-elf/lib\libc.a(lib_a-wbuf.o)
                              c:/altera/13.0sp1/nios2eds/bin/gnu/h-i686-mingw32/bin/../lib/gcc/nios2-elf/4.1.2/../../../../nios2-elf/lib\libc.a(lib_a-putc.o) (__swbuf_r)
c:/altera/13.0sp1/nios2eds/bin/gnu/h-i686-mingw32/bin/../lib/gcc/nios2-elf/4.1.2/../../../../nios2-elf/lib\libc.a(lib_a-wsetup.o)
[...]
Memory Configuration

Name             Origin             Length             Attributes
reset            0x00280000         0x00000020
onchip_mem       0x00280020         0x0004afe0
*default*        0x00000000         0xffffffff

Linker script and memory map

LOAD ../SD_bsp//obj/HAL/src/crt0.o
LOAD obj/default/lollllllll.o
LOAD c:/altera/13.0sp1/nios2eds/bin/gnu/h-i686-mingw32/bin/../lib/gcc/nios2-elf/4.1.2/../../../../nios2-elf/lib\libstdc++.a
LOAD c:/altera/13.0sp1/nios2eds/bin/gnu/h-i686-mingw32/bin/../lib/gcc/nios2-elf/4.1.2/../../../../nios2-elf/lib\libm.a
LOAD c:/altera/13.0sp1/nios2eds/bin/gnu/h-i686-mingw32/bin/../lib/gcc/nios2-elf/4.1.2\libgcc.a
START GROUP
LOAD c:/altera/13.0sp1/nios2eds/bin/gnu/h-i686-mingw32/bin/../lib/gcc/nios2-elf/4.1.2/../../../../nios2-elf/lib\libc.a
LOAD c:/altera/13.0sp1/nios2eds/bin/gnu/h-i686-mingw32/bin/../lib/gcc/nios2-elf/4.1.2\libgcc.a
LOAD ../SD_bsp/\libhal_bsp.a
END GROUP
LOAD c:/altera/13.0sp1/nios2eds/bin/gnu/h-i686-mingw32/bin/../lib/gcc/nios2-elf/4.1.2\libgcc.a
                0x00280000                __alt_mem_onchip_mem = 0x280000

.entry          0x00280000       0x20
 *(.entry)
 .entry         0x00280000       0x20 ../SD_bsp//obj/HAL/src/crt0.o
                0x00280000                __reset

.exceptions     0x00280020      0x198
                0x00280020                PROVIDE (__ram_exceptions_start, ABSOLUTE (.))
                0x00280020                . = ALIGN (0x20)
 *(.irq)
 *(.exceptions.entry.label)
 .exceptions.entry.label
                0x00280020        0x0 ../SD_bsp/\libhal_bsp.a(alt_irq_entry.o)
                0x00280020                alt_irq_entry
 .exceptions.entry.label
                0x00280020        0x0 ../SD_bsp/\libhal_bsp.a(alt_exception_entry.o)
                0x00280020                alt_exception
 *(.exceptions.entry.user)
 *(.exceptions.entry)
 .exceptions.entry
                0x00280020       0x54 ../SD_bsp/\libhal_bsp.a(alt_exception_entry.o)
 *(.exceptions.irqtest.user)
 *(.exceptions.irqtest)
 .exceptions.irqtest
                0x00280074       0x10 ../SD_bsp/\libhal_bsp.a(alt_irq_entry.o)
 *(.exceptions.irqhandler.user)
 *(.exceptions.irqhandler)
 .exceptions.irqhandler
                0x00280084        0x4 ../SD_bsp/\libhal_bsp.a(alt_irq_entry.o)
 *(.exceptions.irqreturn.user)
 *(.exceptions.irqreturn)
 .exceptions.irqreturn
                0x00280088        0x4 ../SD_bsp/\libhal_bsp.a(alt_irq_entry.o)
 *(.exceptions.notirq.label)
 .exceptions.notirq.label
                0x0028008c        0x0 ../SD_bsp/\libhal_bsp.a(alt_irq_entry.o)
 *(.exceptions.notirq.user)
 *(.exceptions.notirq)
 .exceptions.notirq
                0x0028008c        0x8 ../SD_bsp/\libhal_bsp.a(alt_exception_entry.o)
 *(.exceptions.soft.user)
 *(.exceptions.soft)
 *(.exceptions.unknown.user)
 *(.exceptions.unknown)
 .exceptions.unknown
                0x00280094        0x4 ../SD_bsp/\libhal_bsp.a(alt_exception_entry.o)
 *(.exceptions.exit.label)
 .exceptions.exit.label
                0x00280098        0x0 ../SD_bsp/\libhal_bsp.a(alt_irq_entry.o)
 .exceptions.exit.label
                0x00280098        0x0 ../SD_bsp/\libhal_bsp.a(alt_exception_entry.o)
 *(.exceptions.exit.user)
 *(.exceptions.exit)
 .exceptions.exit
                0x00280098       0x54 ../SD_bsp/\libhal_bsp.a(alt_exception_entry.o)
 *(.exceptions)
 .exceptions    0x002800ec       0xcc ../SD_bsp/\libhal_bsp.a(alt_irq_handler.o)
                0x002800ec                alt_irq_handler
                0x002801b8                PROVIDE (__ram_exceptions_end, ABSOLUTE (.))
                0x00280020                PROVIDE (__flash_exceptions_start, LOADADDR (.exceptions))

.text           0x002801b8     0x8810
                0x002801b8                PROVIDE (stext, ABSOLUTE (.))
 *(.interp)
 *(.hash)
 *(.dynsym)
 *(.dynstr)
 *(.gnu.version)
 *(.gnu.version_d)
 *(.gnu.version_r)
 *(.rel.init)
 *(.rela.init)
 *(.rel.text .rel.text.* .rel.gnu.linkonce.t.*)
 *(.rela.text .rela.text.* .rela.gnu.linkonce.t.*)
 *(.rel.fini)
 *(.rela.fini)
 *(.rel.rodata .rel.rodata.* .rel.gnu.linkonce.r.*)
 *(.rela.rodata .rela.rodata.* .rela.gnu.linkonce.r.*)
 *(.rel.data .rel.data.* .rel.gnu.linkonce.d.*)
 *(.rela.data .rela.data.* .rela.gnu.linkonce.d.*)
 *(.rel.tdata .rel.tdata.* .rel.gnu.linkonce.td.*)
 *(.rela.tdata .rela.tdata.* .rela.gnu.linkonce.td.*)
 *(.rel.tbss .rel.tbss.* .rel.gnu.linkonce.tb.*)
 *(.rela.tbss .rela.tbss.* .rela.gnu.linkonce.tb.*)
 *(.rel.ctors)
 *(.rela.ctors)
 *(.rel.dtors)
 *(.rela.dtors)
 *(.rel.got)
 *(.rela.got)
 *(.rel.sdata .rel.sdata.* .rel.gnu.linkonce.s.*)
 *(.rela.sdata .rela.sdata.* .rela.gnu.linkonce.s.*)
 *(.rel.sbss .rel.sbss.* .rel.gnu.linkonce.sb.*)
 *(.rela.sbss .rela.sbss.* .rela.gnu.linkonce.sb.*)
 *(.rel.sdata2 .rel.sdata2.* .rel.gnu.linkonce.s2.*)
 *(.rela.sdata2 .rela.sdata2.* .rela.gnu.linkonce.s2.*)
 *(.rel.sbss2 .rel.sbss2.* .rel.gnu.linkonce.sb2.*)
 *(.rela.sbss2 .rela.sbss2.* .rela.gnu.linkonce.sb2.*)
 *(.rel.bss .rel.bss.* .rel.gnu.linkonce.b.*)
 *(.rela.bss .rela.bss.* .rela.gnu.linkonce.b.*)
 *(.rel.plt)
 *(.rela.plt)
 *(.rel.dyn)
 *(.init)
 *(.plt)
 *(.text .stub .text.* .gnu.linkonce.t.*)
 .text          0x002801b8       0x3c ../SD_bsp//obj/HAL/src/crt0.o
                0x002801b8                _start
 .text          0x002801f4     0x13c0 obj/default/lollllllll.o
                0x002801f4                get_multi_byte_make_code_index
                0x0028026c                get_single_byte_make_code_index
                0x002802e4                get_next_state
                0x00280540                decode_scancode
                0x002805ec                set_keyboard_rate
                0x0028064c                translate_make_code
                0x00280754                reset_keyboard
                0x002807d4                read_RI_bit
                0x00280808                read_RE_bit
                0x00280838                read_CE_bit
                0x0028086c                read_num_bytes_available
                0x002808a0                read_data_valid
                0x002808d4                read_data_byte
                0x00280900                alt_up_ps2_init
                0x002809e4                alt_up_ps2_clear_interrupt_flag
                0x00280a3c                alt_up_ps2_enable_read_interrupt
                0x00280a90                alt_up_ps2_disable_read_interrupt
                0x00280ae8                alt_up_ps2_write_data_byte
                0x00280b60                alt_up_ps2_wait_for_ack
                0x00280bd0                alt_up_ps2_write_data_byte_with_ack
                0x00280c3c                alt_up_ps2_read_data_byte_timeout
                0x00280cec                alt_up_ps2_read_data_byte
                0x00280d68                alt_up_ps2_clear_fifo
                0x00280dc0                alt_up_ps2_read_fd
                0x00280e5c                alt_up_ps2_write_fd
                0x00280f04                alt_up_ps2_open_dev
                0x00280f44                main
 .text          0x002815b4       0x28 c:/altera/13.0sp1/nios2eds/bin/gnu/h-i686-mingw32/bin/../lib/gcc/nios2-elf/4.1.2/../../../../nios2-elf/lib\libc.a(lib_a-malloc.o)
                0x002815b4                free
                0x002815c8                malloc
 .text          0x002815dc      0x740 c:/altera/13.0sp1/nios2eds/bin/gnu/h-i686-mingw32/bin/../lib/gcc/nios2-elf/4.1.2/../../../../nios2-elf/lib\libc.a(lib_a-mallocr.o)
                0x002815dc                _malloc_r
 .text          0x00281d1c       0x24 c:/altera/13.0sp1/nios2eds/bin/gnu/h-i686-mingw32/bin/../lib/gcc/nios2-elf/4.1.2/../../../../nios2-elf/lib\libc.a(lib_a-putchar.o)
                0x00281d1c                putchar
                0x00281d38                _putchar_r
 .text          0x00281d40       0xb4 c:/altera/13.0sp1/nios2eds/bin/gnu/h-i686-mingw32/bin/../lib/gcc/nios2-elf/4.1.2/../../../../nios2-elf/lib\libc.a(lib_a-puts.o)
                0x00281d40                _puts_r
                0x00281de0                puts
 .text          0x00281df4       0x70 c:/altera/13.0sp1/nios2eds/bin/gnu/h-i686-mingw32/bin/../lib/gcc/nios2-elf/4.1.2/../../../../nios2-elf/lib\libc.a(lib_a-sbrkr.o)
                0x00281df4                _sbrk_r
 .text          0x00281e64       0x8c c:/altera/13.0sp1/nios2eds/bin/gnu/h-i686-mingw32/bin/../lib/gcc/nios2-elf/4.1.2/../../../../nios2-elf/lib\libc.a(lib_a-strcpy.o)
                0x00281e64                strcpy
 .text          0x00281ef0       0x74 c:/altera/13.0sp1/nios2eds/bin/gnu/h-i686-mingw32/bin/../lib/gcc/nios2-elf/4.1.2/../../../../nios2-elf/lib\libc.a(lib_a-strlen.o)
                0x00281ef0                strlen
 .text          0x00281f64      0x440 c:/altera/13.0sp1/nios2eds/bin/gnu/h-i686-mingw32/bin/../lib/gcc/nios2-elf/4.1.2/../../../../nios2-elf/lib\libc.a(lib_a-freer.o)
                0x00281f64                _malloc_trim_r
                0x00282090                _free_r
 .text          0x002823a4      0x49c c:/altera/13.0sp1/nios2eds/bin/gnu/h-i686-mingw32/bin/../lib/gcc/nios2-elf/4.1.2/../../../../nios2-elf/lib\libc.a(lib_a-fvwrite.o)
                0x002823a4                __sfvwrite_r
 .text          0x00282840        0x0 c:/altera/13.0sp1/nios2eds/bin/gnu/h-i686-mingw32/bin/../lib/gcc/nios2-elf/4.1.2/../../../../nios2-elf/lib\libc.a(lib_a-impure.o)
 .text          0x00282840        0x0 c:/altera/13.0sp1/nios2eds/bin/gnu/h-i686-mingw32/bin/../lib/gcc/nios2-elf/4.1.2/../../../../nios2-elf/lib\libc.a(lib_a-int_errno.o)
 .text          0x00282840       0xe4 c:/altera/13.0sp1/nios2eds/bin/gnu/h-i686-mingw32/bin/../lib/gcc/nios2-elf/4.1.2/../../../../nios2-elf/lib\libc.a(lib_a-memchr.o)
                0x00282840                memchr
 .text          0x00282924       0xa0 c:/altera/13.0sp1/nios2eds/bin/gnu/h-i686-mingw32/bin/../lib/gcc/nios2-elf/4.1.2/../../../../nios2-elf/lib\libc.a(lib_a-memcpy.o)
                0x00282924                memcpy
 .text          0x002829c4       0xe0 c:/altera/13.0sp1/nios2eds/bin/gnu/h-i686-mingw32/bin/../lib/gcc/nios2-elf/4.1.2/../../../../nios2-elf/lib\libc.a(lib_a-memmove.o)
                0x002829c4                memmove
 .text          0x00282aa4      0x1ec c:/altera/13.0sp1/nios2eds/bin/gnu/h-i686-mingw32/bin/../lib/gcc/nios2-elf/4.1.2/../../../../nios2-elf/lib\libc.a(lib_a-putc.o)
                0x00282aa4                putc
                0x00282ba8                _putc_r
 .text          0x00282c90      0x5f4 c:/altera/13.0sp1/nios2eds/bin/gnu/h-i686-mingw32/bin/../lib/gcc/nios2-elf/4.1.2/../../../../nios2-elf/lib\libc.a(lib_a-reallocr.o)
                0x00282c90                _realloc_r
 .text          0x00283284      0x14c c:/altera/13.0sp1/nios2eds/bin/gnu/h-i686-mingw32/bin/../lib/gcc/nios2-elf/4.1.2/../../../../nios2-elf/lib\libc.a(lib_a-wbuf.o)
                0x00283284                __swbuf_r
                0x002833b4                __swbuf
 .text          0x002833d0      0x13c c:/altera/13.0sp1/nios2eds/bin/gnu/h-i686-mingw32/bin/../lib/gcc/nios2-elf/4.1.2/../../../../nios2-elf/lib\libc.a(lib_a-wsetup.o)
                0x002833d0                __swsetup_r
 .text          0x0028350c      0x230 c:/altera/13.0sp1/nios2eds/bin/gnu/h-i686-mingw32/bin/../lib/gcc/nios2-elf/4.1.2/../../../../nios2-elf/lib\libc.a(lib_a-fflush.o)
                0x0028350c                _fflush_r
                0x00283708                fflush
 .text          0x0028373c      0x2c0 c:/altera/13.0sp1/nios2eds/bin/gnu/h-i686-mingw32/bin/../lib/gcc/nios2-elf/4.1.2/../../../../nios2-elf/lib\libc.a(lib_a-findfp.o)
                0x00283794                __sfp_lock_acquire
                0x00283798                __sfp_lock_release
                0x0028379c                __sinit_lock_acquire
                0x002837a0                __sinit_lock_release
                0x002837a4                __sinit
                0x00283858                __fp_unlock_all
                0x00283870                __fp_lock_all
                0x00283888                _cleanup_r
                0x00283894                _cleanup
                0x002838a4                __sfmoreglue
                0x0028390c                __sfp
 .text          0x002839fc      0x180 c:/altera/13.0sp1/nios2eds/bin/gnu/h-i686-mingw32/bin/../lib/gcc/nios2-elf/4.1.2/../../../../nios2-elf/lib\libc.a(lib_a-fwalk.o)
                0x002839fc                _fwalk_reent
                0x00283ac4                _fwalk
 .text          0x00283b7c      0x194 c:/altera/13.0sp1/nios2eds/bin/gnu/h-i686-mingw32/bin/../lib/gcc/nios2-elf/4.1.2/../../../../nios2-elf/lib\libc.a(lib_a-makebuf.o)
                0x00283b7c                __smakebuf_r
 .text          0x00283d10       0x98 c:/altera/13.0sp1/nios2eds/bin/gnu/h-i686-mingw32/bin/../lib/gcc/nios2-elf/4.1.2/../../../../nios2-elf/lib\libc.a(lib_a-memset.o)
                0x00283d10                memset
 .text          0x00283da8      0x14c c:/altera/13.0sp1/nios2eds/bin/gnu/h-i686-mingw32/bin/../lib/gcc/nios2-elf/4.1.2/../../../../nios2-elf/lib\libc.a(lib_a-stdio.o)
                0x00283da8                __sclose
                0x00283db0                __sseek
                0x00283e18                __swrite
                0x00283e94                __sread
 .text          0x00283ef4       0x78 c:/altera/13.0sp1/nios2eds/bin/gnu/h-i686-mingw32/bin/../lib/gcc/nios2-elf/4.1.2/../../../../nios2-elf/lib\libc.a(lib_a-writer.o)
                0x00283ef4                _write_r
 .text          0x00283f6c       0x70 c:/altera/13.0sp1/nios2eds/bin/gnu/h-i686-mingw32/bin/../lib/gcc/nios2-elf/4.1.2/../../../../nios2-elf/lib\libc.a(lib_a-closer.o)
                0x00283f6c                _close_r
 .text          0x00283fdc      0x124 c:/altera/13.0sp1/nios2eds/bin/gnu/h-i686-mingw32/bin/../lib/gcc/nios2-elf/4.1.2/../../../../nios2-elf/lib\libc.a(lib_a-fclose.o)
                0x00283fdc                _fclose_r
                0x002840ec                fclose
 .text          0x00284100       0x74 c:/altera/13.0sp1/nios2eds/bin/gnu/h-i686-mingw32/bin/../lib/gcc/nios2-elf/4.1.2/../../../../nios2-elf/lib\libc.a(lib_a-fstatr.o)
                0x00284100                _fstat_r
 .text          0x00284174       0x70 c:/altera/13.0sp1/nios2eds/bin/gnu/h-i686-mingw32/bin/../lib/gcc/nios2-elf/4.1.2/../../../../nios2-elf/lib\libc.a(lib_a-isattyr.o)
                0x00284174                _isatty_r
 .text          0x002841e4       0x78 c:/altera/13.0sp1/nios2eds/bin/gnu/h-i686-mingw32/bin/../lib/gcc/nios2-elf/4.1.2/../../../../nios2-elf/lib\libc.a(lib_a-lseekr.o)
                0x002841e4                _lseek_r
 .text          0x0028425c       0x78 c:/altera/13.0sp1/nios2eds/bin/gnu/h-i686-mingw32/bin/../lib/gcc/nios2-elf/4.1.2/../../../../nios2-elf/lib\libc.a(lib_a-readr.o)
                0x0028425c                _read_r
 .text          0x002842d4      0x15c ../SD_bsp/\libhal_bsp.a(alt_close.o)
                0x002842d4                close
 .text          0x00284430       0x2c ../SD_bsp/\libhal_bsp.a(alt_dev.o)
 .text          0x0028445c        0x0 ../SD_bsp/\libhal_bsp.a(alt_errno.o)
 .text          0x0028445c       0x94 ../SD_bsp/\libhal_bsp.a(alt_find_dev.o)
                0x0028445c                alt_find_dev
 .text          0x002844f0      0x134 ../SD_bsp/\libhal_bsp.a(alt_fstat.o)
                0x002844f0                fstat
 .text          0x00284624      0x1c0 ../SD_bsp/\libhal_bsp.a(alt_irq_register.o)
                0x00284624                alt_irq_register
 .text          0x002847e4        0x0 ../SD_bsp/\libhal_bsp.a(alt_irq_vars.o)
 .text          0x002847e4      0x120 ../SD_bsp/\libhal_bsp.a(alt_isatty.o)
                0x002847e4                isatty
 .text          0x00284904       0xec ../SD_bsp/\libhal_bsp.a(alt_load.o)
                0x00284904                alt_load
 .text          0x002849f0      0x150 ../SD_bsp/\libhal_bsp.a(alt_lseek.o)
                0x002849f0                lseek
 .text          0x00284b40       0x6c ../SD_bsp/\libhal_bsp.a(alt_main.o)
                0x00284b40                alt_main
 .text          0x00284bac       0x40 ../SD_bsp/\libhal_bsp.a(alt_malloc_lock.o)
                0x00284bac                __malloc_lock
                0x00284bcc                __malloc_unlock
 .text          0x00284bec      0x258 ../SD_bsp/\libhal_bsp.a(alt_printf.o)
                0x00284bec                alt_printf
 .text          0x00284e44       0x40 ../SD_bsp/\libhal_bsp.a(alt_putchar.o)
                0x00284e44                alt_putchar
 .text          0x00284e84      0x180 ../SD_bsp/\libhal_bsp.a(alt_read.o)
                0x00284e84                read
 .text          0x00285004       0x60 ../SD_bsp/\libhal_bsp.a(alt_release_fd.o)
                0x00285004                alt_release_fd
 .text          0x00285064       0xbc ../SD_bsp/\libhal_bsp.a(alt_sbrk.o)
                0x00285064                sbrk
 .text          0x00285120      0x180 ../SD_bsp/\libhal_bsp.a(alt_write.o)
                0x00285120                write
 .text          0x002852a0      0x3a0 ../SD_bsp/\libhal_bsp.a(alt_sys_init.o)
                0x002852a0                alt_irq_init
                0x002852d4                alt_sys_init
 .text          0x00285640      0x148 ../SD_bsp/\libhal_bsp.a(altera_avalon_jtag_uart_fd.o)
                0x00285640                altera_avalon_jtag_uart_read_fd
                0x00285698                altera_avalon_jtag_uart_write_fd
                0x002856f0                altera_avalon_jtag_uart_close_fd
                0x00285738                altera_avalon_jtag_uart_ioctl_fd
 .text          0x00285788      0x408 ../SD_bsp/\libhal_bsp.a(altera_avalon_jtag_uart_init.o)
                0x00285788                altera_avalon_jtag_uart_init
                0x00285b1c                altera_avalon_jtag_uart_close
 .text          0x00285b90       0xf4 ../SD_bsp/\libhal_bsp.a(altera_avalon_jtag_uart_ioctl.o)
                0x00285b90                altera_avalon_jtag_uart_ioctl
 .text          0x00285c84      0x224 ../SD_bsp/\libhal_bsp.a(altera_avalon_jtag_uart_read.o)
                0x00285c84                altera_avalon_jtag_uart_read
 .text          0x00285ea8      0x240 ../SD_bsp/\libhal_bsp.a(altera_avalon_jtag_uart_write.o)
                0x00285ea8                altera_avalon_jtag_uart_write
 .text          0x002860e8      0x304 ../SD_bsp/\libhal_bsp.a(altera_up_avalon_video_character_buffer_with_dma.o)
                0x002860e8                alt_up_char_buffer_init
                0x0028616c                alt_up_char_buffer_open_dev
                0x002861ac                alt_up_char_buffer_draw
                0x0028627c                alt_up_char_buffer_string
                0x00286390                alt_up_char_buffer_clear
 .text          0x002863ec     0x156c ../SD_bsp/\libhal_bsp.a(altera_up_avalon_video_pixel_buffer_dma.o)
                0x002863ec                alt_up_pixel_buffer_dma_open_dev
                0x0028642c                alt_up_pixel_buffer_dma_draw
                0x002865cc                alt_up_pixel_buffer_dma_change_back_buffer_address
                0x00286624                alt_up_pixel_buffer_dma_swap_buffers
                0x0028667c                alt_up_pixel_buffer_dma_check_swap_buffers_status
                0x002866b0                alt_up_pixel_buffer_dma_clear_screen
                0x00286814                alt_up_pixel_buffer_dma_draw_box
                0x00286d08                alt_up_pixel_buffer_dma_draw_hline
                0x00287058                alt_up_pixel_buffer_dma_draw_vline
                0x00287428                alt_up_pixel_buffer_dma_draw_rectangle
                0x002874ec                helper_plot_pixel
                0x002875bc                alt_up_pixel_buffer_dma_draw_line
 .text          0x00287958      0x154 ../SD_bsp/\libhal_bsp.a(alt_alarm_start.o)
                0x00287958                alt_alarm_start
 .text          0x00287aac       0x1c ../SD_bsp/\libhal_bsp.a(alt_dcache_flush_all.o)
                0x00287aac                alt_dcache_flush_all
 .text          0x00287ac8      0x114 ../SD_bsp/\libhal_bsp.a(alt_dev_llist_insert.o)
                0x00287ac8                alt_dev_llist_insert
 .text          0x00287bdc       0x64 ../SD_bsp/\libhal_bsp.a(alt_do_ctors.o)
                0x00287bdc                _do_ctors
 .text          0x00287c40       0x64 ../SD_bsp/\libhal_bsp.a(alt_do_dtors.o)
                0x00287c40                _do_dtors
 .text          0x00287ca4       0x30 ../SD_bsp/\libhal_bsp.a(alt_icache_flush_all.o)
                0x00287ca4                alt_icache_flush_all
 .text          0x00287cd4      0x13c ../SD_bsp/\libhal_bsp.a(alt_io_redirect.o)
                0x00287d98                alt_io_redirect
 .text          0x00287e10        0x0 ../SD_bsp/\libhal_bsp.a(alt_irq_entry.o)
 .text          0x00287e10        0x0 ../SD_bsp/\libhal_bsp.a(alt_irq_handler.o)
 .text          0x00287e10      0x2c4 ../SD_bsp/\libhal_bsp.a(alt_open.o)
                0x00287eec                open
 .text          0x002880d4      0x1a4 ../SD_bsp/\libhal_bsp.a(alt_tick.o)
                0x002880d4                alt_alarm_stop
                0x0028816c                alt_tick
 .text          0x00288278       0x20 ../SD_bsp/\libhal_bsp.a(altera_nios2_qsys_irq.o)
                0x00288278                altera_nios2_qsys_irq_init
 .text          0x00288298        0x0 ../SD_bsp/\libhal_bsp.a(alt_exception_entry.o)
 .text          0x00288298      0x120 ../SD_bsp/\libhal_bsp.a(alt_find_file.o)
                0x00288298                alt_find_file
 .text          0x002883b8       0xb8 ../SD_bsp/\libhal_bsp.a(alt_get_fd.o)
                0x002883b8                alt_get_fd
 .text          0x00288470       0x90 ../SD_bsp/\libhal_bsp.a(alt_icache_flush.o)
                0x00288470                alt_icache_flush
 .text          0x00288500       0x14 c:/altera/13.0sp1/nios2eds/bin/gnu/h-i686-mingw32/bin/../lib/gcc/nios2-elf/4.1.2/../../../../nios2-elf/lib\libc.a(lib_a-atexit.o)
                0x00288500                atexit
 .text          0x00288514       0x38 c:/altera/13.0sp1/nios2eds/bin/gnu/h-i686-mingw32/bin/../lib/gcc/nios2-elf/4.1.2/../../../../nios2-elf/lib\libc.a(lib_a-exit.o)
                0x00288514                exit
 .text          0x0028854c       0x74 c:/altera/13.0sp1/nios2eds/bin/gnu/h-i686-mingw32/bin/../lib/gcc/nios2-elf/4.1.2/../../../../nios2-elf/lib\libc.a(lib_a-memcmp.o)
                0x0028854c                memcmp
 .text          0x002885c0       0xbc c:/altera/13.0sp1/nios2eds/bin/gnu/h-i686-mingw32/bin/../lib/gcc/nios2-elf/4.1.2/../../../../nios2-elf/lib\libc.a(lib_a-strcmp.o)
                0x002885c0                strcmp
 .text          0x0028867c      0x134 c:/altera/13.0sp1/nios2eds/bin/gnu/h-i686-mingw32/bin/../lib/gcc/nios2-elf/4.1.2/../../../../nios2-elf/lib\libc.a(lib_a-__atexit.o)
                0x0028867c                __register_exitproc
 .text          0x002887b0      0x1b4 c:/altera/13.0sp1/nios2eds/bin/gnu/h-i686-mingw32/bin/../lib/gcc/nios2-elf/4.1.2/../../../../nios2-elf/lib\libc.a(lib_a-__call_atexit.o)
                0x002887b4                __call_exitprocs
 .text          0x00288964       0x60 ../SD_bsp/\libhal_bsp.a(alt_exit.o)
                0x002889a4                _exit
 *(.gnu.warning.*)
 *(.fini)
                0x002889c4                PROVIDE (__etext, ABSOLUTE (.))
                0x002889c4                PROVIDE (_etext, ABSOLUTE (.))
                0x002889c4                PROVIDE (etext, ABSOLUTE (.))
 *(.eh_frame_hdr)
                0x002889c4                . = ALIGN (0x4)
                0x002889c4                PROVIDE (__preinit_array_start, ABSOLUTE (.))
 *(.preinit_array)
                0x002889c4                PROVIDE (__preinit_array_end, ABSOLUTE (.))
                0x002889c4                PROVIDE (__init_array_start, ABSOLUTE (.))
 *(.init_array)
                0x002889c4                PROVIDE (__init_array_end, ABSOLUTE (.))
                0x002889c4                PROVIDE (__fini_array_start, ABSOLUTE (.))
 *(.fini_array)
                0x002889c4                PROVIDE (__fini_array_end, ABSOLUTE (.))
 *(.eh_frame)
 *(.gcc_except_table)
 *(.dynamic)
                0x002889c4                PROVIDE (__CTOR_LIST__, ABSOLUTE (.))
 *(.ctors)
 *(SORT(.ctors.*))
 .ctors.65535   0x002889c4        0x4 c:/altera/13.0sp1/nios2eds/bin/gnu/h-i686-mingw32/bin/../lib/gcc/nios2-elf/4.1.2/../../../../nios2-elf/lib\libc.a(lib_a-__call_atexit.o)
                0x002889c8                PROVIDE (__CTOR_END__, ABSOLUTE (.))
                0x002889c8                PROVIDE (__DTOR_LIST__, ABSOLUTE (.))
 *(.dtors)
 *(SORT(.dtors.*))
                0x002889c8                PROVIDE (__DTOR_END__, ABSOLUTE (.))
 *(.jcr)
                0x002889c8                . = ALIGN (0x4)

.rodata         0x002889c8      0x434
                0x002889c8                PROVIDE (__ram_rodata_start, ABSOLUTE (.))
                0x002889c8                . = ALIGN (0x4)
 *(.rodata .rodata.* .gnu.linkonce.r.*)
 .rodata        0x002889c8      0x364 obj/default/lollllllll.o
 .rodata.str1.4
                0x00288d2c        0x2 c:/altera/13.0sp1/nios2eds/bin/gnu/h-i686-mingw32/bin/../lib/gcc/nios2-elf/4.1.2/../../../../nios2-elf/lib\libc.a(lib_a-puts.o)
                                  0x4 (size before relaxing)
 *fill*         0x00288d2e        0x2 00
 .rodata.str1.4
                0x00288d30        0x4 c:/altera/13.0sp1/nios2eds/bin/gnu/h-i686-mingw32/bin/../lib/gcc/nios2-elf/4.1.2/../../../../nios2-elf/lib\libc.a(lib_a-impure.o)
 .rodata        0x00288d34        0xc ../SD_bsp/\libhal_bsp.a(alt_dev.o)
 .rodata        0x00288d40       0x10 ../SD_bsp/\libhal_bsp.a(alt_main.o)
 .rodata        0x00288d50       0x90 ../SD_bsp/\libhal_bsp.a(alt_sys_init.o)
 .rodata        0x00288de0       0x1c ../SD_bsp/\libhal_bsp.a(altera_up_avalon_video_character_buffer_with_dma.o)
 *(.rodata1)
                0x00288dfc                . = ALIGN (0x4)
                0x00288dfc                PROVIDE (__ram_rodata_end, ABSOLUTE (.))
                0x002889c8                PROVIDE (__flash_rodata_start, LOADADDR (.rodata))

.rwdata         0x00288dfc     0x1e78 load address 0x0028ac74
                0x00288dfc                PROVIDE (__ram_rwdata_start, ABSOLUTE (.))
                0x00288dfc                . = ALIGN (0x4)
 *(.got.plt)
 *(.got)
 *(.data1)
 *(.data .data.* .gnu.linkonce.d.*)
 .data          0x00288dfc        0x0 ../SD_bsp//obj/HAL/src/crt0.o
 .data          0x00288dfc      0x2cc obj/default/lollllllll.o
                0x00288dfc                key_table
                0x00288f94                ascii_codes
                0x00288ffa                single_byte_make_code
                0x00289060                multi_byte_make_code
 .data          0x002890c8        0x0 c:/altera/13.0sp1/nios2eds/bin/gnu/h-i686-mingw32/bin/../lib/gcc/nios2-elf/4.1.2/../../../../nios2-elf/lib\libc.a(lib_a-malloc.o)
 .data          0x002890c8      0x408 c:/altera/13.0sp1/nios2eds/bin/gnu/h-i686-mingw32/bin/../lib/gcc/nios2-elf/4.1.2/../../../../nios2-elf/lib\libc.a(lib_a-mallocr.o)
                0x002890c8                __malloc_av_
 .data          0x002894d0        0x0 c:/altera/13.0sp1/nios2eds/bin/gnu/h-i686-mingw32/bin/../lib/gcc/nios2-elf/4.1.2/../../../../nios2-elf/lib\libc.a(lib_a-putchar.o)
 .data          0x002894d0        0x0 c:/altera/13.0sp1/nios2eds/bin/gnu/h-i686-mingw32/bin/../lib/gcc/nios2-elf/4.1.2/../../../../nios2-elf/lib\libc.a(lib_a-puts.o)
 .data          0x002894d0        0x0 c:/altera/13.0sp1/nios2eds/bin/gnu/h-i686-mingw32/bin/../lib/gcc/nios2-elf/4.1.2/../../../../nios2-elf/lib\libc.a(lib_a-sbrkr.o)
 .data          0x002894d0        0x0 c:/altera/13.0sp1/nios2eds/bin/gnu/h-i686-mingw32/bin/../lib/gcc/nios2-elf/4.1.2/../../../../nios2-elf/lib\libc.a(lib_a-strcpy.o)
 .data          0x002894d0        0x0 c:/altera/13.0sp1/nios2eds/bin/gnu/h-i686-mingw32/bin/../lib/gcc/nios2-elf/4.1.2/../../../../nios2-elf/lib\libc.a(lib_a-strlen.o)
 .data          0x002894d0        0x0 c:/altera/13.0sp1/nios2eds/bin/gnu/h-i686-mingw32/bin/../lib/gcc/nios2-elf/4.1.2/../../../../nios2-elf/lib\libc.a(lib_a-freer.o)
 .data          0x002894d0        0x0 c:/altera/13.0sp1/nios2eds/bin/gnu/h-i686-mingw32/bin/../lib/gcc/nios2-elf/4.1.2/../../../../nios2-elf/lib\libc.a(lib_a-fvwrite.o)
 .data          0x002894d0      0x400 c:/altera/13.0sp1/nios2eds/bin/gnu/h-i686-mingw32/bin/../lib/gcc/nios2-elf/4.1.2/../../../../nios2-elf/lib\libc.a(lib_a-impure.o)
 .data          0x002898d0        0x0 c:/altera/13.0sp1/nios2eds/bin/gnu/h-i686-mingw32/bin/../lib/gcc/nios2-elf/4.1.2/../../../../nios2-elf/lib\libc.a(lib_a-int_errno.o)
 .data          0x002898d0        0x0 c:/altera/13.0sp1/nios2eds/bin/gnu/h-i686-mingw32/bin/../lib/gcc/nios2-elf/4.1.2/../../../../nios2-elf/lib\libc.a(lib_a-memchr.o)
 .data          0x002898d0        0x0 c:/altera/13.0sp1/nios2eds/bin/gnu/h-i686-mingw32/bin/../lib/gcc/nios2-elf/4.1.2/../../../../nios2-elf/lib\libc.a(lib_a-memcpy.o)
 .data          0x002898d0        0x0 c:/altera/13.0sp1/nios2eds/bin/gnu/h-i686-mingw32/bin/../lib/gcc/nios2-elf/4.1.2/../../../../nios2-elf/lib\libc.a(lib_a-memmove.o)
 .data          0x002898d0        0x0 c:/altera/13.0sp1/nios2eds/bin/gnu/h-i686-mingw32/bin/../lib/gcc/nios2-elf/4.1.2/../../../../nios2-elf/lib\libc.a(lib_a-putc.o)
 .data          0x002898d0        0x0 c:/altera/13.0sp1/nios2eds/bin/gnu/h-i686-mingw32/bin/../lib/gcc/nios2-elf/4.1.2/../../../../nios2-elf/lib\libc.a(lib_a-reallocr.o)
 .data          0x002898d0        0x0 c:/altera/13.0sp1/nios2eds/bin/gnu/h-i686-mingw32/bin/../lib/gcc/nios2-elf/4.1.2/../../../../nios2-elf/lib\libc.a(lib_a-wbuf.o)
 .data          0x002898d0        0x0 c:/altera/13.0sp1/nios2eds/bin/gnu/h-i686-mingw32/bin/../lib/gcc/nios2-elf/4.1.2/../../../../nios2-elf/lib\libc.a(lib_a-wsetup.o)
 .data          0x002898d0        0x0 c:/altera/13.0sp1/nios2eds/bin/gnu/h-i686-mingw32/bin/../lib/gcc/nios2-elf/4.1.2/../../../../nios2-elf/lib\libc.a(lib_a-fflush.o)
 .data          0x002898d0        0x0 c:/altera/13.0sp1/nios2eds/bin/gnu/h-i686-mingw32/bin/../lib/gcc/nios2-elf/4.1.2/../../../../nios2-elf/lib\libc.a(lib_a-findfp.o)
 .data          0x002898d0        0x0 c:/altera/13.0sp1/nios2eds/bin/gnu/h-i686-mingw32/bin/../lib/gcc/nios2-elf/4.1.2/../../../../nios2-elf/lib\libc.a(lib_a-fwalk.o)
 .data          0x002898d0        0x0 c:/altera/13.0sp1/nios2eds/bin/gnu/h-i686-mingw32/bin/../lib/gcc/nios2-elf/4.1.2/../../../../nios2-elf/lib\libc.a(lib_a-makebuf.o)
 .data          0x002898d0        0x0 c:/altera/13.0sp1/nios2eds/bin/gnu/h-i686-mingw32/bin/../lib/gcc/nios2-elf/4.1.2/../../../../nios2-elf/lib\libc.a(lib_a-memset.o)
 .data          0x002898d0        0x0 c:/altera/13.0sp1/nios2eds/bin/gnu/h-i686-mingw32/bin/../lib/gcc/nios2-elf/4.1.2/../../../../nios2-elf/lib\libc.a(lib_a-stdio.o)
 .data          0x002898d0        0x0 c:/altera/13.0sp1/nios2eds/bin/gnu/h-i686-mingw32/bin/../lib/gcc/nios2-elf/4.1.2/../../../../nios2-elf/lib\libc.a(lib_a-writer.o)
 .data          0x002898d0        0x0 c:/altera/13.0sp1/nios2eds/bin/gnu/h-i686-mingw32/bin/../lib/gcc/nios2-elf/4.1.2/../../../../nios2-elf/lib\libc.a(lib_a-closer.o)
 .data          0x002898d0        0x0 c:/altera/13.0sp1/nios2eds/bin/gnu/h-i686-mingw32/bin/../lib/gcc/nios2-elf/4.1.2/../../../../nios2-elf/lib\libc.a(lib_a-fclose.o)
 .data          0x002898d0        0x0 c:/altera/13.0sp1/nios2eds/bin/gnu/h-i686-mingw32/bin/../lib/gcc/nios2-elf/4.1.2/../../../../nios2-elf/lib\libc.a(lib_a-fstatr.o)
 .data          0x002898d0        0x0 c:/altera/13.0sp1/nios2eds/bin/gnu/h-i686-mingw32/bin/../lib/gcc/nios2-elf/4.1.2/../../../../nios2-elf/lib\libc.a(lib_a-isattyr.o)
 .data          0x002898d0        0x0 c:/altera/13.0sp1/nios2eds/bin/gnu/h-i686-mingw32/bin/../lib/gcc/nios2-elf/4.1.2/../../../../nios2-elf/lib\libc.a(lib_a-lseekr.o)
 .data          0x002898d0        0x0 c:/altera/13.0sp1/nios2eds/bin/gnu/h-i686-mingw32/bin/../lib/gcc/nios2-elf/4.1.2/../../../../nios2-elf/lib\libc.a(lib_a-readr.o)
 .data          0x002898d0        0x0 ../SD_bsp/\libhal_bsp.a(alt_close.o)
 .data          0x002898d0      0x1a8 ../SD_bsp/\libhal_bsp.a(alt_dev.o)
                0x002898d0                alt_dev_null
                0x002898f8                alt_fd_list
 .data          0x00289a78        0x0 ../SD_bsp/\libhal_bsp.a(alt_errno.o)
 .data          0x00289a78        0x0 ../SD_bsp/\libhal_bsp.a(alt_find_dev.o)
 .data          0x00289a78        0x0 ../SD_bsp/\libhal_bsp.a(alt_fstat.o)
 .data          0x00289a78        0x0 ../SD_bsp/\libhal_bsp.a(alt_irq_register.o)
 .data          0x00289a78        0x0 ../SD_bsp/\libhal_bsp.a(alt_irq_vars.o)
 .data          0x00289a78        0x0 ../SD_bsp/\libhal_bsp.a(alt_isatty.o)
 .data          0x00289a78        0x0 ../SD_bsp/\libhal_bsp.a(alt_load.o)
 .data          0x00289a78        0x0 ../SD_bsp/\libhal_bsp.a(alt_lseek.o)
 .data          0x00289a78        0x0 ../SD_bsp/\libhal_bsp.a(alt_main.o)
 .data          0x00289a78        0x0 ../SD_bsp/\libhal_bsp.a(alt_malloc_lock.o)
 .data          0x00289a78        0x0 ../SD_bsp/\libhal_bsp.a(alt_printf.o)
 .data          0x00289a78        0x0 ../SD_bsp/\libhal_bsp.a(alt_putchar.o)
 .data          0x00289a78        0x0 ../SD_bsp/\libhal_bsp.a(alt_read.o)
 .data          0x00289a78        0x0 ../SD_bsp/\libhal_bsp.a(alt_release_fd.o)
 .data          0x00289a78        0x0 ../SD_bsp/\libhal_bsp.a(alt_sbrk.o)
 .data          0x00289a78        0x0 ../SD_bsp/\libhal_bsp.a(alt_write.o)
 .data          0x00289a78     0x11c0 ../SD_bsp/\libhal_bsp.a(alt_sys_init.o)
 .data          0x0028ac38        0x0 ../SD_bsp/\libhal_bsp.a(altera_avalon_jtag_uart_fd.o)
 .data          0x0028ac38        0x0 ../SD_bsp/\libhal_bsp.a(altera_avalon_jtag_uart_init.o)
 .data          0x0028ac38        0x0 ../SD_bsp/\libhal_bsp.a(altera_avalon_jtag_uart_ioctl.o)
 .data          0x0028ac38        0x0 ../SD_bsp/\libhal_bsp.a(altera_avalon_jtag_uart_read.o)
 .data          0x0028ac38        0x0 ../SD_bsp/\libhal_bsp.a(altera_avalon_jtag_uart_write.o)
 .data          0x0028ac38        0x0 ../SD_bsp/\libhal_bsp.a(altera_up_avalon_video_character_buffer_with_dma.o)
 .data          0x0028ac38        0x0 ../SD_bsp/\libhal_bsp.a(altera_up_avalon_video_pixel_buffer_dma.o)
 .data          0x0028ac38        0x0 ../SD_bsp/\libhal_bsp.a(alt_alarm_start.o)
 .data          0x0028ac38        0x0 ../SD_bsp/\libhal_bsp.a(alt_dcache_flush_all.o)
 .data          0x0028ac38        0x0 ../SD_bsp/\libhal_bsp.a(alt_dev_llist_insert.o)
 .data          0x0028ac38        0x0 ../SD_bsp/\libhal_bsp.a(alt_do_ctors.o)
 .data          0x0028ac38        0x0 ../SD_bsp/\libhal_bsp.a(alt_do_dtors.o)
 .data          0x0028ac38        0x0 ../SD_bsp/\libhal_bsp.a(alt_icache_flush_all.o)
 .data          0x0028ac38        0x0 ../SD_bsp/\libhal_bsp.a(alt_io_redirect.o)
 .data          0x0028ac38        0x0 ../SD_bsp/\libhal_bsp.a(alt_irq_entry.o)
 .data          0x0028ac38        0x0 ../SD_bsp/\libhal_bsp.a(alt_irq_handler.o)
 .data          0x0028ac38        0x0 ../SD_bsp/\libhal_bsp.a(alt_open.o)
 .data          0x0028ac38        0x0 ../SD_bsp/\libhal_bsp.a(alt_tick.o)
 .data          0x0028ac38        0x0 ../SD_bsp/\libhal_bsp.a(altera_nios2_qsys_irq.o)
 .data          0x0028ac38        0x0 ../SD_bsp/\libhal_bsp.a(alt_exception_entry.o)
 .data          0x0028ac38        0x0 ../SD_bsp/\libhal_bsp.a(alt_find_file.o)
 .data          0x0028ac38        0x0 ../SD_bsp/\libhal_bsp.a(alt_get_fd.o)
 .data          0x0028ac38        0x0 ../SD_bsp/\libhal_bsp.a(alt_icache_flush.o)
 .data          0x0028ac38        0x0 c:/altera/13.0sp1/nios2eds/bin/gnu/h-i686-mingw32/bin/../lib/gcc/nios2-elf/4.1.2/../../../../nios2-elf/lib\libc.a(lib_a-atexit.o)
 .data          0x0028ac38        0x0 c:/altera/13.0sp1/nios2eds/bin/gnu/h-i686-mingw32/bin/../lib/gcc/nios2-elf/4.1.2/../../../../nios2-elf/lib\libc.a(lib_a-exit.o)
 .data          0x0028ac38        0x0 c:/altera/13.0sp1/nios2eds/bin/gnu/h-i686-mingw32/bin/../lib/gcc/nios2-elf/4.1.2/../../../../nios2-elf/lib\libc.a(lib_a-memcmp.o)
 .data          0x0028ac38        0x0 c:/altera/13.0sp1/nios2eds/bin/gnu/h-i686-mingw32/bin/../lib/gcc/nios2-elf/4.1.2/../../../../nios2-elf/lib\libc.a(lib_a-strcmp.o)
 .data          0x0028ac38        0x0 c:/altera/13.0sp1/nios2eds/bin/gnu/h-i686-mingw32/bin/../lib/gcc/nios2-elf/4.1.2/../../../../nios2-elf/lib\libc.a(lib_a-__atexit.o)
 .data          0x0028ac38        0x0 c:/altera/13.0sp1/nios2eds/bin/gnu/h-i686-mingw32/bin/../lib/gcc/nios2-elf/4.1.2/../../../../nios2-elf/lib\libc.a(lib_a-__call_atexit.o)
 .data          0x0028ac38        0x0 ../SD_bsp/\libhal_bsp.a(alt_exit.o)
                0x00292c38                _gp = ABSOLUTE ((. + 0x8000))
                0x00292c38                PROVIDE (gp, _gp)
 *(.rwdata .rwdata.*)
 *(.sdata .sdata.* .gnu.linkonce.s.*)
 .sdata         0x0028ac38        0x4 obj/default/lollllllll.o
                0x0028ac38                red_LED_ptr
 .sdata         0x0028ac3c        0x8 c:/altera/13.0sp1/nios2eds/bin/gnu/h-i686-mingw32/bin/../lib/gcc/nios2-elf/4.1.2/../../../../nios2-elf/lib\libc.a(lib_a-mallocr.o)
                0x0028ac3c                __malloc_trim_threshold
                0x0028ac40                __malloc_sbrk_base
 .sdata         0x0028ac44        0x8 c:/altera/13.0sp1/nios2eds/bin/gnu/h-i686-mingw32/bin/../lib/gcc/nios2-elf/4.1.2/../../../../nios2-elf/lib\libc.a(lib_a-impure.o)
                0x0028ac44                _impure_ptr
                0x0028ac48                _global_impure_ptr
 .sdata         0x0028ac4c       0x14 ../SD_bsp/\libhal_bsp.a(alt_dev.o)
                0x0028ac4c                alt_fs_list
                0x0028ac54                alt_dev_list
                0x0028ac5c                alt_max_fd
 .sdata         0x0028ac60        0x4 ../SD_bsp/\libhal_bsp.a(alt_errno.o)
                0x0028ac60                alt_errno
 .sdata         0x0028ac64        0x4 ../SD_bsp/\libhal_bsp.a(alt_irq_vars.o)
                0x0028ac64                alt_priority_mask
 .sdata         0x0028ac68        0x4 ../SD_bsp/\libhal_bsp.a(alt_sbrk.o)
 .sdata         0x0028ac6c        0x8 ../SD_bsp/\libhal_bsp.a(alt_tick.o)
                0x0028ac6c                alt_alarm_list
 *(.sdata2 .sdata2.* .gnu.linkonce.s2.*)
                0x0028ac74                . = ALIGN (0x4)
                0x0028ac74                _edata = ABSOLUTE (.)
                0x0028ac74                PROVIDE (edata, ABSOLUTE (.))
                0x0028ac74                PROVIDE (__ram_rwdata_end, ABSOLUTE (.))
                0x0028ac74                PROVIDE (__flash_rwdata_start, LOADADDR (.rwdata))

.bss            0x0028caec      0x304
                0x0028caec                __bss_start = ABSOLUTE (.)
                0x0028caec                PROVIDE (__sbss_start, ABSOLUTE (.))
                0x0028caec                PROVIDE (___sbss_start, ABSOLUTE (.))
 *(.dynsbss)
 *(.sbss .sbss.* .gnu.linkonce.sb.*)
 .sbss          0x0028caec       0x24 obj/default/lollllllll.o
                0x0028caec                ps2_keyboard
                0x0028caf0                coordinateY
                0x0028caf4                char_buf_dev
                0x0028caf8                byte
                0x0028cafc                kb
                0x0028cb00                ascii
                0x0028cb04                buf
                0x0028cb08                pixel_buf_dev
                0x0028cb0c                coordinateX
 .sbss          0x0028cb10        0xc c:/altera/13.0sp1/nios2eds/bin/gnu/h-i686-mingw32/bin/../lib/gcc/nios2-elf/4.1.2/../../../../nios2-elf/lib\libc.a(lib_a-mallocr.o)
                0x0028cb10                __malloc_top_pad
                0x0028cb14                __malloc_max_sbrked_mem
                0x0028cb18                __malloc_max_total_mem
 .sbss          0x0028cb1c        0x4 c:/altera/13.0sp1/nios2eds/bin/gnu/h-i686-mingw32/bin/../lib/gcc/nios2-elf/4.1.2/../../../../nios2-elf/lib\libc.a(lib_a-int_errno.o)
                0x0028cb1c                errno
 .sbss          0x0028cb20        0x4 ../SD_bsp/\libhal_bsp.a(alt_irq_vars.o)
                0x0028cb20                alt_irq_active
 .sbss          0x0028cb24        0xc ../SD_bsp/\libhal_bsp.a(alt_main.o)
                0x0028cb24                alt_argc
                0x0028cb28                alt_argv
                0x0028cb2c                alt_envp
 .sbss          0x0028cb30        0x8 ../SD_bsp/\libhal_bsp.a(alt_tick.o)
                0x0028cb30                _alt_tick_rate
                0x0028cb34                _alt_nticks
 *(.sbss2 .sbss2.* .gnu.linkonce.sb2.*)
 *(.scommon)
                0x0028cb38                PROVIDE (__sbss_end, ABSOLUTE (.))
                0x0028cb38                PROVIDE (___sbss_end, ABSOLUTE (.))
 *(.dynbss)
 *(.bss .bss.* .gnu.linkonce.b.*)
 .bss           0x0028cb38        0x0 ../SD_bsp//obj/HAL/src/crt0.o
 .bss           0x0028cb38        0x0 obj/default/lollllllll.o
 .bss           0x0028cb38        0x0 c:/altera/13.0sp1/nios2eds/bin/gnu/h-i686-mingw32/bin/../lib/gcc/nios2-elf/4.1.2/../../../../nios2-elf/lib\libc.a(lib_a-malloc.o)
 .bss           0x0028cb38       0x28 c:/altera/13.0sp1/nios2eds/bin/gnu/h-i686-mingw32/bin/../lib/gcc/nios2-elf/4.1.2/../../../../nios2-elf/lib\libc.a(lib_a-mallocr.o)
                0x0028cb38                __malloc_current_mallinfo
 .bss           0x0028cb60        0x0 c:/altera/13.0sp1/nios2eds/bin/gnu/h-i686-mingw32/bin/../lib/gcc/nios2-elf/4.1.2/../../../../nios2-elf/lib\libc.a(lib_a-putchar.o)
 .bss           0x0028cb60        0x0 c:/altera/13.0sp1/nios2eds/bin/gnu/h-i686-mingw32/bin/../lib/gcc/nios2-elf/4.1.2/../../../../nios2-elf/lib\libc.a(lib_a-puts.o)
 .bss           0x0028cb60        0x0 c:/altera/13.0sp1/nios2eds/bin/gnu/h-i686-mingw32/bin/../lib/gcc/nios2-elf/4.1.2/../../../../nios2-elf/lib\libc.a(lib_a-sbrkr.o)
 .bss           0x0028cb60        0x0 c:/altera/13.0sp1/nios2eds/bin/gnu/h-i686-mingw32/bin/../lib/gcc/nios2-elf/4.1.2/../../../../nios2-elf/lib\libc.a(lib_a-strcpy.o)
 .bss           0x0028cb60        0x0 c:/altera/13.0sp1/nios2eds/bin/gnu/h-i686-mingw32/bin/../lib/gcc/nios2-elf/4.1.2/../../../../nios2-elf/lib\libc.a(lib_a-strlen.o)
 .bss           0x0028cb60        0x0 c:/altera/13.0sp1/nios2eds/bin/gnu/h-i686-mingw32/bin/../lib/gcc/nios2-elf/4.1.2/../../../../nios2-elf/lib\libc.a(lib_a-freer.o)
 .bss           0x0028cb60        0x0 c:/altera/13.0sp1/nios2eds/bin/gnu/h-i686-mingw32/bin/../lib/gcc/nios2-elf/4.1.2/../../../../nios2-elf/lib\libc.a(lib_a-fvwrite.o)
 .bss           0x0028cb60        0x0 c:/altera/13.0sp1/nios2eds/bin/gnu/h-i686-mingw32/bin/../lib/gcc/nios2-elf/4.1.2/../../../../nios2-elf/lib\libc.a(lib_a-impure.o)
 .bss           0x0028cb60        0x0 c:/altera/13.0sp1/nios2eds/bin/gnu/h-i686-mingw32/bin/../lib/gcc/nios2-elf/4.1.2/../../../../nios2-elf/lib\libc.a(lib_a-int_errno.o)
 .bss           0x0028cb60        0x0 c:/altera/13.0sp1/nios2eds/bin/gnu/h-i686-mingw32/bin/../lib/gcc/nios2-elf/4.1.2/../../../../nios2-elf/lib\libc.a(lib_a-memchr.o)
 .bss           0x0028cb60        0x0 c:/altera/13.0sp1/nios2eds/bin/gnu/h-i686-mingw32/bin/../lib/gcc/nios2-elf/4.1.2/../../../../nios2-elf/lib\libc.a(lib_a-memcpy.o)
 .bss           0x0028cb60        0x0 c:/altera/13.0sp1/nios2eds/bin/gnu/h-i686-mingw32/bin/../lib/gcc/nios2-elf/4.1.2/../../../../nios2-elf/lib\libc.a(lib_a-memmove.o)
 .bss           0x0028cb60        0x0 c:/altera/13.0sp1/nios2eds/bin/gnu/h-i686-mingw32/bin/../lib/gcc/nios2-elf/4.1.2/../../../../nios2-elf/lib\libc.a(lib_a-putc.o)
 .bss           0x0028cb60        0x0 c:/altera/13.0sp1/nios2eds/bin/gnu/h-i686-mingw32/bin/../lib/gcc/nios2-elf/4.1.2/../../../../nios2-elf/lib\libc.a(lib_a-reallocr.o)
 .bss           0x0028cb60        0x0 c:/altera/13.0sp1/nios2eds/bin/gnu/h-i686-mingw32/bin/../lib/gcc/nios2-elf/4.1.2/../../../../nios2-elf/lib\libc.a(lib_a-wbuf.o)
 .bss           0x0028cb60        0x0 c:/altera/13.0sp1/nios2eds/bin/gnu/h-i686-mingw32/bin/../lib/gcc/nios2-elf/4.1.2/../../../../nios2-elf/lib\libc.a(lib_a-wsetup.o)
 .bss           0x0028cb60        0x0 c:/altera/13.0sp1/nios2eds/bin/gnu/h-i686-mingw32/bin/../lib/gcc/nios2-elf/4.1.2/../../../../nios2-elf/lib\libc.a(lib_a-fflush.o)
 .bss           0x0028cb60        0x0 c:/altera/13.0sp1/nios2eds/bin/gnu/h-i686-mingw32/bin/../lib/gcc/nios2-elf/4.1.2/../../../../nios2-elf/lib\libc.a(lib_a-findfp.o)
 .bss           0x0028cb60        0x0 c:/altera/13.0sp1/nios2eds/bin/gnu/h-i686-mingw32/bin/../lib/gcc/nios2-elf/4.1.2/../../../../nios2-elf/lib\libc.a(lib_a-fwalk.o)
 .bss           0x0028cb60        0x0 c:/altera/13.0sp1/nios2eds/bin/gnu/h-i686-mingw32/bin/../lib/gcc/nios2-elf/4.1.2/../../../../nios2-elf/lib\libc.a(lib_a-makebuf.o)
 .bss           0x0028cb60        0x0 c:/altera/13.0sp1/nios2eds/bin/gnu/h-i686-mingw32/bin/../lib/gcc/nios2-elf/4.1.2/../../../../nios2-elf/lib\libc.a(lib_a-memset.o)
 .bss           0x0028cb60        0x0 c:/altera/13.0sp1/nios2eds/bin/gnu/h-i686-mingw32/bin/../lib/gcc/nios2-elf/4.1.2/../../../../nios2-elf/lib\libc.a(lib_a-stdio.o)
 .bss           0x0028cb60        0x0 c:/altera/13.0sp1/nios2eds/bin/gnu/h-i686-mingw32/bin/../lib/gcc/nios2-elf/4.1.2/../../../../nios2-elf/lib\libc.a(lib_a-writer.o)
 .bss           0x0028cb60        0x0 c:/altera/13.0sp1/nios2eds/bin/gnu/h-i686-mingw32/bin/../lib/gcc/nios2-elf/4.1.2/../../../../nios2-elf/lib\libc.a(lib_a-closer.o)
 .bss           0x0028cb60        0x0 c:/altera/13.0sp1/nios2eds/bin/gnu/h-i686-mingw32/bin/../lib/gcc/nios2-elf/4.1.2/../../../../nios2-elf/lib\libc.a(lib_a-fclose.o)
 .bss           0x0028cb60        0x0 c:/altera/13.0sp1/nios2eds/bin/gnu/h-i686-mingw32/bin/../lib/gcc/nios2-elf/4.1.2/../../../../nios2-elf/lib\libc.a(lib_a-fstatr.o)
 .bss           0x0028cb60        0x0 c:/altera/13.0sp1/nios2eds/bin/gnu/h-i686-mingw32/bin/../lib/gcc/nios2-elf/4.1.2/../../../../nios2-elf/lib\libc.a(lib_a-isattyr.o)
 .bss           0x0028cb60        0x0 c:/altera/13.0sp1/nios2eds/bin/gnu/h-i686-mingw32/bin/../lib/gcc/nios2-elf/4.1.2/../../../../nios2-elf/lib\libc.a(lib_a-lseekr.o)
 .bss           0x0028cb60        0x0 c:/altera/13.0sp1/nios2eds/bin/gnu/h-i686-mingw32/bin/../lib/gcc/nios2-elf/4.1.2/../../../../nios2-elf/lib\libc.a(lib_a-readr.o)
 .bss           0x0028cb60        0x0 ../SD_bsp/\libhal_bsp.a(alt_close.o)
 .bss           0x0028cb60        0x0 ../SD_bsp/\libhal_bsp.a(alt_dev.o)
 .bss           0x0028cb60        0x0 ../SD_bsp/\libhal_bsp.a(alt_errno.o)
 .bss           0x0028cb60        0x0 ../SD_bsp/\libhal_bsp.a(alt_find_dev.o)
 .bss           0x0028cb60        0x0 ../SD_bsp/\libhal_bsp.a(alt_fstat.o)
 .bss           0x0028cb60        0x0 ../SD_bsp/\libhal_bsp.a(alt_irq_register.o)
 .bss           0x0028cb60        0x0 ../SD_bsp/\libhal_bsp.a(alt_irq_vars.o)
 .bss           0x0028cb60        0x0 ../SD_bsp/\libhal_bsp.a(alt_isatty.o)
 .bss           0x0028cb60        0x0 ../SD_bsp/\libhal_bsp.a(alt_load.o)
 .bss           0x0028cb60        0x0 ../SD_bsp/\libhal_bsp.a(alt_lseek.o)
 .bss           0x0028cb60        0x0 ../SD_bsp/\libhal_bsp.a(alt_main.o)
 .bss           0x0028cb60        0x0 ../SD_bsp/\libhal_bsp.a(alt_malloc_lock.o)
 .bss           0x0028cb60        0x0 ../SD_bsp/\libhal_bsp.a(alt_printf.o)
 .bss           0x0028cb60        0x0 ../SD_bsp/\libhal_bsp.a(alt_putchar.o)
 .bss           0x0028cb60        0x0 ../SD_bsp/\libhal_bsp.a(alt_read.o)
 .bss           0x0028cb60        0x0 ../SD_bsp/\libhal_bsp.a(alt_release_fd.o)
 .bss           0x0028cb60        0x0 ../SD_bsp/\libhal_bsp.a(alt_sbrk.o)
 .bss           0x0028cb60        0x0 ../SD_bsp/\libhal_bsp.a(alt_write.o)
 .bss           0x0028cb60        0x0 ../SD_bsp/\libhal_bsp.a(alt_sys_init.o)
 .bss           0x0028cb60        0x0 ../SD_bsp/\libhal_bsp.a(altera_avalon_jtag_uart_fd.o)
 .bss           0x0028cb60        0x0 ../SD_bsp/\libhal_bsp.a(altera_avalon_jtag_uart_init.o)
 .bss           0x0028cb60        0x0 ../SD_bsp/\libhal_bsp.a(altera_avalon_jtag_uart_ioctl.o)
 .bss           0x0028cb60        0x0 ../SD_bsp/\libhal_bsp.a(altera_avalon_jtag_uart_read.o)
 .bss           0x0028cb60        0x0 ../SD_bsp/\libhal_bsp.a(altera_avalon_jtag_uart_write.o)
 .bss           0x0028cb60        0x0 ../SD_bsp/\libhal_bsp.a(altera_up_avalon_video_character_buffer_with_dma.o)
 .bss           0x0028cb60        0x0 ../SD_bsp/\libhal_bsp.a(altera_up_avalon_video_pixel_buffer_dma.o)
 .bss           0x0028cb60        0x0 ../SD_bsp/\libhal_bsp.a(alt_alarm_start.o)
 .bss           0x0028cb60        0x0 ../SD_bsp/\libhal_bsp.a(alt_dcache_flush_all.o)
 .bss           0x0028cb60        0x0 ../SD_bsp/\libhal_bsp.a(alt_dev_llist_insert.o)
 .bss           0x0028cb60        0x0 ../SD_bsp/\libhal_bsp.a(alt_do_ctors.o)
 .bss           0x0028cb60        0x0 ../SD_bsp/\libhal_bsp.a(alt_do_dtors.o)
 .bss           0x0028cb60        0x0 ../SD_bsp/\libhal_bsp.a(alt_icache_flush_all.o)
 .bss           0x0028cb60        0x0 ../SD_bsp/\libhal_bsp.a(alt_io_redirect.o)
 .bss           0x0028cb60        0x0 ../SD_bsp/\libhal_bsp.a(alt_irq_entry.o)
 .bss           0x0028cb60        0x0 ../SD_bsp/\libhal_bsp.a(alt_irq_handler.o)
 .bss           0x0028cb60        0x0 ../SD_bsp/\libhal_bsp.a(alt_open.o)
 .bss           0x0028cb60        0x0 ../SD_bsp/\libhal_bsp.a(alt_tick.o)
 .bss           0x0028cb60        0x0 ../SD_bsp/\libhal_bsp.a(altera_nios2_qsys_irq.o)
 .bss           0x0028cb60        0x0 ../SD_bsp/\libhal_bsp.a(alt_exception_entry.o)
 .bss           0x0028cb60        0x0 ../SD_bsp/\libhal_bsp.a(alt_find_file.o)
 .bss           0x0028cb60        0x0 ../SD_bsp/\libhal_bsp.a(alt_get_fd.o)
 .bss           0x0028cb60        0x0 ../SD_bsp/\libhal_bsp.a(alt_icache_flush.o)
 .bss           0x0028cb60        0x0 c:/altera/13.0sp1/nios2eds/bin/gnu/h-i686-mingw32/bin/../lib/gcc/nios2-elf/4.1.2/../../../../nios2-elf/lib\libc.a(lib_a-atexit.o)
 .bss           0x0028cb60        0x0 c:/altera/13.0sp1/nios2eds/bin/gnu/h-i686-mingw32/bin/../lib/gcc/nios2-elf/4.1.2/../../../../nios2-elf/lib\libc.a(lib_a-exit.o)
 .bss           0x0028cb60        0x0 c:/altera/13.0sp1/nios2eds/bin/gnu/h-i686-mingw32/bin/../lib/gcc/nios2-elf/4.1.2/../../../../nios2-elf/lib\libc.a(lib_a-memcmp.o)
 .bss           0x0028cb60        0x0 c:/altera/13.0sp1/nios2eds/bin/gnu/h-i686-mingw32/bin/../lib/gcc/nios2-elf/4.1.2/../../../../nios2-elf/lib\libc.a(lib_a-strcmp.o)
 .bss           0x0028cb60        0x0 c:/altera/13.0sp1/nios2eds/bin/gnu/h-i686-mingw32/bin/../lib/gcc/nios2-elf/4.1.2/../../../../nios2-elf/lib\libc.a(lib_a-__atexit.o)
 .bss           0x0028cb60        0x0 c:/altera/13.0sp1/nios2eds/bin/gnu/h-i686-mingw32/bin/../lib/gcc/nios2-elf/4.1.2/../../../../nios2-elf/lib\libc.a(lib_a-__call_atexit.o)
 .bss           0x0028cb60        0x0 ../SD_bsp/\libhal_bsp.a(alt_exit.o)
 *(COMMON)
 COMMON         0x0028cb60      0x100 ../SD_bsp/\libhal_bsp.a(alt_irq_handler.o)
                0x0028cb60                alt_irq
 COMMON         0x0028cc60      0x190 c:/altera/13.0sp1/nios2eds/bin/gnu/h-i686-mingw32/bin/../lib/gcc/nios2-elf/4.1.2/../../../../nios2-elf/lib\libc.a(lib_a-atexit.o)
                0x0028cc60                _atexit0
                0x0028cdf0                . = ALIGN (0x4)
                0x0028cdf0                __bss_end = ABSOLUTE (.)

.onchip_mem     0x0028cdf0        0x0
                0x0028cdf0                PROVIDE (_alt_partition_onchip_mem_start, ABSOLUTE (.))
 *(.onchip_mem. onchip_mem.*)
                0x0028cdf0                . = ALIGN (0x4)
                0x0028cdf0                PROVIDE (_alt_partition_onchip_mem_end, ABSOLUTE (.))
                0x0028cdf0                _end = ABSOLUTE (.)
                0x0028cdf0                end = ABSOLUTE (.)
                0x0028cdf0                __alt_stack_base = ABSOLUTE (.)
                0x0028cdf0                PROVIDE (_alt_partition_onchip_mem_load_addr, LOADADDR (.onchip_mem))

.stab
 *(.stab)

.stabstr
 *(.stabstr)

.stab.excl
 *(.stab.excl)

.stab.exclstr
 *(.stab.exclstr)

.stab.index
 *(.stab.index)

.stab.indexstr
 *(.stab.indexstr)

.comment        0x00000000       0x26
 *(.comment)
 .comment       0x00000000       0x26 obj/default/lollllllll.o
                                 0x27 (size before relaxing)
 .comment       0x00000000       0x27 c:/altera/13.0sp1/nios2eds/bin/gnu/h-i686-mingw32/bin/../lib/gcc/nios2-elf/4.1.2/../../../../nios2-elf/lib\libc.a(lib_a-malloc.o)
 .comment       0x00000000       0x27 c:/altera/13.0sp1/nios2eds/bin/gnu/h-i686-mingw32/bin/../lib/gcc/nios2-elf/4.1.2/../../../../nios2-elf/lib\libc.a(lib_a-mallocr.o)
 .comment       0x00000000       0x27 c:/altera/13.0sp1/nios2eds/bin/gnu/h-i686-mingw32/bin/../lib/gcc/nios2-elf/4.1.2/../../../../nios2-elf/lib\libc.a(lib_a-putchar.o)
 .comment       0x00000000       0x27 c:/altera/13.0sp1/nios2eds/bin/gnu/h-i686-mingw32/bin/../lib/gcc/nios2-elf/4.1.2/../../../../nios2-elf/lib\libc.a(lib_a-puts.o)
 .comment       0x00000000       0x27 c:/altera/13.0sp1/nios2eds/bin/gnu/h-i686-mingw32/bin/../lib/gcc/nios2-elf/4.1.2/../../../../nios2-elf/lib\libc.a(lib_a-sbrkr.o)
 .comment       0x00000000       0x27 c:/altera/13.0sp1/nios2eds/bin/gnu/h-i686-mingw32/bin/../lib/gcc/nios2-elf/4.1.2/../../../../nios2-elf/lib\libc.a(lib_a-strcpy.o)
 .comment       0x00000000       0x27 c:/altera/13.0sp1/nios2eds/bin/gnu/h-i686-mingw32/bin/../lib/gcc/nios2-elf/4.1.2/../../../../nios2-elf/lib\libc.a(lib_a-strlen.o)
 .comment       0x00000000       0x27 c:/altera/13.0sp1/nios2eds/bin/gnu/h-i686-mingw32/bin/../lib/gcc/nios2-elf/4.1.2/../../../../nios2-elf/lib\libc.a(lib_a-freer.o)
 .comment       0x00000000       0x27 c:/altera/13.0sp1/nios2eds/bin/gnu/h-i686-mingw32/bin/../lib/gcc/nios2-elf/4.1.2/../../../../nios2-elf/lib\libc.a(lib_a-fvwrite.o)
 .comment       0x00000000       0x27 c:/altera/13.0sp1/nios2eds/bin/gnu/h-i686-mingw32/bin/../lib/gcc/nios2-elf/4.1.2/../../../../nios2-elf/lib\libc.a(lib_a-impure.o)
 .comment       0x00000000       0x27 c:/altera/13.0sp1/nios2eds/bin/gnu/h-i686-mingw32/bin/../lib/gcc/nios2-elf/4.1.2/../../../../nios2-elf/lib\libc.a(lib_a-int_errno.o)
 .comment       0x00000000       0x27 c:/altera/13.0sp1/nios2eds/bin/gnu/h-i686-mingw32/bin/../lib/gcc/nios2-elf/4.1.2/../../../../nios2-elf/lib\libc.a(lib_a-memchr.o)
 .comment       0x00000000       0x27 c:/altera/13.0sp1/nios2eds/bin/gnu/h-i686-mingw32/bin/../lib/gcc/nios2-elf/4.1.2/../../../../nios2-elf/lib\libc.a(lib_a-memcpy.o)
 .comment       0x00000000       0x27 c:/altera/13.0sp1/nios2eds/bin/gnu/h-i686-mingw32/bin/../lib/gcc/nios2-elf/4.1.2/../../../../nios2-elf/lib\libc.a(lib_a-memmove.o)
 .comment       0x00000000       0x27 c:/altera/13.0sp1/nios2eds/bin/gnu/h-i686-mingw32/bin/../lib/gcc/nios2-elf/4.1.2/../../../../nios2-elf/lib\libc.a(lib_a-putc.o)
 .comment       0x00000000       0x27 c:/altera/13.0sp1/nios2eds/bin/gnu/h-i686-mingw32/bin/../lib/gcc/nios2-elf/4.1.2/../../../../nios2-elf/lib\libc.a(lib_a-reallocr.o)
 .comment       0x00000000       0x27 c:/altera/13.0sp1/nios2eds/bin/gnu/h-i686-mingw32/bin/../lib/gcc/nios2-elf/4.1.2/../../../../nios2-elf/lib\libc.a(lib_a-wbuf.o)
 .comment       0x00000000       0x27 c:/altera/13.0sp1/nios2eds/bin/gnu/h-i686-mingw32/bin/../lib/gcc/nios2-elf/4.1.2/../../../../nios2-elf/lib\libc.a(lib_a-wsetup.o)
 .comment       0x00000000       0x27 c:/altera/13.0sp1/nios2eds/bin/gnu/h-i686-mingw32/bin/../lib/gcc/nios2-elf/4.1.2/../../../../nios2-elf/lib\libc.a(lib_a-fflush.o)
 .comment       0x00000000       0x27 c:/altera/13.0sp1/nios2eds/bin/gnu/h-i686-mingw32/bin/../lib/gcc/nios2-elf/4.1.2/../../../../nios2-elf/lib\libc.a(lib_a-findfp.o)
 .comment       0x00000000       0x27 c:/altera/13.0sp1/nios2eds/bin/gnu/h-i686-mingw32/bin/../lib/gcc/nios2-elf/4.1.2/../../../../nios2-elf/lib\libc.a(lib_a-fwalk.o)
 .comment       0x00000000       0x27 c:/altera/13.0sp1/nios2eds/bin/gnu/h-i686-mingw32/bin/../lib/gcc/nios2-elf/4.1.2/../../../../nios2-elf/lib\libc.a(lib_a-makebuf.o)
 .comment       0x00000000       0x27 c:/altera/13.0sp1/nios2eds/bin/gnu/h-i686-mingw32/bin/../lib/gcc/nios2-elf/4.1.2/../../../../nios2-elf/lib\libc.a(lib_a-memset.o)
 .comment       0x00000000       0x27 c:/altera/13.0sp1/nios2eds/bin/gnu/h-i686-mingw32/bin/../lib/gcc/nios2-elf/4.1.2/../../../../nios2-elf/lib\libc.a(lib_a-stdio.o)
 .comment       0x00000000       0x27 c:/altera/13.0sp1/nios2eds/bin/gnu/h-i686-mingw32/bin/../lib/gcc/nios2-elf/4.1.2/../../../../nios2-elf/lib\libc.a(lib_a-writer.o)
 .comment       0x00000000       0x27 c:/altera/13.0sp1/nios2eds/bin/gnu/h-i686-mingw32/bin/../lib/gcc/nios2-elf/4.1.2/../../../../nios2-elf/lib\libc.a(lib_a-closer.o)
 .comment       0x00000000       0x27 c:/altera/13.0sp1/nios2eds/bin/gnu/h-i686-mingw32/bin/../lib/gcc/nios2-elf/4.1.2/../../../../nios2-elf/lib\libc.a(lib_a-fclose.o)
 .comment       0x00000000       0x27 c:/altera/13.0sp1/nios2eds/bin/gnu/h-i686-mingw32/bin/../lib/gcc/nios2-elf/4.1.2/../../../../nios2-elf/lib\libc.a(lib_a-fstatr.o)
 .comment       0x00000000       0x27 c:/altera/13.0sp1/nios2eds/bin/gnu/h-i686-mingw32/bin/../lib/gcc/nios2-elf/4.1.2/../../../../nios2-elf/lib\libc.a(lib_a-isattyr.o)
 .comment       0x00000000       0x27 c:/altera/13.0sp1/nios2eds/bin/gnu/h-i686-mingw32/bin/../lib/gcc/nios2-elf/4.1.2/../../../../nios2-elf/lib\libc.a(lib_a-lseekr.o)
 .comment       0x00000000       0x27 c:/altera/13.0sp1/nios2eds/bin/gnu/h-i686-mingw32/bin/../lib/gcc/nios2-elf/4.1.2/../../../../nios2-elf/lib\libc.a(lib_a-readr.o)
 .comment       0x00000000       0x27 ../SD_bsp/\libhal_bsp.a(alt_close.o)
 .comment       0x00000000       0x27 ../SD_bsp/\libhal_bsp.a(alt_dev.o)
 .comment       0x00000000       0x27 ../SD_bsp/\libhal_bsp.a(alt_errno.o)
 .comment       0x00000000       0x27 ../SD_bsp/\libhal_bsp.a(alt_find_dev.o)
 .comment       0x00000000       0x27 ../SD_bsp/\libhal_bsp.a(alt_fstat.o)
 .comment       0x00000000       0x27 ../SD_bsp/\libhal_bsp.a(alt_irq_register.o)
 .comment       0x00000000       0x27 ../SD_bsp/\libhal_bsp.a(alt_irq_vars.o)
 .comment       0x00000000       0x27 ../SD_bsp/\libhal_bsp.a(alt_isatty.o)
 .comment       0x00000000       0x27 ../SD_bsp/\libhal_bsp.a(alt_load.o)
 .comment       0x00000000       0x27 ../SD_bsp/\libhal_bsp.a(alt_lseek.o)
 .comment       0x00000000       0x27 ../SD_bsp/\libhal_bsp.a(alt_main.o)
 .comment       0x00000000       0x27 ../SD_bsp/\libhal_bsp.a(alt_malloc_lock.o)
 .comment       0x00000000       0x27 ../SD_bsp/\libhal_bsp.a(alt_printf.o)
 .comment       0x00000000       0x27 ../SD_bsp/\libhal_bsp.a(alt_putchar.o)
 .comment       0x00000000       0x27 ../SD_bsp/\libhal_bsp.a(alt_read.o)
 .comment       0x00000000       0x27 ../SD_bsp/\libhal_bsp.a(alt_release_fd.o)
 .comment       0x00000000       0x27 ../SD_bsp/\libhal_bsp.a(alt_sbrk.o)
 .comment       0x00000000       0x27 ../SD_bsp/\libhal_bsp.a(alt_write.o)
 .comment       0x00000000       0x27 ../SD_bsp/\libhal_bsp.a(alt_sys_init.o)
 .comment       0x00000000       0x27 ../SD_bsp/\libhal_bsp.a(altera_avalon_jtag_uart_fd.o)
 .comment       0x00000000       0x27 ../SD_bsp/\libhal_bsp.a(altera_avalon_jtag_uart_init.o)
 .comment       0x00000000       0x27 ../SD_bsp/\libhal_bsp.a(altera_avalon_jtag_uart_ioctl.o)
 .comment       0x00000000       0x27 ../SD_bsp/\libhal_bsp.a(altera_avalon_jtag_uart_read.o)
 .comment       0x00000000       0x27 ../SD_bsp/\libhal_bsp.a(altera_avalon_jtag_uart_write.o)
 .comment       0x00000000       0x27 ../SD_bsp/\libhal_bsp.a(altera_up_avalon_video_character_buffer_with_dma.o)
 .comment       0x00000000       0x27 ../SD_bsp/\libhal_bsp.a(altera_up_avalon_video_pixel_buffer_dma.o)
 .comment       0x00000000       0x27 ../SD_bsp/\libhal_bsp.a(alt_alarm_start.o)
 .comment       0x00000000       0x27 ../SD_bsp/\libhal_bsp.a(alt_dcache_flush_all.o)
 .comment       0x00000000       0x27 ../SD_bsp/\libhal_bsp.a(alt_dev_llist_insert.o)
 .comment       0x00000000       0x27 ../SD_bsp/\libhal_bsp.a(alt_do_ctors.o)
 .comment       0x00000000       0x27 ../SD_bsp/\libhal_bsp.a(alt_do_dtors.o)
 .comment       0x00000000       0x27 ../SD_bsp/\libhal_bsp.a(alt_icache_flush_all.o)
 .comment       0x00000000       0x27 ../SD_bsp/\libhal_bsp.a(alt_io_redirect.o)
 .comment       0x00000000       0x27 ../SD_bsp/\libhal_bsp.a(alt_irq_handler.o)
 .comment       0x00000000       0x27 ../SD_bsp/\libhal_bsp.a(alt_open.o)
 .comment       0x00000000       0x27 ../SD_bsp/\libhal_bsp.a(alt_tick.o)
 .comment       0x00000000       0x27 ../SD_bsp/\libhal_bsp.a(altera_nios2_qsys_irq.o)
 .comment       0x00000000       0x27 ../SD_bsp/\libhal_bsp.a(alt_find_file.o)
 .comment       0x00000000       0x27 ../SD_bsp/\libhal_bsp.a(alt_get_fd.o)
 .comment       0x00000000       0x27 ../SD_bsp/\libhal_bsp.a(alt_icache_flush.o)
 .comment       0x00000000       0x27 c:/altera/13.0sp1/nios2eds/bin/gnu/h-i686-mingw32/bin/../lib/gcc/nios2-elf/4.1.2/../../../../nios2-elf/lib\libc.a(lib_a-atexit.o)
 .comment       0x00000000       0x27 c:/altera/13.0sp1/nios2eds/bin/gnu/h-i686-mingw32/bin/../lib/gcc/nios2-elf/4.1.2/../../../../nios2-elf/lib\libc.a(lib_a-exit.o)
 .comment       0x00000000       0x27 c:/altera/13.0sp1/nios2eds/bin/gnu/h-i686-mingw32/bin/../lib/gcc/nios2-elf/4.1.2/../../../../nios2-elf/lib\libc.a(lib_a-memcmp.o)
 .comment       0x00000000       0x27 c:/altera/13.0sp1/nios2eds/bin/gnu/h-i686-mingw32/bin/../lib/gcc/nios2-elf/4.1.2/../../../../nios2-elf/lib\libc.a(lib_a-strcmp.o)
 .comment       0x00000000       0x27 c:/altera/13.0sp1/nios2eds/bin/gnu/h-i686-mingw32/bin/../lib/gcc/nios2-elf/4.1.2/../../../../nios2-elf/lib\libc.a(lib_a-__atexit.o)
 .comment       0x00000000       0x27 c:/altera/13.0sp1/nios2eds/bin/gnu/h-i686-mingw32/bin/../lib/gcc/nios2-elf/4.1.2/../../../../nios2-elf/lib\libc.a(lib_a-__call_atexit.o)
 .comment       0x00000000       0x27 ../SD_bsp/\libhal_bsp.a(alt_exit.o)

.debug
 *(.debug)

.line
 *(.line)

.debug_srcinfo
 *(.debug_srcinfo)

.debug_sfnames
 *(.debug_sfnames)

.debug_aranges  0x00000000      0x9f8
 *(.debug_aranges)
 .debug_aranges
                0x00000000       0x28 ../SD_bsp//obj/HAL/src/crt0.o
 .debug_aranges
                0x00000028       0x20 obj/default/lollllllll.o
 .debug_aranges
                0x00000048       0x20 c:/altera/13.0sp1/nios2eds/bin/gnu/h-i686-mingw32/bin/../lib/gcc/nios2-elf/4.1.2/../../../../nios2-elf/lib\libc.a(lib_a-malloc.o)
 .debug_aranges
                0x00000068       0x20 c:/altera/13.0sp1/nios2eds/bin/gnu/h-i686-mingw32/bin/../lib/gcc/nios2-elf/4.1.2/../../../../nios2-elf/lib\libc.a(lib_a-mallocr.o)
 .debug_aranges
                0x00000088       0x20 c:/altera/13.0sp1/nios2eds/bin/gnu/h-i686-mingw32/bin/../lib/gcc/nios2-elf/4.1.2/../../../../nios2-elf/lib\libc.a(lib_a-putchar.o)
 .debug_aranges
                0x000000a8       0x20 c:/altera/13.0sp1/nios2eds/bin/gnu/h-i686-mingw32/bin/../lib/gcc/nios2-elf/4.1.2/../../../../nios2-elf/lib\libc.a(lib_a-puts.o)
 .debug_aranges
                0x000000c8       0x20 c:/altera/13.0sp1/nios2eds/bin/gnu/h-i686-mingw32/bin/../lib/gcc/nios2-elf/4.1.2/../../../../nios2-elf/lib\libc.a(lib_a-sbrkr.o)
 .debug_aranges
                0x000000e8       0x20 c:/altera/13.0sp1/nios2eds/bin/gnu/h-i686-mingw32/bin/../lib/gcc/nios2-elf/4.1.2/../../../../nios2-elf/lib\libc.a(lib_a-strcpy.o)
 .debug_aranges
                0x00000108       0x20 c:/altera/13.0sp1/nios2eds/bin/gnu/h-i686-mingw32/bin/../lib/gcc/nios2-elf/4.1.2/../../../../nios2-elf/lib\libc.a(lib_a-strlen.o)
 .debug_aranges
                0x00000128       0x20 c:/altera/13.0sp1/nios2eds/bin/gnu/h-i686-mingw32/bin/../lib/gcc/nios2-elf/4.1.2/../../../../nios2-elf/lib\libc.a(lib_a-freer.o)
 .debug_aranges
                0x00000148       0x20 c:/altera/13.0sp1/nios2eds/bin/gnu/h-i686-mingw32/bin/../lib/gcc/nios2-elf/4.1.2/../../../../nios2-elf/lib\libc.a(lib_a-fvwrite.o)
 .debug_aranges
                0x00000168       0x20 c:/altera/13.0sp1/nios2eds/bin/gnu/h-i686-mingw32/bin/../lib/gcc/nios2-elf/4.1.2/../../../../nios2-elf/lib\libc.a(lib_a-memchr.o)
 .debug_aranges
                0x00000188       0x20 c:/altera/13.0sp1/nios2eds/bin/gnu/h-i686-mingw32/bin/../lib/gcc/nios2-elf/4.1.2/../../../../nios2-elf/lib\libc.a(lib_a-memcpy.o)
 .debug_aranges
                0x000001a8       0x20 c:/altera/13.0sp1/nios2eds/bin/gnu/h-i686-mingw32/bin/../lib/gcc/nios2-elf/4.1.2/../../../../nios2-elf/lib\libc.a(lib_a-memmove.o)
 .debug_aranges
                0x000001c8       0x20 c:/altera/13.0sp1/nios2eds/bin/gnu/h-i686-mingw32/bin/../lib/gcc/nios2-elf/4.1.2/../../../../nios2-elf/lib\libc.a(lib_a-putc.o)
 .debug_aranges
                0x000001e8       0x20 c:/altera/13.0sp1/nios2eds/bin/gnu/h-i686-mingw32/bin/../lib/gcc/nios2-elf/4.1.2/../../../../nios2-elf/lib\libc.a(lib_a-reallocr.o)
 .debug_aranges
                0x00000208       0x20 c:/altera/13.0sp1/nios2eds/bin/gnu/h-i686-mingw32/bin/../lib/gcc/nios2-elf/4.1.2/../../../../nios2-elf/lib\libc.a(lib_a-wbuf.o)
 .debug_aranges
                0x00000228       0x20 c:/altera/13.0sp1/nios2eds/bin/gnu/h-i686-mingw32/bin/../lib/gcc/nios2-elf/4.1.2/../../../../nios2-elf/lib\libc.a(lib_a-wsetup.o)
 .debug_aranges
                0x00000248       0x20 c:/altera/13.0sp1/nios2eds/bin/gnu/h-i686-mingw32/bin/../lib/gcc/nios2-elf/4.1.2/../../../../nios2-elf/lib\libc.a(lib_a-fflush.o)
 .debug_aranges
                0x00000268       0x20 c:/altera/13.0sp1/nios2eds/bin/gnu/h-i686-mingw32/bin/../lib/gcc/nios2-elf/4.1.2/../../../../nios2-elf/lib\libc.a(lib_a-findfp.o)
 .debug_aranges
                0x00000288       0x20 c:/altera/13.0sp1/nios2eds/bin/gnu/h-i686-mingw32/bin/../lib/gcc/nios2-elf/4.1.2/../../../../nios2-elf/lib\libc.a(lib_a-fwalk.o)
 .debug_aranges
                0x000002a8       0x20 c:/altera/13.0sp1/nios2eds/bin/gnu/h-i686-mingw32/bin/../lib/gcc/nios2-elf/4.1.2/../../../../nios2-elf/lib\libc.a(lib_a-makebuf.o)
 .debug_aranges
                0x000002c8       0x20 c:/altera/13.0sp1/nios2eds/bin/gnu/h-i686-mingw32/bin/../lib/gcc/nios2-elf/4.1.2/../../../../nios2-elf/lib\libc.a(lib_a-memset.o)
 .debug_aranges
                0x000002e8       0x20 c:/altera/13.0sp1/nios2eds/bin/gnu/h-i686-mingw32/bin/../lib/gcc/nios2-elf/4.1.2/../../../../nios2-elf/lib\libc.a(lib_a-stdio.o)
 .debug_aranges
                0x00000308       0x20 c:/altera/13.0sp1/nios2eds/bin/gnu/h-i686-mingw32/bin/../lib/gcc/nios2-elf/4.1.2/../../../../nios2-elf/lib\libc.a(lib_a-writer.o)
 .debug_aranges
                0x00000328       0x20 c:/altera/13.0sp1/nios2eds/bin/gnu/h-i686-mingw32/bin/../lib/gcc/nios2-elf/4.1.2/../../../../nios2-elf/lib\libc.a(lib_a-closer.o)
 .debug_aranges
                0x00000348       0x20 c:/altera/13.0sp1/nios2eds/bin/gnu/h-i686-mingw32/bin/../lib/gcc/nios2-elf/4.1.2/../../../../nios2-elf/lib\libc.a(lib_a-fclose.o)
 .debug_aranges
                0x00000368       0x20 c:/altera/13.0sp1/nios2eds/bin/gnu/h-i686-mingw32/bin/../lib/gcc/nios2-elf/4.1.2/../../../../nios2-elf/lib\libc.a(lib_a-fstatr.o)
 .debug_aranges
                0x00000388       0x20 c:/altera/13.0sp1/nios2eds/bin/gnu/h-i686-mingw32/bin/../lib/gcc/nios2-elf/4.1.2/../../../../nios2-elf/lib\libc.a(lib_a-isattyr.o)
 .debug_aranges
                0x000003a8       0x20 c:/altera/13.0sp1/nios2eds/bin/gnu/h-i686-mingw32/bin/../lib/gcc/nios2-elf/4.1.2/../../../../nios2-elf/lib\libc.a(lib_a-lseekr.o)
 .debug_aranges
                0x000003c8       0x20 c:/altera/13.0sp1/nios2eds/bin/gnu/h-i686-mingw32/bin/../lib/gcc/nios2-elf/4.1.2/../../../../nios2-elf/lib\libc.a(lib_a-readr.o)
 .debug_aranges
                0x000003e8       0x20 ../SD_bsp/\libhal_bsp.a(alt_close.o)
 .debug_aranges
                0x00000408       0x20 ../SD_bsp/\libhal_bsp.a(alt_dev.o)
 .debug_aranges
                0x00000428       0x20 ../SD_bsp/\libhal_bsp.a(alt_find_dev.o)
 .debug_aranges
                0x00000448       0x20 ../SD_bsp/\libhal_bsp.a(alt_fstat.o)
 .debug_aranges
                0x00000468       0x20 ../SD_bsp/\libhal_bsp.a(alt_irq_register.o)
 .debug_aranges
                0x00000488       0x20 ../SD_bsp/\libhal_bsp.a(alt_isatty.o)
 .debug_aranges
                0x000004a8       0x20 ../SD_bsp/\libhal_bsp.a(alt_load.o)
 .debug_aranges
                0x000004c8       0x20 ../SD_bsp/\libhal_bsp.a(alt_lseek.o)
 .debug_aranges
                0x000004e8       0x20 ../SD_bsp/\libhal_bsp.a(alt_main.o)
 .debug_aranges
                0x00000508       0x20 ../SD_bsp/\libhal_bsp.a(alt_malloc_lock.o)
 .debug_aranges
                0x00000528       0x20 ../SD_bsp/\libhal_bsp.a(alt_printf.o)
 .debug_aranges
                0x00000548       0x20 ../SD_bsp/\libhal_bsp.a(alt_putchar.o)
 .debug_aranges
                0x00000568       0x20 ../SD_bsp/\libhal_bsp.a(alt_read.o)
 .debug_aranges
                0x00000588       0x20 ../SD_bsp/\libhal_bsp.a(alt_release_fd.o)
 .debug_aranges
                0x000005a8       0x20 ../SD_bsp/\libhal_bsp.a(alt_sbrk.o)
 .debug_aranges
                0x000005c8       0x20 ../SD_bsp/\libhal_bsp.a(alt_write.o)
 .debug_aranges
                0x000005e8       0x20 ../SD_bsp/\libhal_bsp.a(alt_sys_init.o)
 .debug_aranges
                0x00000608       0x20 ../SD_bsp/\libhal_bsp.a(altera_avalon_jtag_uart_fd.o)
 .debug_aranges
                0x00000628       0x20 ../SD_bsp/\libhal_bsp.a(altera_avalon_jtag_uart_init.o)
 .debug_aranges
                0x00000648       0x20 ../SD_bsp/\libhal_bsp.a(altera_avalon_jtag_uart_ioctl.o)
 .debug_aranges
                0x00000668       0x20 ../SD_bsp/\libhal_bsp.a(altera_avalon_jtag_uart_read.o)
 .debug_aranges
                0x00000688       0x20 ../SD_bsp/\libhal_bsp.a(altera_avalon_jtag_uart_write.o)
 .debug_aranges
                0x000006a8       0x20 ../SD_bsp/\libhal_bsp.a(altera_up_avalon_video_character_buffer_with_dma.o)
 .debug_aranges
                0x000006c8       0x20 ../SD_bsp/\libhal_bsp.a(altera_up_avalon_video_pixel_buffer_dma.o)
 .debug_aranges
                0x000006e8       0x20 ../SD_bsp/\libhal_bsp.a(alt_alarm_start.o)
 .debug_aranges
                0x00000708       0x20 ../SD_bsp/\libhal_bsp.a(alt_dcache_flush_all.o)
 .debug_aranges
                0x00000728       0x20 ../SD_bsp/\libhal_bsp.a(alt_dev_llist_insert.o)
 .debug_aranges
                0x00000748       0x20 ../SD_bsp/\libhal_bsp.a(alt_do_ctors.o)
 .debug_aranges
                0x00000768       0x20 ../SD_bsp/\libhal_bsp.a(alt_do_dtors.o)
 .debug_aranges
                0x00000788       0x20 ../SD_bsp/\libhal_bsp.a(alt_icache_flush_all.o)
 .debug_aranges
                0x000007a8       0x20 ../SD_bsp/\libhal_bsp.a(alt_io_redirect.o)
 .debug_aranges
                0x000007c8       0x30 ../SD_bsp/\libhal_bsp.a(alt_irq_entry.o)
 .debug_aranges
                0x000007f8       0x28 ../SD_bsp/\libhal_bsp.a(alt_irq_handler.o)
 .debug_aranges
                0x00000820       0x20 ../SD_bsp/\libhal_bsp.a(alt_open.o)
 .debug_aranges
                0x00000840       0x20 ../SD_bsp/\libhal_bsp.a(alt_tick.o)
 .debug_aranges
                0x00000860       0x20 ../SD_bsp/\libhal_bsp.a(altera_nios2_qsys_irq.o)
 .debug_aranges
                0x00000880       0x38 ../SD_bsp/\libhal_bsp.a(alt_exception_entry.o)
 .debug_aranges
                0x000008b8       0x20 ../SD_bsp/\libhal_bsp.a(alt_find_file.o)
 .debug_aranges
                0x000008d8       0x20 ../SD_bsp/\libhal_bsp.a(alt_get_fd.o)
 .debug_aranges
                0x000008f8       0x20 ../SD_bsp/\libhal_bsp.a(alt_icache_flush.o)
 .debug_aranges
                0x00000918       0x20 c:/altera/13.0sp1/nios2eds/bin/gnu/h-i686-mingw32/bin/../lib/gcc/nios2-elf/4.1.2/../../../../nios2-elf/lib\libc.a(lib_a-atexit.o)
 .debug_aranges
                0x00000938       0x20 c:/altera/13.0sp1/nios2eds/bin/gnu/h-i686-mingw32/bin/../lib/gcc/nios2-elf/4.1.2/../../../../nios2-elf/lib\libc.a(lib_a-exit.o)
 .debug_aranges
                0x00000958       0x20 c:/altera/13.0sp1/nios2eds/bin/gnu/h-i686-mingw32/bin/../lib/gcc/nios2-elf/4.1.2/../../../../nios2-elf/lib\libc.a(lib_a-memcmp.o)
 .debug_aranges
                0x00000978       0x20 c:/altera/13.0sp1/nios2eds/bin/gnu/h-i686-mingw32/bin/../lib/gcc/nios2-elf/4.1.2/../../../../nios2-elf/lib\libc.a(lib_a-strcmp.o)
 .debug_aranges
                0x00000998       0x20 c:/altera/13.0sp1/nios2eds/bin/gnu/h-i686-mingw32/bin/../lib/gcc/nios2-elf/4.1.2/../../../../nios2-elf/lib\libc.a(lib_a-__atexit.o)
 .debug_aranges
                0x000009b8       0x20 c:/altera/13.0sp1/nios2eds/bin/gnu/h-i686-mingw32/bin/../lib/gcc/nios2-elf/4.1.2/../../../../nios2-elf/lib\libc.a(lib_a-__call_atexit.o)
 .debug_aranges
                0x000009d8       0x20 ../SD_bsp/\libhal_bsp.a(alt_exit.o)

.debug_pubnames
                0x00000000     0x13ee
 *(.debug_pubnames)
 .debug_pubnames
                0x00000000      0x3a0 obj/default/lollllllll.o
 .debug_pubnames
                0x000003a0       0x26 c:/altera/13.0sp1/nios2eds/bin/gnu/h-i686-mingw32/bin/../lib/gcc/nios2-elf/4.1.2/../../../../nios2-elf/lib\libc.a(lib_a-malloc.o)
 .debug_pubnames
                0x000003c6       0xce c:/altera/13.0sp1/nios2eds/bin/gnu/h-i686-mingw32/bin/../lib/gcc/nios2-elf/4.1.2/../../../../nios2-elf/lib\libc.a(lib_a-mallocr.o)
 .debug_pubnames
                0x00000494       0x2d c:/altera/13.0sp1/nios2eds/bin/gnu/h-i686-mingw32/bin/../lib/gcc/nios2-elf/4.1.2/../../../../nios2-elf/lib\libc.a(lib_a-putchar.o)
 .debug_pubnames
                0x000004c1       0x27 c:/altera/13.0sp1/nios2eds/bin/gnu/h-i686-mingw32/bin/../lib/gcc/nios2-elf/4.1.2/../../../../nios2-elf/lib\libc.a(lib_a-puts.o)
 .debug_pubnames
                0x000004e8       0x1e c:/altera/13.0sp1/nios2eds/bin/gnu/h-i686-mingw32/bin/../lib/gcc/nios2-elf/4.1.2/../../../../nios2-elf/lib\libc.a(lib_a-sbrkr.o)
 .debug_pubnames
                0x00000506       0x1d c:/altera/13.0sp1/nios2eds/bin/gnu/h-i686-mingw32/bin/../lib/gcc/nios2-elf/4.1.2/../../../../nios2-elf/lib\libc.a(lib_a-strcpy.o)
 .debug_pubnames
                0x00000523       0x1d c:/altera/13.0sp1/nios2eds/bin/gnu/h-i686-mingw32/bin/../lib/gcc/nios2-elf/4.1.2/../../../../nios2-elf/lib\libc.a(lib_a-strlen.o)
 .debug_pubnames
                0x00000540       0x31 c:/altera/13.0sp1/nios2eds/bin/gnu/h-i686-mingw32/bin/../lib/gcc/nios2-elf/4.1.2/../../../../nios2-elf/lib\libc.a(lib_a-freer.o)
 .debug_pubnames
                0x00000571       0x23 c:/altera/13.0sp1/nios2eds/bin/gnu/h-i686-mingw32/bin/../lib/gcc/nios2-elf/4.1.2/../../../../nios2-elf/lib\libc.a(lib_a-fvwrite.o)
 .debug_pubnames
                0x00000594       0x39 c:/altera/13.0sp1/nios2eds/bin/gnu/h-i686-mingw32/bin/../lib/gcc/nios2-elf/4.1.2/../../../../nios2-elf/lib\libc.a(lib_a-impure.o)
 .debug_pubnames
                0x000005cd       0x1c c:/altera/13.0sp1/nios2eds/bin/gnu/h-i686-mingw32/bin/../lib/gcc/nios2-elf/4.1.2/../../../../nios2-elf/lib\libc.a(lib_a-int_errno.o)
 .debug_pubnames
                0x000005e9       0x1d c:/altera/13.0sp1/nios2eds/bin/gnu/h-i686-mingw32/bin/../lib/gcc/nios2-elf/4.1.2/../../../../nios2-elf/lib\libc.a(lib_a-memchr.o)
 .debug_pubnames
                0x00000606       0x1d c:/altera/13.0sp1/nios2eds/bin/gnu/h-i686-mingw32/bin/../lib/gcc/nios2-elf/4.1.2/../../../../nios2-elf/lib\libc.a(lib_a-memcpy.o)
 .debug_pubnames
                0x00000623       0x1e c:/altera/13.0sp1/nios2eds/bin/gnu/h-i686-mingw32/bin/../lib/gcc/nios2-elf/4.1.2/../../../../nios2-elf/lib\libc.a(lib_a-memmove.o)
 .debug_pubnames
                0x00000641       0x27 c:/altera/13.0sp1/nios2eds/bin/gnu/h-i686-mingw32/bin/../lib/gcc/nios2-elf/4.1.2/../../../../nios2-elf/lib\libc.a(lib_a-putc.o)
 .debug_pubnames
                0x00000668       0x21 c:/altera/13.0sp1/nios2eds/bin/gnu/h-i686-mingw32/bin/../lib/gcc/nios2-elf/4.1.2/../../../../nios2-elf/lib\libc.a(lib_a-reallocr.o)
 .debug_pubnames
                0x00000689       0x2c c:/altera/13.0sp1/nios2eds/bin/gnu/h-i686-mingw32/bin/../lib/gcc/nios2-elf/4.1.2/../../../../nios2-elf/lib\libc.a(lib_a-wbuf.o)
 .debug_pubnames
                0x000006b5       0x22 c:/altera/13.0sp1/nios2eds/bin/gnu/h-i686-mingw32/bin/../lib/gcc/nios2-elf/4.1.2/../../../../nios2-elf/lib\libc.a(lib_a-wsetup.o)
 .debug_pubnames
                0x000006d7       0x2b c:/altera/13.0sp1/nios2eds/bin/gnu/h-i686-mingw32/bin/../lib/gcc/nios2-elf/4.1.2/../../../../nios2-elf/lib\libc.a(lib_a-fflush.o)
 .debug_pubnames
                0x00000702       0xdb c:/altera/13.0sp1/nios2eds/bin/gnu/h-i686-mingw32/bin/../lib/gcc/nios2-elf/4.1.2/../../../../nios2-elf/lib\libc.a(lib_a-findfp.o)
 .debug_pubnames
                0x000007dd       0x2e c:/altera/13.0sp1/nios2eds/bin/gnu/h-i686-mingw32/bin/../lib/gcc/nios2-elf/4.1.2/../../../../nios2-elf/lib\libc.a(lib_a-fwalk.o)
 .debug_pubnames
                0x0000080b       0x23 c:/altera/13.0sp1/nios2eds/bin/gnu/h-i686-mingw32/bin/../lib/gcc/nios2-elf/4.1.2/../../../../nios2-elf/lib\libc.a(lib_a-makebuf.o)
 .debug_pubnames
                0x0000082e       0x1d c:/altera/13.0sp1/nios2eds/bin/gnu/h-i686-mingw32/bin/../lib/gcc/nios2-elf/4.1.2/../../../../nios2-elf/lib\libc.a(lib_a-memset.o)
 .debug_pubnames
                0x0000084b       0x44 c:/altera/13.0sp1/nios2eds/bin/gnu/h-i686-mingw32/bin/../lib/gcc/nios2-elf/4.1.2/../../../../nios2-elf/lib\libc.a(lib_a-stdio.o)
 .debug_pubnames
                0x0000088f       0x1f c:/altera/13.0sp1/nios2eds/bin/gnu/h-i686-mingw32/bin/../lib/gcc/nios2-elf/4.1.2/../../../../nios2-elf/lib\libc.a(lib_a-writer.o)
 .debug_pubnames
                0x000008ae       0x1f c:/altera/13.0sp1/nios2eds/bin/gnu/h-i686-mingw32/bin/../lib/gcc/nios2-elf/4.1.2/../../../../nios2-elf/lib\libc.a(lib_a-closer.o)
 .debug_pubnames
                0x000008cd       0x2b c:/altera/13.0sp1/nios2eds/bin/gnu/h-i686-mingw32/bin/../lib/gcc/nios2-elf/4.1.2/../../../../nios2-elf/lib\libc.a(lib_a-fclose.o)
 .debug_pubnames
                0x000008f8       0x1f c:/altera/13.0sp1/nios2eds/bin/gnu/h-i686-mingw32/bin/../lib/gcc/nios2-elf/4.1.2/../../../../nios2-elf/lib\libc.a(lib_a-fstatr.o)
 .debug_pubnames
                0x00000917       0x20 c:/altera/13.0sp1/nios2eds/bin/gnu/h-i686-mingw32/bin/../lib/gcc/nios2-elf/4.1.2/../../../../nios2-elf/lib\libc.a(lib_a-isattyr.o)
 .debug_pubnames
                0x00000937       0x1f c:/altera/13.0sp1/nios2eds/bin/gnu/h-i686-mingw32/bin/../lib/gcc/nios2-elf/4.1.2/../../../../nios2-elf/lib\libc.a(lib_a-lseekr.o)
 .debug_pubnames
                0x00000956       0x1e c:/altera/13.0sp1/nios2eds/bin/gnu/h-i686-mingw32/bin/../lib/gcc/nios2-elf/4.1.2/../../../../nios2-elf/lib\libc.a(lib_a-readr.o)
 .debug_pubnames
                0x00000974       0x1c ../SD_bsp/\libhal_bsp.a(alt_close.o)
 .debug_pubnames
                0x00000990       0x63 ../SD_bsp/\libhal_bsp.a(alt_dev.o)
 .debug_pubnames
                0x000009f3       0x20 ../SD_bsp/\libhal_bsp.a(alt_errno.o)
 .debug_pubnames
                0x00000a13       0x23 ../SD_bsp/\libhal_bsp.a(alt_find_dev.o)
 .debug_pubnames
                0x00000a36       0x1c ../SD_bsp/\libhal_bsp.a(alt_fstat.o)
 .debug_pubnames
                0x00000a52       0x27 ../SD_bsp/\libhal_bsp.a(alt_irq_register.o)
 .debug_pubnames
                0x00000a79       0x3b ../SD_bsp/\libhal_bsp.a(alt_irq_vars.o)
 .debug_pubnames
                0x00000ab4       0x1d ../SD_bsp/\libhal_bsp.a(alt_isatty.o)
 .debug_pubnames
                0x00000ad1       0x1f ../SD_bsp/\libhal_bsp.a(alt_load.o)
 .debug_pubnames
                0x00000af0       0x1c ../SD_bsp/\libhal_bsp.a(alt_lseek.o)
 .debug_pubnames
                0x00000b0c       0x46 ../SD_bsp/\libhal_bsp.a(alt_main.o)
 .debug_pubnames
                0x00000b52       0x38 ../SD_bsp/\libhal_bsp.a(alt_malloc_lock.o)
 .debug_pubnames
                0x00000b8a       0x21 ../SD_bsp/\libhal_bsp.a(alt_printf.o)
 .debug_pubnames
                0x00000bab       0x22 ../SD_bsp/\libhal_bsp.a(alt_putchar.o)
 .debug_pubnames
                0x00000bcd       0x1b ../SD_bsp/\libhal_bsp.a(alt_read.o)
 .debug_pubnames
                0x00000be8       0x25 ../SD_bsp/\libhal_bsp.a(alt_release_fd.o)
 .debug_pubnames
                0x00000c0d       0x1b ../SD_bsp/\libhal_bsp.a(alt_sbrk.o)
 .debug_pubnames
                0x00000c28       0x1c ../SD_bsp/\libhal_bsp.a(alt_write.o)
 .debug_pubnames
                0x00000c44       0x34 ../SD_bsp/\libhal_bsp.a(alt_sys_init.o)
 .debug_pubnames
                0x00000c78       0xa5 ../SD_bsp/\libhal_bsp.a(altera_avalon_jtag_uart_fd.o)
 .debug_pubnames
                0x00000d1d       0x55 ../SD_bsp/\libhal_bsp.a(altera_avalon_jtag_uart_init.o)
 .debug_pubnames
                0x00000d72       0x34 ../SD_bsp/\libhal_bsp.a(altera_avalon_jtag_uart_ioctl.o)
 .debug_pubnames
                0x00000da6       0x33 ../SD_bsp/\libhal_bsp.a(altera_avalon_jtag_uart_read.o)
 .debug_pubnames
                0x00000dd9       0x34 ../SD_bsp/\libhal_bsp.a(altera_avalon_jtag_uart_write.o)
 .debug_pubnames
                0x00000e0d       0xa5 ../SD_bsp/\libhal_bsp.a(altera_up_avalon_video_character_buffer_with_dma.o)
 .debug_pubnames
                0x00000eb2      0x1f1 ../SD_bsp/\libhal_bsp.a(altera_up_avalon_video_pixel_buffer_dma.o)
 .debug_pubnames
                0x000010a3       0x26 ../SD_bsp/\libhal_bsp.a(alt_alarm_start.o)
 .debug_pubnames
                0x000010c9       0x2b ../SD_bsp/\libhal_bsp.a(alt_dcache_flush_all.o)
 .debug_pubnames
                0x000010f4       0x2b ../SD_bsp/\libhal_bsp.a(alt_dev_llist_insert.o)
 .debug_pubnames
                0x0000111f       0x20 ../SD_bsp/\libhal_bsp.a(alt_do_ctors.o)
 .debug_pubnames
                0x0000113f       0x20 ../SD_bsp/\libhal_bsp.a(alt_do_dtors.o)
 .debug_pubnames
                0x0000115f       0x2b ../SD_bsp/\libhal_bsp.a(alt_icache_flush_all.o)
 .debug_pubnames
                0x0000118a       0x26 ../SD_bsp/\libhal_bsp.a(alt_io_redirect.o)
 .debug_pubnames
                0x000011b0       0x32 ../SD_bsp/\libhal_bsp.a(alt_irq_handler.o)
 .debug_pubnames
                0x000011e2       0x1b ../SD_bsp/\libhal_bsp.a(alt_open.o)
 .debug_pubnames
                0x000011fd       0x68 ../SD_bsp/\libhal_bsp.a(alt_tick.o)
 .debug_pubnames
                0x00001265       0x31 ../SD_bsp/\libhal_bsp.a(altera_nios2_qsys_irq.o)
 .debug_pubnames
                0x00001296       0x24 ../SD_bsp/\libhal_bsp.a(alt_find_file.o)
 .debug_pubnames
                0x000012ba       0x21 ../SD_bsp/\libhal_bsp.a(alt_get_fd.o)
 .debug_pubnames
                0x000012db       0x27 ../SD_bsp/\libhal_bsp.a(alt_icache_flush.o)
 .debug_pubnames
                0x00001302       0x2a c:/altera/13.0sp1/nios2eds/bin/gnu/h-i686-mingw32/bin/../lib/gcc/nios2-elf/4.1.2/../../../../nios2-elf/lib\libc.a(lib_a-atexit.o)
 .debug_pubnames
                0x0000132c       0x1b c:/altera/13.0sp1/nios2eds/bin/gnu/h-i686-mingw32/bin/../lib/gcc/nios2-elf/4.1.2/../../../../nios2-elf/lib\libc.a(lib_a-exit.o)
 .debug_pubnames
                0x00001347       0x1d c:/altera/13.0sp1/nios2eds/bin/gnu/h-i686-mingw32/bin/../lib/gcc/nios2-elf/4.1.2/../../../../nios2-elf/lib\libc.a(lib_a-memcmp.o)
 .debug_pubnames
                0x00001364       0x1d c:/altera/13.0sp1/nios2eds/bin/gnu/h-i686-mingw32/bin/../lib/gcc/nios2-elf/4.1.2/../../../../nios2-elf/lib\libc.a(lib_a-strcmp.o)
 .debug_pubnames
                0x00001381       0x2a c:/altera/13.0sp1/nios2eds/bin/gnu/h-i686-mingw32/bin/../lib/gcc/nios2-elf/4.1.2/../../../../nios2-elf/lib\libc.a(lib_a-__atexit.o)
 .debug_pubnames
                0x000013ab       0x27 c:/altera/13.0sp1/nios2eds/bin/gnu/h-i686-mingw32/bin/../lib/gcc/nios2-elf/4.1.2/../../../../nios2-elf/lib\libc.a(lib_a-__call_atexit.o)
 .debug_pubnames
                0x000013d2       0x1c ../SD_bsp/\libhal_bsp.a(alt_exit.o)

.debug_info     0x00000000    0x1ef5b
 *(.debug_info .gnu.linkonce.wi.*)
 .debug_info    0x00000000       0x5a ../SD_bsp//obj/HAL/src/crt0.o
 .debug_info    0x0000005a     0x134b obj/default/lollllllll.o
 .debug_info    0x000013a5      0x96e c:/altera/13.0sp1/nios2eds/bin/gnu/h-i686-mingw32/bin/../lib/gcc/nios2-elf/4.1.2/../../../../nios2-elf/lib\libc.a(lib_a-malloc.o)
 .debug_info    0x00001d13      0xcd0 c:/altera/13.0sp1/nios2eds/bin/gnu/h-i686-mingw32/bin/../lib/gcc/nios2-elf/4.1.2/../../../../nios2-elf/lib\libc.a(lib_a-mallocr.o)
 .debug_info    0x000029e3      0x972 c:/altera/13.0sp1/nios2eds/bin/gnu/h-i686-mingw32/bin/../lib/gcc/nios2-elf/4.1.2/../../../../nios2-elf/lib\libc.a(lib_a-putchar.o)
 .debug_info    0x00003355      0xa25 c:/altera/13.0sp1/nios2eds/bin/gnu/h-i686-mingw32/bin/../lib/gcc/nios2-elf/4.1.2/../../../../nios2-elf/lib\libc.a(lib_a-puts.o)
 .debug_info    0x00003d7a      0x962 c:/altera/13.0sp1/nios2eds/bin/gnu/h-i686-mingw32/bin/../lib/gcc/nios2-elf/4.1.2/../../../../nios2-elf/lib\libc.a(lib_a-sbrkr.o)
 .debug_info    0x000046dc      0x110 c:/altera/13.0sp1/nios2eds/bin/gnu/h-i686-mingw32/bin/../lib/gcc/nios2-elf/4.1.2/../../../../nios2-elf/lib\libc.a(lib_a-strcpy.o)
 .debug_info    0x000047ec       0xdb c:/altera/13.0sp1/nios2eds/bin/gnu/h-i686-mingw32/bin/../lib/gcc/nios2-elf/4.1.2/../../../../nios2-elf/lib\libc.a(lib_a-strlen.o)
 .debug_info    0x000048c7      0xbc9 c:/altera/13.0sp1/nios2eds/bin/gnu/h-i686-mingw32/bin/../lib/gcc/nios2-elf/4.1.2/../../../../nios2-elf/lib\libc.a(lib_a-freer.o)
 .debug_info    0x00005490      0xa88 c:/altera/13.0sp1/nios2eds/bin/gnu/h-i686-mingw32/bin/../lib/gcc/nios2-elf/4.1.2/../../../../nios2-elf/lib\libc.a(lib_a-fvwrite.o)
 .debug_info    0x00005f18      0x93d c:/altera/13.0sp1/nios2eds/bin/gnu/h-i686-mingw32/bin/../lib/gcc/nios2-elf/4.1.2/../../../../nios2-elf/lib\libc.a(lib_a-impure.o)
 .debug_info    0x00006855       0x8c c:/altera/13.0sp1/nios2eds/bin/gnu/h-i686-mingw32/bin/../lib/gcc/nios2-elf/4.1.2/../../../../nios2-elf/lib\libc.a(lib_a-int_errno.o)
 .debug_info    0x000068e1      0x138 c:/altera/13.0sp1/nios2eds/bin/gnu/h-i686-mingw32/bin/../lib/gcc/nios2-elf/4.1.2/../../../../nios2-elf/lib\libc.a(lib_a-memchr.o)
 .debug_info    0x00006a19      0x106 c:/altera/13.0sp1/nios2eds/bin/gnu/h-i686-mingw32/bin/../lib/gcc/nios2-elf/4.1.2/../../../../nios2-elf/lib\libc.a(lib_a-memcpy.o)
 .debug_info    0x00006b1f      0x13e c:/altera/13.0sp1/nios2eds/bin/gnu/h-i686-mingw32/bin/../lib/gcc/nios2-elf/4.1.2/../../../../nios2-elf/lib\libc.a(lib_a-memmove.o)
 .debug_info    0x00006c5d      0x9c1 c:/altera/13.0sp1/nios2eds/bin/gnu/h-i686-mingw32/bin/../lib/gcc/nios2-elf/4.1.2/../../../../nios2-elf/lib\libc.a(lib_a-putc.o)
 .debug_info    0x0000761e      0xbd7 c:/altera/13.0sp1/nios2eds/bin/gnu/h-i686-mingw32/bin/../lib/gcc/nios2-elf/4.1.2/../../../../nios2-elf/lib\libc.a(lib_a-reallocr.o)
 .debug_info    0x000081f5      0x9ae c:/altera/13.0sp1/nios2eds/bin/gnu/h-i686-mingw32/bin/../lib/gcc/nios2-elf/4.1.2/../../../../nios2-elf/lib\libc.a(lib_a-wbuf.o)
 .debug_info    0x00008ba3      0x95d c:/altera/13.0sp1/nios2eds/bin/gnu/h-i686-mingw32/bin/../lib/gcc/nios2-elf/4.1.2/../../../../nios2-elf/lib\libc.a(lib_a-wsetup.o)
 .debug_info    0x00009500      0x9fe c:/altera/13.0sp1/nios2eds/bin/gnu/h-i686-mingw32/bin/../lib/gcc/nios2-elf/4.1.2/../../../../nios2-elf/lib\libc.a(lib_a-fflush.o)
 .debug_info    0x00009efe      0xb72 c:/altera/13.0sp1/nios2eds/bin/gnu/h-i686-mingw32/bin/../lib/gcc/nios2-elf/4.1.2/../../../../nios2-elf/lib\libc.a(lib_a-findfp.o)
 .debug_info    0x0000aa70      0xaed c:/altera/13.0sp1/nios2eds/bin/gnu/h-i686-mingw32/bin/../lib/gcc/nios2-elf/4.1.2/../../../../nios2-elf/lib\libc.a(lib_a-fwalk.o)
 .debug_info    0x0000b55d      0xb1a c:/altera/13.0sp1/nios2eds/bin/gnu/h-i686-mingw32/bin/../lib/gcc/nios2-elf/4.1.2/../../../../nios2-elf/lib\libc.a(lib_a-makebuf.o)
 .debug_info    0x0000c077      0x113 c:/altera/13.0sp1/nios2eds/bin/gnu/h-i686-mingw32/bin/../lib/gcc/nios2-elf/4.1.2/../../../../nios2-elf/lib\libc.a(lib_a-memset.o)
 .debug_info    0x0000c18a      0xaac c:/altera/13.0sp1/nios2eds/bin/gnu/h-i686-mingw32/bin/../lib/gcc/nios2-elf/4.1.2/../../../../nios2-elf/lib\libc.a(lib_a-stdio.o)
 .debug_info    0x0000cc36      0x993 c:/altera/13.0sp1/nios2eds/bin/gnu/h-i686-mingw32/bin/../lib/gcc/nios2-elf/4.1.2/../../../../nios2-elf/lib\libc.a(lib_a-writer.o)
 .debug_info    0x0000d5c9      0x958 c:/altera/13.0sp1/nios2eds/bin/gnu/h-i686-mingw32/bin/../lib/gcc/nios2-elf/4.1.2/../../../../nios2-elf/lib\libc.a(lib_a-closer.o)
 .debug_info    0x0000df21      0x994 c:/altera/13.0sp1/nios2eds/bin/gnu/h-i686-mingw32/bin/../lib/gcc/nios2-elf/4.1.2/../../../../nios2-elf/lib\libc.a(lib_a-fclose.o)
 .debug_info    0x0000e8b5      0xafc c:/altera/13.0sp1/nios2eds/bin/gnu/h-i686-mingw32/bin/../lib/gcc/nios2-elf/4.1.2/../../../../nios2-elf/lib\libc.a(lib_a-fstatr.o)
 .debug_info    0x0000f3b1      0x958 c:/altera/13.0sp1/nios2eds/bin/gnu/h-i686-mingw32/bin/../lib/gcc/nios2-elf/4.1.2/../../../../nios2-elf/lib\libc.a(lib_a-isattyr.o)
 .debug_info    0x0000fd09      0x981 c:/altera/13.0sp1/nios2eds/bin/gnu/h-i686-mingw32/bin/../lib/gcc/nios2-elf/4.1.2/../../../../nios2-elf/lib\libc.a(lib_a-lseekr.o)
 .debug_info    0x0001068a      0x98c c:/altera/13.0sp1/nios2eds/bin/gnu/h-i686-mingw32/bin/../lib/gcc/nios2-elf/4.1.2/../../../../nios2-elf/lib\libc.a(lib_a-readr.o)
 .debug_info    0x00011016      0x446 ../SD_bsp/\libhal_bsp.a(alt_close.o)
 .debug_info    0x0001145c      0x65e ../SD_bsp/\libhal_bsp.a(alt_dev.o)
 .debug_info    0x00011aba      0x143 ../SD_bsp/\libhal_bsp.a(alt_errno.o)
 .debug_info    0x00011bfd      0x3f7 ../SD_bsp/\libhal_bsp.a(alt_find_dev.o)
 .debug_info    0x00011ff4      0x63f ../SD_bsp/\libhal_bsp.a(alt_fstat.o)
 .debug_info    0x00012633      0x40e ../SD_bsp/\libhal_bsp.a(alt_irq_register.o)
 .debug_info    0x00012a41      0x146 ../SD_bsp/\libhal_bsp.a(alt_irq_vars.o)
 .debug_info    0x00012b87      0x645 ../SD_bsp/\libhal_bsp.a(alt_isatty.o)
 .debug_info    0x000131cc      0x26c ../SD_bsp/\libhal_bsp.a(alt_load.o)
 .debug_info    0x00013438      0x479 ../SD_bsp/\libhal_bsp.a(alt_lseek.o)
 .debug_info    0x000138b1      0x24b ../SD_bsp/\libhal_bsp.a(alt_main.o)
 .debug_info    0x00013afc      0xbf7 ../SD_bsp/\libhal_bsp.a(alt_malloc_lock.o)
 .debug_info    0x000146f3      0x187 ../SD_bsp/\libhal_bsp.a(alt_printf.o)
 .debug_info    0x0001487a      0xbdb ../SD_bsp/\libhal_bsp.a(alt_putchar.o)
 .debug_info    0x00015455      0x669 ../SD_bsp/\libhal_bsp.a(alt_read.o)
 .debug_info    0x00015abe      0x3d1 ../SD_bsp/\libhal_bsp.a(alt_release_fd.o)
 .debug_info    0x00015e8f      0x2dd ../SD_bsp/\libhal_bsp.a(alt_sbrk.o)
 .debug_info    0x0001616c      0x672 ../SD_bsp/\libhal_bsp.a(alt_write.o)
 .debug_info    0x000167de      0xabd ../SD_bsp/\libhal_bsp.a(alt_sys_init.o)
 .debug_info    0x0001729b      0x7b8 ../SD_bsp/\libhal_bsp.a(altera_avalon_jtag_uart_fd.o)
 .debug_info    0x00017a53      0x620 ../SD_bsp/\libhal_bsp.a(altera_avalon_jtag_uart_init.o)
 .debug_info    0x00018073      0x422 ../SD_bsp/\libhal_bsp.a(altera_avalon_jtag_uart_ioctl.o)
 .debug_info    0x00018495      0x558 ../SD_bsp/\libhal_bsp.a(altera_avalon_jtag_uart_read.o)
 .debug_info    0x000189ed      0x550 ../SD_bsp/\libhal_bsp.a(altera_avalon_jtag_uart_write.o)
 .debug_info    0x00018f3d      0x671 ../SD_bsp/\libhal_bsp.a(altera_up_avalon_video_character_buffer_with_dma.o)
 .debug_info    0x000195ae      0xe5d ../SD_bsp/\libhal_bsp.a(altera_up_avalon_video_pixel_buffer_dma.o)
 .debug_info    0x0001a40b      0x454 ../SD_bsp/\libhal_bsp.a(alt_alarm_start.o)
 .debug_info    0x0001a85f      0x13b ../SD_bsp/\libhal_bsp.a(alt_dcache_flush_all.o)
 .debug_info    0x0001a99a      0x296 ../SD_bsp/\libhal_bsp.a(alt_dev_llist_insert.o)
 .debug_info    0x0001ac30       0xee ../SD_bsp/\libhal_bsp.a(alt_do_ctors.o)
 .debug_info    0x0001ad1e       0xed ../SD_bsp/\libhal_bsp.a(alt_do_dtors.o)
 .debug_info    0x0001ae0b      0x13b ../SD_bsp/\libhal_bsp.a(alt_icache_flush_all.o)
 .debug_info    0x0001af46      0x674 ../SD_bsp/\libhal_bsp.a(alt_io_redirect.o)
 .debug_info    0x0001b5ba       0x63 ../SD_bsp/\libhal_bsp.a(alt_irq_entry.o)
 .debug_info    0x0001b61d      0x291 ../SD_bsp/\libhal_bsp.a(alt_irq_handler.o)
 .debug_info    0x0001b8ae      0x504 ../SD_bsp/\libhal_bsp.a(alt_open.o)
 .debug_info    0x0001bdb2      0x410 ../SD_bsp/\libhal_bsp.a(alt_tick.o)
 .debug_info    0x0001c1c2      0x189 ../SD_bsp/\libhal_bsp.a(altera_nios2_qsys_irq.o)
 .debug_info    0x0001c34b       0x69 ../SD_bsp/\libhal_bsp.a(alt_exception_entry.o)
 .debug_info    0x0001c3b4      0x3fe ../SD_bsp/\libhal_bsp.a(alt_find_file.o)
 .debug_info    0x0001c7b2      0x43f ../SD_bsp/\libhal_bsp.a(alt_get_fd.o)
 .debug_info    0x0001cbf1      0x183 ../SD_bsp/\libhal_bsp.a(alt_icache_flush.o)
 .debug_info    0x0001cd74      0x181 c:/altera/13.0sp1/nios2eds/bin/gnu/h-i686-mingw32/bin/../lib/gcc/nios2-elf/4.1.2/../../../../nios2-elf/lib\libc.a(lib_a-atexit.o)
 .debug_info    0x0001cef5      0x93f c:/altera/13.0sp1/nios2eds/bin/gnu/h-i686-mingw32/bin/../lib/gcc/nios2-elf/4.1.2/../../../../nios2-elf/lib\libc.a(lib_a-exit.o)
 .debug_info    0x0001d834      0x115 c:/altera/13.0sp1/nios2eds/bin/gnu/h-i686-mingw32/bin/../lib/gcc/nios2-elf/4.1.2/../../../../nios2-elf/lib\libc.a(lib_a-memcmp.o)
 .debug_info    0x0001d949       0xdd c:/altera/13.0sp1/nios2eds/bin/gnu/h-i686-mingw32/bin/../lib/gcc/nios2-elf/4.1.2/../../../../nios2-elf/lib\libc.a(lib_a-strcmp.o)
 .debug_info    0x0001da26      0x99c c:/altera/13.0sp1/nios2eds/bin/gnu/h-i686-mingw32/bin/../lib/gcc/nios2-elf/4.1.2/../../../../nios2-elf/lib\libc.a(lib_a-__atexit.o)
 .debug_info    0x0001e3c2      0x9e2 c:/altera/13.0sp1/nios2eds/bin/gnu/h-i686-mingw32/bin/../lib/gcc/nios2-elf/4.1.2/../../../../nios2-elf/lib\libc.a(lib_a-__call_atexit.o)